;/////////////////////////////////////////////////////////////////////////////////
;// Code Generator: BoostC Compiler - http://www.sourceboost.com
;// Version       : 7.20
;// License Type  : Pro License
;// Limitations   : PIC18 max code size:Unlimited, max RAM banks:Unlimited
;/////////////////////////////////////////////////////////////////////////////////

	ORG 0x00000000
0000  EF0CF009  	GOTO	_startup
	ORG 0x00000008
0008  EF46F009  	GOTO	interrupt
	ORG 0x0000000C
000C            delay_ms_00000
000C            ; { delay_ms ; function begin
000C  5244      	MOVF delay_ms_00000_arg_del, F
000E  0000      	NOP
0010  E101      	BNZ	label1
0012  0012      	RETURN
0014            label1
0014  0EF5      	MOVLW 0xF5
0016            label2
0016  0000      	NOP
0018  0000      	NOP
001A  0000      	NOP
001C  0000      	NOP
001E  0000      	NOP
0020  0000      	NOP
0022  0000      	NOP
0024  0000      	NOP
0026  0000      	NOP
0028  0000      	NOP
002A  0000      	NOP
002C  0000      	NOP
002E  0000      	NOP
0030  0000      	NOP
0032  0000      	NOP
0034  0000      	NOP
0036  0FFF      	ADDLW 0xFF
0038  A4D8      	BTFSS STATUS,Z
003A  D7ED      	BRA	label2
003C  0000      	NOP
003E  0000      	NOP
0040  0000      	NOP
0042  0000      	NOP
0044  0000      	NOP
0046  0000      	NOP
0048  0000      	NOP
004A  0000      	NOP
004C  0000      	NOP
004E  0000      	NOP
0050  0000      	NOP
0052  0000      	NOP
0054  0000      	NOP
0056  2E44      	DECFSZ delay_ms_00000_arg_del, F
0058  D7DD      	BRA	label1
005A  0012      	RETURN
005C            ; } delay_ms function end

	ORG 0x0000005C
005C            delay_us_00000
005C            ; { delay_us ; function begin
005C            label3
005C  0000      	NOP
005E  0000      	NOP
0060  2E43      	DECFSZ delay_us_00000_arg_del, F
0062  D7FC      	BRA	label3
0064  0012      	RETURN
0066            ; } delay_us function end

	ORG 0x00000066
0066            delay_s_00000
0066            ; { delay_s ; function begin
0066            label4
0066  0EFA      	MOVLW 0xFA
0068  6E44      	MOVWF delay_ms_00000_arg_del
006A  EC06F000  	CALL delay_ms_00000
006E  0EFA      	MOVLW 0xFA
0070  6E44      	MOVWF delay_ms_00000_arg_del
0072  EC06F000  	CALL delay_ms_00000
0076  0EFA      	MOVLW 0xFA
0078  6E44      	MOVWF delay_ms_00000_arg_del
007A  EC06F000  	CALL delay_ms_00000
007E  0EFA      	MOVLW 0xFA
0080  6E44      	MOVWF delay_ms_00000_arg_del
0082  EC06F000  	CALL delay_ms_00000
0086  2E43      	DECFSZ delay_s_00000_arg_del, F
0088  D7EE      	BRA	label4
008A  0012      	RETURN
008C            ; } delay_s function end

	ORG 0x0000008C
008C            FC_CAL_UAR_00073
008C            ; { FC_CAL_UART_Send_1 ; function begin
008C            label5
008C  0E10      	MOVLW 0x10
008E  149E      	ANDWF gbl_pir1, W
0090  6E4F      	MOVWF CompTempVar2701
0092  524F      	MOVF CompTempVar2701, F
0094  E0FB      	BZ	label5
0096  504D      	MOVF FC_CAL_UAR_00073_arg_nChar, W
0098  6EAD      	MOVWF gbl_txreg
009A  0012      	RETURN
009C            ; } FC_CAL_UART_Send_1 function end

	ORG 0x0000009C
009C            FC_CAL_UAR_00072
009C            ; { FC_CAL_UART_Receive_1 ; function begin
009C  684E      	SETF FC_CAL_UAR_00072_1_retVal
009E  6A4F      	CLRF FC_CAL_UAR_00072_1_delay1
00A0  6A50      	CLRF FC_CAL_UAR_00072_1_regcheck
00A2  6A51      	CLRF FC_CAL_UAR_00072_1_bWaitForever
00A4  6A52      	CLRF FC_CAL_UAR_00072_1_rxStatus
00A6  6A55      	CLRF FC_CAL_UAR_00072_1_dummy
00A8  284D      	INCF FC_CAL_UAR_00072_arg_nTimeout, W
00AA  E102      	BNZ	label6
00AC  0E01      	MOVLW 0x01
00AE  6E51      	MOVWF FC_CAL_UAR_00072_1_bWaitForever
00B0            label6
00B0  5252      	MOVF FC_CAL_UAR_00072_1_rxStatus, F
00B2  E124      	BNZ	label11
00B4  5251      	MOVF FC_CAL_UAR_00072_1_bWaitForever, F
00B6  E118      	BNZ	label10
00B8  524D      	MOVF FC_CAL_UAR_00072_arg_nTimeout, F
00BA  E103      	BNZ	label7
00BC  0E01      	MOVLW 0x01
00BE  6E52      	MOVWF FC_CAL_UAR_00072_1_rxStatus
00C0  D013      	BRA	label10
00C2            label7
00C2  6A53      	CLRF FC_CAL_UAR_00072_1_delaycnt
00C4  6A54      	CLRF FC_CAL_UAR_00072_1_delaycnt+D'1'
00C6            label8
00C6  0E31      	MOVLW 0x31
00C8  5C53      	SUBWF FC_CAL_UAR_00072_1_delaycnt, W
00CA  E205      	BC	label9
00CC  6654      	TSTFSZ FC_CAL_UAR_00072_1_delaycnt+D'1'
00CE  D003      	BRA	label9
00D0  4A53      	INFSNZ FC_CAL_UAR_00072_1_delaycnt, F
00D2  2A54      	INCF FC_CAL_UAR_00072_1_delaycnt+D'1', F
00D4  D7F8      	BRA	label8
00D6            label9
00D6  284F      	INCF FC_CAL_UAR_00072_1_delay1, W
00D8  6E4F      	MOVWF FC_CAL_UAR_00072_1_delay1
00DA  0E64      	MOVLW 0x64
00DC  624F      	CPFSEQ FC_CAL_UAR_00072_1_delay1
00DE  D004      	BRA	label10
00E0  044D      	DECF FC_CAL_UAR_00072_arg_nTimeout, W
00E2  6E4D      	MOVWF FC_CAL_UAR_00072_arg_nTimeout
00E4  0004      	CLRWDT
00E6  6A4F      	CLRF FC_CAL_UAR_00072_1_delay1
00E8            label10
00E8  0E20      	MOVLW 0x20
00EA  149E      	ANDWF gbl_pir1, W
00EC  6E56      	MOVWF CompTempVar2698
00EE  5056      	MOVF CompTempVar2698, W
00F0  6E50      	MOVWF FC_CAL_UAR_00072_1_regcheck
00F2  5250      	MOVF FC_CAL_UAR_00072_1_regcheck, F
00F4  E0DD      	BZ	label6
00F6  0E02      	MOVLW 0x02
00F8  6E52      	MOVWF FC_CAL_UAR_00072_1_rxStatus
00FA  D7DA      	BRA	label6
00FC            label11
00FC  0E02      	MOVLW 0x02
00FE  6252      	CPFSEQ FC_CAL_UAR_00072_1_rxStatus
0100  D018      	BRA	label14
0102  0E04      	MOVLW 0x04
0104  14AB      	ANDWF gbl_rcsta, W
0106  6E56      	MOVWF CompTempVar2699
0108  5056      	MOVF CompTempVar2699, W
010A  6E50      	MOVWF FC_CAL_UAR_00072_1_regcheck
010C  5250      	MOVF FC_CAL_UAR_00072_1_regcheck, F
010E  E003      	BZ	label12
0110  50AE      	MOVF gbl_rcreg, W
0112  6E55      	MOVWF FC_CAL_UAR_00072_1_dummy
0114  D00E      	BRA	label14
0116            label12
0116  0E02      	MOVLW 0x02
0118  14AB      	ANDWF gbl_rcsta, W
011A  6E56      	MOVWF CompTempVar2700
011C  5056      	MOVF CompTempVar2700, W
011E  6E50      	MOVWF FC_CAL_UAR_00072_1_regcheck
0120  5250      	MOVF FC_CAL_UAR_00072_1_regcheck, F
0122  E003      	BZ	label13
0124  98AB      	BCF gbl_rcsta,4
0126  88AB      	BSF gbl_rcsta,4
0128  D004      	BRA	label14
012A            label13
012A  6A4E      	CLRF FC_CAL_UAR_00072_1_retVal
012C  50AE      	MOVF gbl_rcreg, W
012E  104E      	IORWF FC_CAL_UAR_00072_1_retVal, W
0130  6E4E      	MOVWF FC_CAL_UAR_00072_1_retVal
0132            label14
0132  504E      	MOVF FC_CAL_UAR_00072_1_retVal, W
0134  6E56      	MOVWF CompTempVarRet2697
0136  6A57      	CLRF CompTempVarRet2697+D'1'
0138  0012      	RETURN
013A            ; } FC_CAL_UART_Receive_1 function end

	ORG 0x0000013A
013A            FC_CAL_UAR_00071
013A            ; { FC_CAL_UART_Uninit_1 ; function begin
013A  6AAB      	CLRF gbl_rcsta
013C  6AAC      	CLRF gbl_txsta
013E  0012      	RETURN
0140            ; } FC_CAL_UART_Uninit_1 function end

	ORG 0x00000140
0140            FC_CAL_UAR_00074
0140            ; { FC_CAL_UART_Init_1 ; function begin
0140  84AC      	BSF gbl_txsta,2
0142  0E7F      	MOVLW 0x7F
0144  6EAF      	MOVWF gbl_spbrg
0146  6AAB      	CLRF gbl_rcsta
0148  8EAB      	BSF gbl_rcsta,7
014A  8AAC      	BSF gbl_txsta,5
014C  88AB      	BSF gbl_rcsta,4
014E  9A9D      	BCF gbl_pie1,5
0150  0012      	RETURN
0152            ; } FC_CAL_UART_Init_1 function end

	ORG 0x00000152
0152            FC_CAL_UAR_00070
0152            ; { FC_CAL_UART_UpdateBaud_1 ; function begin
0152  0E07      	MOVLW 0x07
0154  6443      	CPFSGT FC_CAL_UAR_00070_arg_new_baud
0156  D001      	BRA	label15
0158  0012      	RETURN
015A            label15
015A  5243      	MOVF FC_CAL_UAR_00070_arg_new_baud, F
015C  E104      	BNZ	label16
015E  6844      	SETF FC_CAL_UAR_00070_1_baudrate
0160  0E01      	MOVLW 0x01
0162  6E45      	MOVWF FC_CAL_UAR_00070_1_baudmode
0164  D02F      	BRA	label23
0166            label16
0166  0443      	DECF FC_CAL_UAR_00070_arg_new_baud, W
0168  E105      	BNZ	label17
016A  0E7F      	MOVLW 0x7F
016C  6E44      	MOVWF FC_CAL_UAR_00070_1_baudrate
016E  0E01      	MOVLW 0x01
0170  6E45      	MOVWF FC_CAL_UAR_00070_1_baudmode
0172  D028      	BRA	label23
0174            label17
0174  0E02      	MOVLW 0x02
0176  6243      	CPFSEQ FC_CAL_UAR_00070_arg_new_baud
0178  D003      	BRA	label18
017A  6844      	SETF FC_CAL_UAR_00070_1_baudrate
017C  6A45      	CLRF FC_CAL_UAR_00070_1_baudmode
017E  D022      	BRA	label23
0180            label18
0180  0E03      	MOVLW 0x03
0182  6243      	CPFSEQ FC_CAL_UAR_00070_arg_new_baud
0184  D004      	BRA	label19
0186  0E7F      	MOVLW 0x7F
0188  6E44      	MOVWF FC_CAL_UAR_00070_1_baudrate
018A  6A45      	CLRF FC_CAL_UAR_00070_1_baudmode
018C  D01B      	BRA	label23
018E            label19
018E  0E04      	MOVLW 0x04
0190  6243      	CPFSEQ FC_CAL_UAR_00070_arg_new_baud
0192  D004      	BRA	label20
0194  0E3F      	MOVLW 0x3F
0196  6E44      	MOVWF FC_CAL_UAR_00070_1_baudrate
0198  6A45      	CLRF FC_CAL_UAR_00070_1_baudmode
019A  D014      	BRA	label23
019C            label20
019C  0E05      	MOVLW 0x05
019E  6243      	CPFSEQ FC_CAL_UAR_00070_arg_new_baud
01A0  D004      	BRA	label21
01A2  0E1F      	MOVLW 0x1F
01A4  6E44      	MOVWF FC_CAL_UAR_00070_1_baudrate
01A6  6A45      	CLRF FC_CAL_UAR_00070_1_baudmode
01A8  D00D      	BRA	label23
01AA            label21
01AA  0E06      	MOVLW 0x06
01AC  6243      	CPFSEQ FC_CAL_UAR_00070_arg_new_baud
01AE  D004      	BRA	label22
01B0  0E14      	MOVLW 0x14
01B2  6E44      	MOVWF FC_CAL_UAR_00070_1_baudrate
01B4  6A45      	CLRF FC_CAL_UAR_00070_1_baudmode
01B6  D006      	BRA	label23
01B8            label22
01B8  0E07      	MOVLW 0x07
01BA  6243      	CPFSEQ FC_CAL_UAR_00070_arg_new_baud
01BC  D003      	BRA	label23
01BE  0E0A      	MOVLW 0x0A
01C0  6E44      	MOVWF FC_CAL_UAR_00070_1_baudrate
01C2  6A45      	CLRF FC_CAL_UAR_00070_1_baudmode
01C4            label23
01C4  EC9DF000  	CALL FC_CAL_UAR_00071
01C8  0445      	DECF FC_CAL_UAR_00070_1_baudmode, W
01CA  E102      	BNZ	label24
01CC  94AC      	BCF gbl_txsta,2
01CE  D001      	BRA	label25
01D0            label24
01D0  84AC      	BSF gbl_txsta,2
01D2            label25
01D2  5044      	MOVF FC_CAL_UAR_00070_1_baudrate, W
01D4  6EAF      	MOVWF gbl_spbrg
01D6  6AAB      	CLRF gbl_rcsta
01D8  8EAB      	BSF gbl_rcsta,7
01DA  8AAC      	BSF gbl_txsta,5
01DC  88AB      	BSF gbl_rcsta,4
01DE  9A9D      	BCF gbl_pie1,5
01E0  0012      	RETURN
01E2            ; } FC_CAL_UART_UpdateBaud_1 function end

	ORG 0x000001E2
01E2            FC_CAL_Por_00042
01E2            ; { FC_CAL_Port_In_DDR__x ; function begin
01E2  5046      	MOVF FC_CAL_Por_00042_arg_Tris+D'1', W
01E4  6EEA      	MOVWF FSR0H
01E6  5045      	MOVF FC_CAL_Por_00042_arg_Tris, W
01E8  6EE9      	MOVWF FSR0L
01EA  5047      	MOVF FC_CAL_Por_00042_arg_InMask, W
01EC  10EF      	IORWF INDF0, W
01EE  6E49      	MOVWF CompTempVar1825
01F0  5049      	MOVF CompTempVar1825, W
01F2  6EEF      	MOVWF INDF0
01F4  5044      	MOVF FC_CAL_Por_00042_arg_Port+D'1', W
01F6  6EEA      	MOVWF FSR0H
01F8  5043      	MOVF FC_CAL_Por_00042_arg_Port, W
01FA  6EE9      	MOVWF FSR0L
01FC  5047      	MOVF FC_CAL_Por_00042_arg_InMask, W
01FE  14EF      	ANDWF INDF0, W
0200  6E49      	MOVWF CompTempVarRet1822
0202  5048      	MOVF FC_CAL_Por_00042_arg_Shift, W
0204  6E4A      	MOVWF CompTempVar1827
0206            label26
0206  B4D8      	BTFSC STATUS,Z
0208  0012      	RETURN
020A  90D8      	BCF STATUS,C
020C  3249      	RRCF CompTempVarRet1822, F
020E  064A      	DECF CompTempVar1827, F
0210  D7FA      	BRA	label26
0212            ; } FC_CAL_Port_In_DDR__x function end

	ORG 0x00000212
0212            FCD_0f051__00068
0212            ; { FCD_0f051_gLCD_EB076_4D1__DrawLine ; function begin
0212  6A47      	CLRF FCD_0f051__00068_1_FCL_D1
0214  6A48      	CLRF FCD_0f051__00068_1_FCL_D1+D'1'
0216  0E01      	MOVLW 0x01
0218  6E49      	MOVWF FCD_0f051__00068_1_FCL_YINC
021A  6A4A      	CLRF FCD_0f051__00068_1_FCL_YINC+D'1'
021C  0E01      	MOVLW 0x01
021E  6E4B      	MOVWF FCD_0f051__00068_1_FCL_XINC
0220  6A4C      	CLRF FCD_0f051__00068_1_FCL_XINC+D'1'
0222  0E4C      	MOVLW 0x4C
0224  6E4D      	MOVWF FC_CAL_UAR_00073_arg_nChar
0226  6A4E      	CLRF FC_CAL_UAR_00073_arg_nChar+D'1'
0228  EC46F000  	CALL FC_CAL_UAR_00073
022C  5040      	MOVF FCD_0f051__00068_arg_FCL_X1+D'1', W
022E  6E4D      	MOVWF FC_CAL_UAR_00073_arg_nChar
0230  6A4E      	CLRF FC_CAL_UAR_00073_arg_nChar+D'1'
0232  EC46F000  	CALL FC_CAL_UAR_00073
0236  503F      	MOVF FCD_0f051__00068_arg_FCL_X1, W
0238  6E4D      	MOVWF FC_CAL_UAR_00073_arg_nChar
023A  5040      	MOVF FCD_0f051__00068_arg_FCL_X1+D'1', W
023C  6E4E      	MOVWF FC_CAL_UAR_00073_arg_nChar+D'1'
023E  EC46F000  	CALL FC_CAL_UAR_00073
0242  5042      	MOVF FCD_0f051__00068_arg_FCL_Y1+D'1', W
0244  6E4D      	MOVWF FC_CAL_UAR_00073_arg_nChar
0246  6A4E      	CLRF FC_CAL_UAR_00073_arg_nChar+D'1'
0248  EC46F000  	CALL FC_CAL_UAR_00073
024C  5041      	MOVF FCD_0f051__00068_arg_FCL_Y1, W
024E  6E4D      	MOVWF FC_CAL_UAR_00073_arg_nChar
0250  5042      	MOVF FCD_0f051__00068_arg_FCL_Y1+D'1', W
0252  6E4E      	MOVWF FC_CAL_UAR_00073_arg_nChar+D'1'
0254  EC46F000  	CALL FC_CAL_UAR_00073
0258  5044      	MOVF FCD_0f051__00068_arg_FCL_X2+D'1', W
025A  6E4D      	MOVWF FC_CAL_UAR_00073_arg_nChar
025C  6A4E      	CLRF FC_CAL_UAR_00073_arg_nChar+D'1'
025E  EC46F000  	CALL FC_CAL_UAR_00073
0262  5043      	MOVF FCD_0f051__00068_arg_FCL_X2, W
0264  6E4D      	MOVWF FC_CAL_UAR_00073_arg_nChar
0266  5044      	MOVF FCD_0f051__00068_arg_FCL_X2+D'1', W
0268  6E4E      	MOVWF FC_CAL_UAR_00073_arg_nChar+D'1'
026A  EC46F000  	CALL FC_CAL_UAR_00073
026E  5046      	MOVF FCD_0f051__00068_arg_FCL_Y2+D'1', W
0270  6E4D      	MOVWF FC_CAL_UAR_00073_arg_nChar
0272  6A4E      	CLRF FC_CAL_UAR_00073_arg_nChar+D'1'
0274  EC46F000  	CALL FC_CAL_UAR_00073
0278  5045      	MOVF FCD_0f051__00068_arg_FCL_Y2, W
027A  6E4D      	MOVWF FC_CAL_UAR_00073_arg_nChar
027C  5046      	MOVF FCD_0f051__00068_arg_FCL_Y2+D'1', W
027E  6E4E      	MOVWF FC_CAL_UAR_00073_arg_nChar+D'1'
0280  EC46F000  	CALL FC_CAL_UAR_00073
0284  5026      	MOVF gbl_FCV_0f051_gLCD_EB076_4_0000D+D'1', W
0286  6E4D      	MOVWF FC_CAL_UAR_00073_arg_nChar
0288  6A4E      	CLRF FC_CAL_UAR_00073_arg_nChar+D'1'
028A  EC46F000  	CALL FC_CAL_UAR_00073
028E  5025      	MOVF gbl_FCV_0f051_gLCD_EB076_4_0000D, W
0290  6E4D      	MOVWF FC_CAL_UAR_00073_arg_nChar
0292  5026      	MOVF gbl_FCV_0f051_gLCD_EB076_4_0000D+D'1', W
0294  6E4E      	MOVWF FC_CAL_UAR_00073_arg_nChar+D'1'
0296  EC46F000  	CALL FC_CAL_UAR_00073
029A  684D      	SETF FC_CAL_UAR_00072_arg_nTimeout
029C  EC4EF000  	CALL FC_CAL_UAR_00072
02A0  0012      	RETURN
02A2            ; } FCD_0f051_gLCD_EB076_4D1__DrawLine function end

	ORG 0x000002A2
02A2            FCD_0f051__00062
02A2            ; { FCD_0f051_gLCD_EB076_4D1__ClearDisplay ; function begin
02A2  6A43      	CLRF FCD_0f051__00062_1_FCL_Y
02A4  6A44      	CLRF FCD_0f051__00062_1_FCL_Y+D'1'
02A6  6A45      	CLRF FCD_0f051__00062_1_FCL_X
02A8  6A46      	CLRF FCD_0f051__00062_1_FCL_X+D'1'
02AA  0E42      	MOVLW 0x42
02AC  6E4D      	MOVWF FC_CAL_UAR_00073_arg_nChar
02AE  6A4E      	CLRF FC_CAL_UAR_00073_arg_nChar+D'1'
02B0  EC46F000  	CALL FC_CAL_UAR_00073
02B4  5024      	MOVF gbl_FCV_0f051_gLCD_EB076_4_0000C+D'1', W
02B6  6E4D      	MOVWF FC_CAL_UAR_00073_arg_nChar
02B8  6A4E      	CLRF FC_CAL_UAR_00073_arg_nChar+D'1'
02BA  EC46F000  	CALL FC_CAL_UAR_00073
02BE  5023      	MOVF gbl_FCV_0f051_gLCD_EB076_4_0000C, W
02C0  6E4D      	MOVWF FC_CAL_UAR_00073_arg_nChar
02C2  5024      	MOVF gbl_FCV_0f051_gLCD_EB076_4_0000C+D'1', W
02C4  6E4E      	MOVWF FC_CAL_UAR_00073_arg_nChar+D'1'
02C6  EC46F000  	CALL FC_CAL_UAR_00073
02CA  684D      	SETF FC_CAL_UAR_00072_arg_nTimeout
02CC  EC4EF000  	CALL FC_CAL_UAR_00072
02D0  0E45      	MOVLW 0x45
02D2  6E4D      	MOVWF FC_CAL_UAR_00073_arg_nChar
02D4  6A4E      	CLRF FC_CAL_UAR_00073_arg_nChar+D'1'
02D6  EC46F000  	CALL FC_CAL_UAR_00073
02DA  684D      	SETF FC_CAL_UAR_00072_arg_nTimeout
02DC  EC4EF000  	CALL FC_CAL_UAR_00072
02E0  0012      	RETURN
02E2            ; } FCD_0f051_gLCD_EB076_4D1__ClearDisplay function end

	ORG 0x000002E2
02E2            FCM_lignes_00064
02E2            ; { FCM_lignesV ; function begin
02E2  0E18      	MOVLW 0x18
02E4  6E3F      	MOVWF FCD_0f051__00068_arg_FCL_X1
02E6  6A40      	CLRF FCD_0f051__00068_arg_FCL_X1+D'1'
02E8  6A41      	CLRF FCD_0f051__00068_arg_FCL_Y1
02EA  6A42      	CLRF FCD_0f051__00068_arg_FCL_Y1+D'1'
02EC  0E18      	MOVLW 0x18
02EE  6E43      	MOVWF FCD_0f051__00068_arg_FCL_X2
02F0  6A44      	CLRF FCD_0f051__00068_arg_FCL_X2+D'1'
02F2  0EF0      	MOVLW 0xF0
02F4  6E45      	MOVWF FCD_0f051__00068_arg_FCL_Y2
02F6  6A46      	CLRF FCD_0f051__00068_arg_FCL_Y2+D'1'
02F8  EC09F001  	CALL FCD_0f051__00068
02FC  0E30      	MOVLW 0x30
02FE  6E3F      	MOVWF FCD_0f051__00068_arg_FCL_X1
0300  6A40      	CLRF FCD_0f051__00068_arg_FCL_X1+D'1'
0302  6A41      	CLRF FCD_0f051__00068_arg_FCL_Y1
0304  6A42      	CLRF FCD_0f051__00068_arg_FCL_Y1+D'1'
0306  0E30      	MOVLW 0x30
0308  6E43      	MOVWF FCD_0f051__00068_arg_FCL_X2
030A  6A44      	CLRF FCD_0f051__00068_arg_FCL_X2+D'1'
030C  0EF0      	MOVLW 0xF0
030E  6E45      	MOVWF FCD_0f051__00068_arg_FCL_Y2
0310  6A46      	CLRF FCD_0f051__00068_arg_FCL_Y2+D'1'
0312  EC09F001  	CALL FCD_0f051__00068
0316  0E48      	MOVLW 0x48
0318  6E3F      	MOVWF FCD_0f051__00068_arg_FCL_X1
031A  6A40      	CLRF FCD_0f051__00068_arg_FCL_X1+D'1'
031C  6A41      	CLRF FCD_0f051__00068_arg_FCL_Y1
031E  6A42      	CLRF FCD_0f051__00068_arg_FCL_Y1+D'1'
0320  0E48      	MOVLW 0x48
0322  6E43      	MOVWF FCD_0f051__00068_arg_FCL_X2
0324  6A44      	CLRF FCD_0f051__00068_arg_FCL_X2+D'1'
0326  0EF0      	MOVLW 0xF0
0328  6E45      	MOVWF FCD_0f051__00068_arg_FCL_Y2
032A  6A46      	CLRF FCD_0f051__00068_arg_FCL_Y2+D'1'
032C  EC09F001  	CALL FCD_0f051__00068
0330  0E60      	MOVLW 0x60
0332  6E3F      	MOVWF FCD_0f051__00068_arg_FCL_X1
0334  6A40      	CLRF FCD_0f051__00068_arg_FCL_X1+D'1'
0336  6A41      	CLRF FCD_0f051__00068_arg_FCL_Y1
0338  6A42      	CLRF FCD_0f051__00068_arg_FCL_Y1+D'1'
033A  0E60      	MOVLW 0x60
033C  6E43      	MOVWF FCD_0f051__00068_arg_FCL_X2
033E  6A44      	CLRF FCD_0f051__00068_arg_FCL_X2+D'1'
0340  0EF0      	MOVLW 0xF0
0342  6E45      	MOVWF FCD_0f051__00068_arg_FCL_Y2
0344  6A46      	CLRF FCD_0f051__00068_arg_FCL_Y2+D'1'
0346  EC09F001  	CALL FCD_0f051__00068
034A  0E78      	MOVLW 0x78
034C  6E3F      	MOVWF FCD_0f051__00068_arg_FCL_X1
034E  6A40      	CLRF FCD_0f051__00068_arg_FCL_X1+D'1'
0350  6A41      	CLRF FCD_0f051__00068_arg_FCL_Y1
0352  6A42      	CLRF FCD_0f051__00068_arg_FCL_Y1+D'1'
0354  0E78      	MOVLW 0x78
0356  6E43      	MOVWF FCD_0f051__00068_arg_FCL_X2
0358  6A44      	CLRF FCD_0f051__00068_arg_FCL_X2+D'1'
035A  0EF0      	MOVLW 0xF0
035C  6E45      	MOVWF FCD_0f051__00068_arg_FCL_Y2
035E  6A46      	CLRF FCD_0f051__00068_arg_FCL_Y2+D'1'
0360  EC09F001  	CALL FCD_0f051__00068
0364  0E90      	MOVLW 0x90
0366  6E3F      	MOVWF FCD_0f051__00068_arg_FCL_X1
0368  6A40      	CLRF FCD_0f051__00068_arg_FCL_X1+D'1'
036A  6A41      	CLRF FCD_0f051__00068_arg_FCL_Y1
036C  6A42      	CLRF FCD_0f051__00068_arg_FCL_Y1+D'1'
036E  0E90      	MOVLW 0x90
0370  6E43      	MOVWF FCD_0f051__00068_arg_FCL_X2
0372  6A44      	CLRF FCD_0f051__00068_arg_FCL_X2+D'1'
0374  0EF0      	MOVLW 0xF0
0376  6E45      	MOVWF FCD_0f051__00068_arg_FCL_Y2
0378  6A46      	CLRF FCD_0f051__00068_arg_FCL_Y2+D'1'
037A  EC09F001  	CALL FCD_0f051__00068
037E  0EA8      	MOVLW 0xA8
0380  6E3F      	MOVWF FCD_0f051__00068_arg_FCL_X1
0382  6A40      	CLRF FCD_0f051__00068_arg_FCL_X1+D'1'
0384  6A41      	CLRF FCD_0f051__00068_arg_FCL_Y1
0386  6A42      	CLRF FCD_0f051__00068_arg_FCL_Y1+D'1'
0388  0EA8      	MOVLW 0xA8
038A  6E43      	MOVWF FCD_0f051__00068_arg_FCL_X2
038C  6A44      	CLRF FCD_0f051__00068_arg_FCL_X2+D'1'
038E  0EF0      	MOVLW 0xF0
0390  6E45      	MOVWF FCD_0f051__00068_arg_FCL_Y2
0392  6A46      	CLRF FCD_0f051__00068_arg_FCL_Y2+D'1'
0394  EC09F001  	CALL FCD_0f051__00068
0398  0EC0      	MOVLW 0xC0
039A  6E3F      	MOVWF FCD_0f051__00068_arg_FCL_X1
039C  6A40      	CLRF FCD_0f051__00068_arg_FCL_X1+D'1'
039E  6A41      	CLRF FCD_0f051__00068_arg_FCL_Y1
03A0  6A42      	CLRF FCD_0f051__00068_arg_FCL_Y1+D'1'
03A2  0EC0      	MOVLW 0xC0
03A4  6E43      	MOVWF FCD_0f051__00068_arg_FCL_X2
03A6  6A44      	CLRF FCD_0f051__00068_arg_FCL_X2+D'1'
03A8  0EF0      	MOVLW 0xF0
03AA  6E45      	MOVWF FCD_0f051__00068_arg_FCL_Y2
03AC  6A46      	CLRF FCD_0f051__00068_arg_FCL_Y2+D'1'
03AE  EC09F001  	CALL FCD_0f051__00068
03B2  0ED8      	MOVLW 0xD8
03B4  6E3F      	MOVWF FCD_0f051__00068_arg_FCL_X1
03B6  6A40      	CLRF FCD_0f051__00068_arg_FCL_X1+D'1'
03B8  6A41      	CLRF FCD_0f051__00068_arg_FCL_Y1
03BA  6A42      	CLRF FCD_0f051__00068_arg_FCL_Y1+D'1'
03BC  0ED8      	MOVLW 0xD8
03BE  6E43      	MOVWF FCD_0f051__00068_arg_FCL_X2
03C0  6A44      	CLRF FCD_0f051__00068_arg_FCL_X2+D'1'
03C2  0EF0      	MOVLW 0xF0
03C4  6E45      	MOVWF FCD_0f051__00068_arg_FCL_Y2
03C6  6A46      	CLRF FCD_0f051__00068_arg_FCL_Y2+D'1'
03C8  EC09F001  	CALL FCD_0f051__00068
03CC  0EF0      	MOVLW 0xF0
03CE  6E3F      	MOVWF FCD_0f051__00068_arg_FCL_X1
03D0  6A40      	CLRF FCD_0f051__00068_arg_FCL_X1+D'1'
03D2  6A41      	CLRF FCD_0f051__00068_arg_FCL_Y1
03D4  6A42      	CLRF FCD_0f051__00068_arg_FCL_Y1+D'1'
03D6  0EF0      	MOVLW 0xF0
03D8  6E43      	MOVWF FCD_0f051__00068_arg_FCL_X2
03DA  6A44      	CLRF FCD_0f051__00068_arg_FCL_X2+D'1'
03DC  0EF0      	MOVLW 0xF0
03DE  6E45      	MOVWF FCD_0f051__00068_arg_FCL_Y2
03E0  6A46      	CLRF FCD_0f051__00068_arg_FCL_Y2+D'1'
03E2  EC09F001  	CALL FCD_0f051__00068
03E6  0012      	RETURN
03E8            ; } FCM_lignesV function end

	ORG 0x000003E8
03E8            FCM_lignes_00063
03E8            ; { FCM_lignesH ; function begin
03E8  6A3F      	CLRF FCD_0f051__00068_arg_FCL_X1
03EA  6A40      	CLRF FCD_0f051__00068_arg_FCL_X1+D'1'
03EC  0E18      	MOVLW 0x18
03EE  6E41      	MOVWF FCD_0f051__00068_arg_FCL_Y1
03F0  6A42      	CLRF FCD_0f051__00068_arg_FCL_Y1+D'1'
03F2  0EF0      	MOVLW 0xF0
03F4  6E43      	MOVWF FCD_0f051__00068_arg_FCL_X2
03F6  6A44      	CLRF FCD_0f051__00068_arg_FCL_X2+D'1'
03F8  0E18      	MOVLW 0x18
03FA  6E45      	MOVWF FCD_0f051__00068_arg_FCL_Y2
03FC  6A46      	CLRF FCD_0f051__00068_arg_FCL_Y2+D'1'
03FE  EC09F001  	CALL FCD_0f051__00068
0402  6A3F      	CLRF FCD_0f051__00068_arg_FCL_X1
0404  6A40      	CLRF FCD_0f051__00068_arg_FCL_X1+D'1'
0406  0E30      	MOVLW 0x30
0408  6E41      	MOVWF FCD_0f051__00068_arg_FCL_Y1
040A  6A42      	CLRF FCD_0f051__00068_arg_FCL_Y1+D'1'
040C  0EF0      	MOVLW 0xF0
040E  6E43      	MOVWF FCD_0f051__00068_arg_FCL_X2
0410  6A44      	CLRF FCD_0f051__00068_arg_FCL_X2+D'1'
0412  0E30      	MOVLW 0x30
0414  6E45      	MOVWF FCD_0f051__00068_arg_FCL_Y2
0416  6A46      	CLRF FCD_0f051__00068_arg_FCL_Y2+D'1'
0418  EC09F001  	CALL FCD_0f051__00068
041C  6A3F      	CLRF FCD_0f051__00068_arg_FCL_X1
041E  6A40      	CLRF FCD_0f051__00068_arg_FCL_X1+D'1'
0420  0E48      	MOVLW 0x48
0422  6E41      	MOVWF FCD_0f051__00068_arg_FCL_Y1
0424  6A42      	CLRF FCD_0f051__00068_arg_FCL_Y1+D'1'
0426  0EF0      	MOVLW 0xF0
0428  6E43      	MOVWF FCD_0f051__00068_arg_FCL_X2
042A  6A44      	CLRF FCD_0f051__00068_arg_FCL_X2+D'1'
042C  0E48      	MOVLW 0x48
042E  6E45      	MOVWF FCD_0f051__00068_arg_FCL_Y2
0430  6A46      	CLRF FCD_0f051__00068_arg_FCL_Y2+D'1'
0432  EC09F001  	CALL FCD_0f051__00068
0436  6A3F      	CLRF FCD_0f051__00068_arg_FCL_X1
0438  6A40      	CLRF FCD_0f051__00068_arg_FCL_X1+D'1'
043A  0E60      	MOVLW 0x60
043C  6E41      	MOVWF FCD_0f051__00068_arg_FCL_Y1
043E  6A42      	CLRF FCD_0f051__00068_arg_FCL_Y1+D'1'
0440  0EF0      	MOVLW 0xF0
0442  6E43      	MOVWF FCD_0f051__00068_arg_FCL_X2
0444  6A44      	CLRF FCD_0f051__00068_arg_FCL_X2+D'1'
0446  0E60      	MOVLW 0x60
0448  6E45      	MOVWF FCD_0f051__00068_arg_FCL_Y2
044A  6A46      	CLRF FCD_0f051__00068_arg_FCL_Y2+D'1'
044C  EC09F001  	CALL FCD_0f051__00068
0450  6A3F      	CLRF FCD_0f051__00068_arg_FCL_X1
0452  6A40      	CLRF FCD_0f051__00068_arg_FCL_X1+D'1'
0454  0E78      	MOVLW 0x78
0456  6E41      	MOVWF FCD_0f051__00068_arg_FCL_Y1
0458  6A42      	CLRF FCD_0f051__00068_arg_FCL_Y1+D'1'
045A  0EF0      	MOVLW 0xF0
045C  6E43      	MOVWF FCD_0f051__00068_arg_FCL_X2
045E  6A44      	CLRF FCD_0f051__00068_arg_FCL_X2+D'1'
0460  0E78      	MOVLW 0x78
0462  6E45      	MOVWF FCD_0f051__00068_arg_FCL_Y2
0464  6A46      	CLRF FCD_0f051__00068_arg_FCL_Y2+D'1'
0466  EC09F001  	CALL FCD_0f051__00068
046A  6A3F      	CLRF FCD_0f051__00068_arg_FCL_X1
046C  6A40      	CLRF FCD_0f051__00068_arg_FCL_X1+D'1'
046E  0E90      	MOVLW 0x90
0470  6E41      	MOVWF FCD_0f051__00068_arg_FCL_Y1
0472  6A42      	CLRF FCD_0f051__00068_arg_FCL_Y1+D'1'
0474  0EF0      	MOVLW 0xF0
0476  6E43      	MOVWF FCD_0f051__00068_arg_FCL_X2
0478  6A44      	CLRF FCD_0f051__00068_arg_FCL_X2+D'1'
047A  0E90      	MOVLW 0x90
047C  6E45      	MOVWF FCD_0f051__00068_arg_FCL_Y2
047E  6A46      	CLRF FCD_0f051__00068_arg_FCL_Y2+D'1'
0480  EC09F001  	CALL FCD_0f051__00068
0484  6A3F      	CLRF FCD_0f051__00068_arg_FCL_X1
0486  6A40      	CLRF FCD_0f051__00068_arg_FCL_X1+D'1'
0488  0EA8      	MOVLW 0xA8
048A  6E41      	MOVWF FCD_0f051__00068_arg_FCL_Y1
048C  6A42      	CLRF FCD_0f051__00068_arg_FCL_Y1+D'1'
048E  0EF0      	MOVLW 0xF0
0490  6E43      	MOVWF FCD_0f051__00068_arg_FCL_X2
0492  6A44      	CLRF FCD_0f051__00068_arg_FCL_X2+D'1'
0494  0EA8      	MOVLW 0xA8
0496  6E45      	MOVWF FCD_0f051__00068_arg_FCL_Y2
0498  6A46      	CLRF FCD_0f051__00068_arg_FCL_Y2+D'1'
049A  EC09F001  	CALL FCD_0f051__00068
049E  6A3F      	CLRF FCD_0f051__00068_arg_FCL_X1
04A0  6A40      	CLRF FCD_0f051__00068_arg_FCL_X1+D'1'
04A2  0EC0      	MOVLW 0xC0
04A4  6E41      	MOVWF FCD_0f051__00068_arg_FCL_Y1
04A6  6A42      	CLRF FCD_0f051__00068_arg_FCL_Y1+D'1'
04A8  0EF0      	MOVLW 0xF0
04AA  6E43      	MOVWF FCD_0f051__00068_arg_FCL_X2
04AC  6A44      	CLRF FCD_0f051__00068_arg_FCL_X2+D'1'
04AE  0EC0      	MOVLW 0xC0
04B0  6E45      	MOVWF FCD_0f051__00068_arg_FCL_Y2
04B2  6A46      	CLRF FCD_0f051__00068_arg_FCL_Y2+D'1'
04B4  EC09F001  	CALL FCD_0f051__00068
04B8  6A3F      	CLRF FCD_0f051__00068_arg_FCL_X1
04BA  6A40      	CLRF FCD_0f051__00068_arg_FCL_X1+D'1'
04BC  0ED8      	MOVLW 0xD8
04BE  6E41      	MOVWF FCD_0f051__00068_arg_FCL_Y1
04C0  6A42      	CLRF FCD_0f051__00068_arg_FCL_Y1+D'1'
04C2  0EF0      	MOVLW 0xF0
04C4  6E43      	MOVWF FCD_0f051__00068_arg_FCL_X2
04C6  6A44      	CLRF FCD_0f051__00068_arg_FCL_X2+D'1'
04C8  0ED8      	MOVLW 0xD8
04CA  6E45      	MOVWF FCD_0f051__00068_arg_FCL_Y2
04CC  6A46      	CLRF FCD_0f051__00068_arg_FCL_Y2+D'1'
04CE  EC09F001  	CALL FCD_0f051__00068
04D2  6A3F      	CLRF FCD_0f051__00068_arg_FCL_X1
04D4  6A40      	CLRF FCD_0f051__00068_arg_FCL_X1+D'1'
04D6  0EF0      	MOVLW 0xF0
04D8  6E41      	MOVWF FCD_0f051__00068_arg_FCL_Y1
04DA  6A42      	CLRF FCD_0f051__00068_arg_FCL_Y1+D'1'
04DC  0EF0      	MOVLW 0xF0
04DE  6E43      	MOVWF FCD_0f051__00068_arg_FCL_X2
04E0  6A44      	CLRF FCD_0f051__00068_arg_FCL_X2+D'1'
04E2  0EF0      	MOVLW 0xF0
04E4  6E45      	MOVWF FCD_0f051__00068_arg_FCL_Y2
04E6  6A46      	CLRF FCD_0f051__00068_arg_FCL_Y2+D'1'
04E8  EC09F001  	CALL FCD_0f051__00068
04EC  0012      	RETURN
04EE            ; } FCM_lignesH function end

	ORG 0x000004EE
04EE            FCM_X_96_00000
04EE            ; { FCM_X_96 ; function begin
04EE  0E18      	MOVLW 0x18
04F0  5C1F      	SUBWF gbl_FCV_Y, W
04F2  E205      	BC	label27
04F4  6620      	TSTFSZ gbl_FCV_Y+D'1'
04F6  D003      	BRA	label27
04F8  0E04      	MOVLW 0x04
04FA  6E34      	MOVWF gbl_FCV_HITBOX
04FC  0012      	RETURN
04FE            label27
04FE  0E30      	MOVLW 0x30
0500  5C1F      	SUBWF gbl_FCV_Y, W
0502  E205      	BC	label28
0504  6620      	TSTFSZ gbl_FCV_Y+D'1'
0506  D003      	BRA	label28
0508  0E0E      	MOVLW 0x0E
050A  6E34      	MOVWF gbl_FCV_HITBOX
050C  0012      	RETURN
050E            label28
050E  0E48      	MOVLW 0x48
0510  5C1F      	SUBWF gbl_FCV_Y, W
0512  E205      	BC	label29
0514  6620      	TSTFSZ gbl_FCV_Y+D'1'
0516  D003      	BRA	label29
0518  0E18      	MOVLW 0x18
051A  6E34      	MOVWF gbl_FCV_HITBOX
051C  0012      	RETURN
051E            label29
051E  0E60      	MOVLW 0x60
0520  5C1F      	SUBWF gbl_FCV_Y, W
0522  E205      	BC	label30
0524  6620      	TSTFSZ gbl_FCV_Y+D'1'
0526  D003      	BRA	label30
0528  0E22      	MOVLW 0x22
052A  6E34      	MOVWF gbl_FCV_HITBOX
052C  0012      	RETURN
052E            label30
052E  0E78      	MOVLW 0x78
0530  5C1F      	SUBWF gbl_FCV_Y, W
0532  E205      	BC	label31
0534  6620      	TSTFSZ gbl_FCV_Y+D'1'
0536  D003      	BRA	label31
0538  0E2C      	MOVLW 0x2C
053A  6E34      	MOVWF gbl_FCV_HITBOX
053C  0012      	RETURN
053E            label31
053E  0E90      	MOVLW 0x90
0540  5C1F      	SUBWF gbl_FCV_Y, W
0542  E205      	BC	label32
0544  6620      	TSTFSZ gbl_FCV_Y+D'1'
0546  D003      	BRA	label32
0548  0E36      	MOVLW 0x36
054A  6E34      	MOVWF gbl_FCV_HITBOX
054C  0012      	RETURN
054E            label32
054E  0EA8      	MOVLW 0xA8
0550  5C1F      	SUBWF gbl_FCV_Y, W
0552  E205      	BC	label33
0554  6620      	TSTFSZ gbl_FCV_Y+D'1'
0556  D003      	BRA	label33
0558  0E40      	MOVLW 0x40
055A  6E34      	MOVWF gbl_FCV_HITBOX
055C  0012      	RETURN
055E            label33
055E  0EC0      	MOVLW 0xC0
0560  5C1F      	SUBWF gbl_FCV_Y, W
0562  E205      	BC	label34
0564  6620      	TSTFSZ gbl_FCV_Y+D'1'
0566  D003      	BRA	label34
0568  0E4A      	MOVLW 0x4A
056A  6E34      	MOVWF gbl_FCV_HITBOX
056C  0012      	RETURN
056E            label34
056E  0ED8      	MOVLW 0xD8
0570  5C1F      	SUBWF gbl_FCV_Y, W
0572  E205      	BC	label35
0574  6620      	TSTFSZ gbl_FCV_Y+D'1'
0576  D003      	BRA	label35
0578  0E54      	MOVLW 0x54
057A  6E34      	MOVWF gbl_FCV_HITBOX
057C  0012      	RETURN
057E            label35
057E  0EF0      	MOVLW 0xF0
0580  5C1F      	SUBWF gbl_FCV_Y, W
0582  B0D8      	BTFSC STATUS,C
0584  0012      	RETURN
0586  6620      	TSTFSZ gbl_FCV_Y+D'1'
0588  0012      	RETURN
058A  0E5E      	MOVLW 0x5E
058C  6E34      	MOVWF gbl_FCV_HITBOX
058E  0012      	RETURN
0590            ; } FCM_X_96 function end

	ORG 0x00000590
0590            FCM_X_72_00000
0590            ; { FCM_X_72 ; function begin
0590  0E18      	MOVLW 0x18
0592  5C1F      	SUBWF gbl_FCV_Y, W
0594  E205      	BC	label36
0596  6620      	TSTFSZ gbl_FCV_Y+D'1'
0598  D003      	BRA	label36
059A  0E03      	MOVLW 0x03
059C  6E34      	MOVWF gbl_FCV_HITBOX
059E  0012      	RETURN
05A0            label36
05A0  0E30      	MOVLW 0x30
05A2  5C1F      	SUBWF gbl_FCV_Y, W
05A4  E205      	BC	label37
05A6  6620      	TSTFSZ gbl_FCV_Y+D'1'
05A8  D003      	BRA	label37
05AA  0E0D      	MOVLW 0x0D
05AC  6E34      	MOVWF gbl_FCV_HITBOX
05AE  0012      	RETURN
05B0            label37
05B0  0E48      	MOVLW 0x48
05B2  5C1F      	SUBWF gbl_FCV_Y, W
05B4  E205      	BC	label38
05B6  6620      	TSTFSZ gbl_FCV_Y+D'1'
05B8  D003      	BRA	label38
05BA  0E17      	MOVLW 0x17
05BC  6E34      	MOVWF gbl_FCV_HITBOX
05BE  0012      	RETURN
05C0            label38
05C0  0E60      	MOVLW 0x60
05C2  5C1F      	SUBWF gbl_FCV_Y, W
05C4  E205      	BC	label39
05C6  6620      	TSTFSZ gbl_FCV_Y+D'1'
05C8  D003      	BRA	label39
05CA  0E21      	MOVLW 0x21
05CC  6E34      	MOVWF gbl_FCV_HITBOX
05CE  0012      	RETURN
05D0            label39
05D0  0E78      	MOVLW 0x78
05D2  5C1F      	SUBWF gbl_FCV_Y, W
05D4  E205      	BC	label40
05D6  6620      	TSTFSZ gbl_FCV_Y+D'1'
05D8  D003      	BRA	label40
05DA  0E2B      	MOVLW 0x2B
05DC  6E34      	MOVWF gbl_FCV_HITBOX
05DE  0012      	RETURN
05E0            label40
05E0  0E90      	MOVLW 0x90
05E2  5C1F      	SUBWF gbl_FCV_Y, W
05E4  E205      	BC	label41
05E6  6620      	TSTFSZ gbl_FCV_Y+D'1'
05E8  D003      	BRA	label41
05EA  0E35      	MOVLW 0x35
05EC  6E34      	MOVWF gbl_FCV_HITBOX
05EE  0012      	RETURN
05F0            label41
05F0  0EA8      	MOVLW 0xA8
05F2  5C1F      	SUBWF gbl_FCV_Y, W
05F4  E205      	BC	label42
05F6  6620      	TSTFSZ gbl_FCV_Y+D'1'
05F8  D003      	BRA	label42
05FA  0E3F      	MOVLW 0x3F
05FC  6E34      	MOVWF gbl_FCV_HITBOX
05FE  0012      	RETURN
0600            label42
0600  0EC0      	MOVLW 0xC0
0602  5C1F      	SUBWF gbl_FCV_Y, W
0604  E205      	BC	label43
0606  6620      	TSTFSZ gbl_FCV_Y+D'1'
0608  D003      	BRA	label43
060A  0E49      	MOVLW 0x49
060C  6E34      	MOVWF gbl_FCV_HITBOX
060E  0012      	RETURN
0610            label43
0610  0ED8      	MOVLW 0xD8
0612  5C1F      	SUBWF gbl_FCV_Y, W
0614  E205      	BC	label44
0616  6620      	TSTFSZ gbl_FCV_Y+D'1'
0618  D003      	BRA	label44
061A  0E53      	MOVLW 0x53
061C  6E34      	MOVWF gbl_FCV_HITBOX
061E  0012      	RETURN
0620            label44
0620  0EF0      	MOVLW 0xF0
0622  5C1F      	SUBWF gbl_FCV_Y, W
0624  B0D8      	BTFSC STATUS,C
0626  0012      	RETURN
0628  6620      	TSTFSZ gbl_FCV_Y+D'1'
062A  0012      	RETURN
062C  0E5D      	MOVLW 0x5D
062E  6E34      	MOVWF gbl_FCV_HITBOX
0630  0012      	RETURN
0632            ; } FCM_X_72 function end

	ORG 0x00000632
0632            FCM_X_48_00000
0632            ; { FCM_X_48 ; function begin
0632  0E18      	MOVLW 0x18
0634  5C1F      	SUBWF gbl_FCV_Y, W
0636  E205      	BC	label45
0638  6620      	TSTFSZ gbl_FCV_Y+D'1'
063A  D003      	BRA	label45
063C  0E02      	MOVLW 0x02
063E  6E34      	MOVWF gbl_FCV_HITBOX
0640  0012      	RETURN
0642            label45
0642  0E30      	MOVLW 0x30
0644  5C1F      	SUBWF gbl_FCV_Y, W
0646  E205      	BC	label46
0648  6620      	TSTFSZ gbl_FCV_Y+D'1'
064A  D003      	BRA	label46
064C  0E0C      	MOVLW 0x0C
064E  6E34      	MOVWF gbl_FCV_HITBOX
0650  0012      	RETURN
0652            label46
0652  0E48      	MOVLW 0x48
0654  5C1F      	SUBWF gbl_FCV_Y, W
0656  E205      	BC	label47
0658  6620      	TSTFSZ gbl_FCV_Y+D'1'
065A  D003      	BRA	label47
065C  0E16      	MOVLW 0x16
065E  6E34      	MOVWF gbl_FCV_HITBOX
0660  0012      	RETURN
0662            label47
0662  0E60      	MOVLW 0x60
0664  5C1F      	SUBWF gbl_FCV_Y, W
0666  E205      	BC	label48
0668  6620      	TSTFSZ gbl_FCV_Y+D'1'
066A  D003      	BRA	label48
066C  0E20      	MOVLW 0x20
066E  6E34      	MOVWF gbl_FCV_HITBOX
0670  0012      	RETURN
0672            label48
0672  0E78      	MOVLW 0x78
0674  5C1F      	SUBWF gbl_FCV_Y, W
0676  E205      	BC	label49
0678  6620      	TSTFSZ gbl_FCV_Y+D'1'
067A  D003      	BRA	label49
067C  0E2A      	MOVLW 0x2A
067E  6E34      	MOVWF gbl_FCV_HITBOX
0680  0012      	RETURN
0682            label49
0682  0E90      	MOVLW 0x90
0684  5C1F      	SUBWF gbl_FCV_Y, W
0686  E205      	BC	label50
0688  6620      	TSTFSZ gbl_FCV_Y+D'1'
068A  D003      	BRA	label50
068C  0E34      	MOVLW 0x34
068E  6E34      	MOVWF gbl_FCV_HITBOX
0690  0012      	RETURN
0692            label50
0692  0EA8      	MOVLW 0xA8
0694  5C1F      	SUBWF gbl_FCV_Y, W
0696  E205      	BC	label51
0698  6620      	TSTFSZ gbl_FCV_Y+D'1'
069A  D003      	BRA	label51
069C  0E3E      	MOVLW 0x3E
069E  6E34      	MOVWF gbl_FCV_HITBOX
06A0  0012      	RETURN
06A2            label51
06A2  0EC0      	MOVLW 0xC0
06A4  5C1F      	SUBWF gbl_FCV_Y, W
06A6  E205      	BC	label52
06A8  6620      	TSTFSZ gbl_FCV_Y+D'1'
06AA  D003      	BRA	label52
06AC  0E48      	MOVLW 0x48
06AE  6E34      	MOVWF gbl_FCV_HITBOX
06B0  0012      	RETURN
06B2            label52
06B2  0ED8      	MOVLW 0xD8
06B4  5C1F      	SUBWF gbl_FCV_Y, W
06B6  E205      	BC	label53
06B8  6620      	TSTFSZ gbl_FCV_Y+D'1'
06BA  D003      	BRA	label53
06BC  0E52      	MOVLW 0x52
06BE  6E34      	MOVWF gbl_FCV_HITBOX
06C0  0012      	RETURN
06C2            label53
06C2  0EF0      	MOVLW 0xF0
06C4  5C1F      	SUBWF gbl_FCV_Y, W
06C6  B0D8      	BTFSC STATUS,C
06C8  0012      	RETURN
06CA  6620      	TSTFSZ gbl_FCV_Y+D'1'
06CC  0012      	RETURN
06CE  0E5C      	MOVLW 0x5C
06D0  6E34      	MOVWF gbl_FCV_HITBOX
06D2  0012      	RETURN
06D4            ; } FCM_X_48 function end

	ORG 0x000006D4
06D4            FCM_X_24_00000
06D4            ; { FCM_X_24 ; function begin
06D4  0E18      	MOVLW 0x18
06D6  5C1F      	SUBWF gbl_FCV_Y, W
06D8  E205      	BC	label54
06DA  6620      	TSTFSZ gbl_FCV_Y+D'1'
06DC  D003      	BRA	label54
06DE  0E01      	MOVLW 0x01
06E0  6E34      	MOVWF gbl_FCV_HITBOX
06E2  0012      	RETURN
06E4            label54
06E4  0E30      	MOVLW 0x30
06E6  5C1F      	SUBWF gbl_FCV_Y, W
06E8  E205      	BC	label55
06EA  6620      	TSTFSZ gbl_FCV_Y+D'1'
06EC  D003      	BRA	label55
06EE  0E0B      	MOVLW 0x0B
06F0  6E34      	MOVWF gbl_FCV_HITBOX
06F2  0012      	RETURN
06F4            label55
06F4  0E48      	MOVLW 0x48
06F6  5C1F      	SUBWF gbl_FCV_Y, W
06F8  E205      	BC	label56
06FA  6620      	TSTFSZ gbl_FCV_Y+D'1'
06FC  D003      	BRA	label56
06FE  0E15      	MOVLW 0x15
0700  6E34      	MOVWF gbl_FCV_HITBOX
0702  0012      	RETURN
0704            label56
0704  0E60      	MOVLW 0x60
0706  5C1F      	SUBWF gbl_FCV_Y, W
0708  E205      	BC	label57
070A  6620      	TSTFSZ gbl_FCV_Y+D'1'
070C  D003      	BRA	label57
070E  0E1F      	MOVLW 0x1F
0710  6E34      	MOVWF gbl_FCV_HITBOX
0712  0012      	RETURN
0714            label57
0714  0E78      	MOVLW 0x78
0716  5C1F      	SUBWF gbl_FCV_Y, W
0718  E205      	BC	label58
071A  6620      	TSTFSZ gbl_FCV_Y+D'1'
071C  D003      	BRA	label58
071E  0E29      	MOVLW 0x29
0720  6E34      	MOVWF gbl_FCV_HITBOX
0722  0012      	RETURN
0724            label58
0724  0E90      	MOVLW 0x90
0726  5C1F      	SUBWF gbl_FCV_Y, W
0728  E205      	BC	label59
072A  6620      	TSTFSZ gbl_FCV_Y+D'1'
072C  D003      	BRA	label59
072E  0E33      	MOVLW 0x33
0730  6E34      	MOVWF gbl_FCV_HITBOX
0732  0012      	RETURN
0734            label59
0734  0EA8      	MOVLW 0xA8
0736  5C1F      	SUBWF gbl_FCV_Y, W
0738  E205      	BC	label60
073A  6620      	TSTFSZ gbl_FCV_Y+D'1'
073C  D003      	BRA	label60
073E  0E3D      	MOVLW 0x3D
0740  6E34      	MOVWF gbl_FCV_HITBOX
0742  0012      	RETURN
0744            label60
0744  0EC0      	MOVLW 0xC0
0746  5C1F      	SUBWF gbl_FCV_Y, W
0748  E205      	BC	label61
074A  6620      	TSTFSZ gbl_FCV_Y+D'1'
074C  D003      	BRA	label61
074E  0E47      	MOVLW 0x47
0750  6E34      	MOVWF gbl_FCV_HITBOX
0752  0012      	RETURN
0754            label61
0754  0ED8      	MOVLW 0xD8
0756  5C1F      	SUBWF gbl_FCV_Y, W
0758  E205      	BC	label62
075A  6620      	TSTFSZ gbl_FCV_Y+D'1'
075C  D003      	BRA	label62
075E  0E51      	MOVLW 0x51
0760  6E34      	MOVWF gbl_FCV_HITBOX
0762  0012      	RETURN
0764            label62
0764  0EF0      	MOVLW 0xF0
0766  5C1F      	SUBWF gbl_FCV_Y, W
0768  B0D8      	BTFSC STATUS,C
076A  0012      	RETURN
076C  6620      	TSTFSZ gbl_FCV_Y+D'1'
076E  0012      	RETURN
0770  0E5B      	MOVLW 0x5B
0772  6E34      	MOVWF gbl_FCV_HITBOX
0774  0012      	RETURN
0776            ; } FCM_X_24 function end

	ORG 0x00000776
0776            FCM_X_240_00000
0776            ; { FCM_X_240 ; function begin
0776  0E18      	MOVLW 0x18
0778  5C1F      	SUBWF gbl_FCV_Y, W
077A  E205      	BC	label63
077C  6620      	TSTFSZ gbl_FCV_Y+D'1'
077E  D003      	BRA	label63
0780  0E0A      	MOVLW 0x0A
0782  6E34      	MOVWF gbl_FCV_HITBOX
0784  0012      	RETURN
0786            label63
0786  0E30      	MOVLW 0x30
0788  5C1F      	SUBWF gbl_FCV_Y, W
078A  E205      	BC	label64
078C  6620      	TSTFSZ gbl_FCV_Y+D'1'
078E  D003      	BRA	label64
0790  0E14      	MOVLW 0x14
0792  6E34      	MOVWF gbl_FCV_HITBOX
0794  0012      	RETURN
0796            label64
0796  0E48      	MOVLW 0x48
0798  5C1F      	SUBWF gbl_FCV_Y, W
079A  E205      	BC	label65
079C  6620      	TSTFSZ gbl_FCV_Y+D'1'
079E  D003      	BRA	label65
07A0  0E1E      	MOVLW 0x1E
07A2  6E34      	MOVWF gbl_FCV_HITBOX
07A4  0012      	RETURN
07A6            label65
07A6  0E60      	MOVLW 0x60
07A8  5C1F      	SUBWF gbl_FCV_Y, W
07AA  E205      	BC	label66
07AC  6620      	TSTFSZ gbl_FCV_Y+D'1'
07AE  D003      	BRA	label66
07B0  0E28      	MOVLW 0x28
07B2  6E34      	MOVWF gbl_FCV_HITBOX
07B4  0012      	RETURN
07B6            label66
07B6  0E78      	MOVLW 0x78
07B8  5C1F      	SUBWF gbl_FCV_Y, W
07BA  E205      	BC	label67
07BC  6620      	TSTFSZ gbl_FCV_Y+D'1'
07BE  D003      	BRA	label67
07C0  0E32      	MOVLW 0x32
07C2  6E34      	MOVWF gbl_FCV_HITBOX
07C4  0012      	RETURN
07C6            label67
07C6  0E90      	MOVLW 0x90
07C8  5C1F      	SUBWF gbl_FCV_Y, W
07CA  E205      	BC	label68
07CC  6620      	TSTFSZ gbl_FCV_Y+D'1'
07CE  D003      	BRA	label68
07D0  0E3C      	MOVLW 0x3C
07D2  6E34      	MOVWF gbl_FCV_HITBOX
07D4  0012      	RETURN
07D6            label68
07D6  0EA8      	MOVLW 0xA8
07D8  5C1F      	SUBWF gbl_FCV_Y, W
07DA  E205      	BC	label69
07DC  6620      	TSTFSZ gbl_FCV_Y+D'1'
07DE  D003      	BRA	label69
07E0  0E46      	MOVLW 0x46
07E2  6E34      	MOVWF gbl_FCV_HITBOX
07E4  0012      	RETURN
07E6            label69
07E6  0EC0      	MOVLW 0xC0
07E8  5C1F      	SUBWF gbl_FCV_Y, W
07EA  E205      	BC	label70
07EC  6620      	TSTFSZ gbl_FCV_Y+D'1'
07EE  D003      	BRA	label70
07F0  0E50      	MOVLW 0x50
07F2  6E34      	MOVWF gbl_FCV_HITBOX
07F4  0012      	RETURN
07F6            label70
07F6  0ED8      	MOVLW 0xD8
07F8  5C1F      	SUBWF gbl_FCV_Y, W
07FA  E205      	BC	label71
07FC  6620      	TSTFSZ gbl_FCV_Y+D'1'
07FE  D003      	BRA	label71
0800  0E5A      	MOVLW 0x5A
0802  6E34      	MOVWF gbl_FCV_HITBOX
0804  0012      	RETURN
0806            label71
0806  0EF0      	MOVLW 0xF0
0808  5C1F      	SUBWF gbl_FCV_Y, W
080A  B0D8      	BTFSC STATUS,C
080C  0012      	RETURN
080E  6620      	TSTFSZ gbl_FCV_Y+D'1'
0810  0012      	RETURN
0812  0E64      	MOVLW 0x64
0814  6E34      	MOVWF gbl_FCV_HITBOX
0816  0012      	RETURN
0818            ; } FCM_X_240 function end

	ORG 0x00000818
0818            FCM_X_216_00000
0818            ; { FCM_X_216 ; function begin
0818  0E18      	MOVLW 0x18
081A  5C1F      	SUBWF gbl_FCV_Y, W
081C  E205      	BC	label72
081E  6620      	TSTFSZ gbl_FCV_Y+D'1'
0820  D003      	BRA	label72
0822  0E09      	MOVLW 0x09
0824  6E34      	MOVWF gbl_FCV_HITBOX
0826  0012      	RETURN
0828            label72
0828  0E30      	MOVLW 0x30
082A  5C1F      	SUBWF gbl_FCV_Y, W
082C  E205      	BC	label73
082E  6620      	TSTFSZ gbl_FCV_Y+D'1'
0830  D003      	BRA	label73
0832  0E13      	MOVLW 0x13
0834  6E34      	MOVWF gbl_FCV_HITBOX
0836  0012      	RETURN
0838            label73
0838  0E48      	MOVLW 0x48
083A  5C1F      	SUBWF gbl_FCV_Y, W
083C  E205      	BC	label74
083E  6620      	TSTFSZ gbl_FCV_Y+D'1'
0840  D003      	BRA	label74
0842  0E1D      	MOVLW 0x1D
0844  6E34      	MOVWF gbl_FCV_HITBOX
0846  0012      	RETURN
0848            label74
0848  0E60      	MOVLW 0x60
084A  5C1F      	SUBWF gbl_FCV_Y, W
084C  E205      	BC	label75
084E  6620      	TSTFSZ gbl_FCV_Y+D'1'
0850  D003      	BRA	label75
0852  0E27      	MOVLW 0x27
0854  6E34      	MOVWF gbl_FCV_HITBOX
0856  0012      	RETURN
0858            label75
0858  0E78      	MOVLW 0x78
085A  5C1F      	SUBWF gbl_FCV_Y, W
085C  E205      	BC	label76
085E  6620      	TSTFSZ gbl_FCV_Y+D'1'
0860  D003      	BRA	label76
0862  0E31      	MOVLW 0x31
0864  6E34      	MOVWF gbl_FCV_HITBOX
0866  0012      	RETURN
0868            label76
0868  0E90      	MOVLW 0x90
086A  5C1F      	SUBWF gbl_FCV_Y, W
086C  E205      	BC	label77
086E  6620      	TSTFSZ gbl_FCV_Y+D'1'
0870  D003      	BRA	label77
0872  0E3B      	MOVLW 0x3B
0874  6E34      	MOVWF gbl_FCV_HITBOX
0876  0012      	RETURN
0878            label77
0878  0EA8      	MOVLW 0xA8
087A  5C1F      	SUBWF gbl_FCV_Y, W
087C  E205      	BC	label78
087E  6620      	TSTFSZ gbl_FCV_Y+D'1'
0880  D003      	BRA	label78
0882  0E45      	MOVLW 0x45
0884  6E34      	MOVWF gbl_FCV_HITBOX
0886  0012      	RETURN
0888            label78
0888  0EC0      	MOVLW 0xC0
088A  5C1F      	SUBWF gbl_FCV_Y, W
088C  E205      	BC	label79
088E  6620      	TSTFSZ gbl_FCV_Y+D'1'
0890  D003      	BRA	label79
0892  0E4F      	MOVLW 0x4F
0894  6E34      	MOVWF gbl_FCV_HITBOX
0896  0012      	RETURN
0898            label79
0898  0ED8      	MOVLW 0xD8
089A  5C1F      	SUBWF gbl_FCV_Y, W
089C  E205      	BC	label80
089E  6620      	TSTFSZ gbl_FCV_Y+D'1'
08A0  D003      	BRA	label80
08A2  0E59      	MOVLW 0x59
08A4  6E34      	MOVWF gbl_FCV_HITBOX
08A6  0012      	RETURN
08A8            label80
08A8  0EF0      	MOVLW 0xF0
08AA  5C1F      	SUBWF gbl_FCV_Y, W
08AC  B0D8      	BTFSC STATUS,C
08AE  0012      	RETURN
08B0  6620      	TSTFSZ gbl_FCV_Y+D'1'
08B2  0012      	RETURN
08B4  0E63      	MOVLW 0x63
08B6  6E34      	MOVWF gbl_FCV_HITBOX
08B8  0012      	RETURN
08BA            ; } FCM_X_216 function end

	ORG 0x000008BA
08BA            FCM_X_192_00000
08BA            ; { FCM_X_192 ; function begin
08BA  0E18      	MOVLW 0x18
08BC  5C1F      	SUBWF gbl_FCV_Y, W
08BE  E205      	BC	label81
08C0  6620      	TSTFSZ gbl_FCV_Y+D'1'
08C2  D003      	BRA	label81
08C4  0E08      	MOVLW 0x08
08C6  6E34      	MOVWF gbl_FCV_HITBOX
08C8  0012      	RETURN
08CA            label81
08CA  0E30      	MOVLW 0x30
08CC  5C1F      	SUBWF gbl_FCV_Y, W
08CE  E205      	BC	label82
08D0  6620      	TSTFSZ gbl_FCV_Y+D'1'
08D2  D003      	BRA	label82
08D4  0E12      	MOVLW 0x12
08D6  6E34      	MOVWF gbl_FCV_HITBOX
08D8  0012      	RETURN
08DA            label82
08DA  0E48      	MOVLW 0x48
08DC  5C1F      	SUBWF gbl_FCV_Y, W
08DE  E205      	BC	label83
08E0  6620      	TSTFSZ gbl_FCV_Y+D'1'
08E2  D003      	BRA	label83
08E4  0E1C      	MOVLW 0x1C
08E6  6E34      	MOVWF gbl_FCV_HITBOX
08E8  0012      	RETURN
08EA            label83
08EA  0E60      	MOVLW 0x60
08EC  5C1F      	SUBWF gbl_FCV_Y, W
08EE  E205      	BC	label84
08F0  6620      	TSTFSZ gbl_FCV_Y+D'1'
08F2  D003      	BRA	label84
08F4  0E26      	MOVLW 0x26
08F6  6E34      	MOVWF gbl_FCV_HITBOX
08F8  0012      	RETURN
08FA            label84
08FA  0E78      	MOVLW 0x78
08FC  5C1F      	SUBWF gbl_FCV_Y, W
08FE  E205      	BC	label85
0900  6620      	TSTFSZ gbl_FCV_Y+D'1'
0902  D003      	BRA	label85
0904  0E30      	MOVLW 0x30
0906  6E34      	MOVWF gbl_FCV_HITBOX
0908  0012      	RETURN
090A            label85
090A  0E90      	MOVLW 0x90
090C  5C1F      	SUBWF gbl_FCV_Y, W
090E  E205      	BC	label86
0910  6620      	TSTFSZ gbl_FCV_Y+D'1'
0912  D003      	BRA	label86
0914  0E3A      	MOVLW 0x3A
0916  6E34      	MOVWF gbl_FCV_HITBOX
0918  0012      	RETURN
091A            label86
091A  0EA8      	MOVLW 0xA8
091C  5C1F      	SUBWF gbl_FCV_Y, W
091E  E205      	BC	label87
0920  6620      	TSTFSZ gbl_FCV_Y+D'1'
0922  D003      	BRA	label87
0924  0E44      	MOVLW 0x44
0926  6E34      	MOVWF gbl_FCV_HITBOX
0928  0012      	RETURN
092A            label87
092A  0EC0      	MOVLW 0xC0
092C  5C1F      	SUBWF gbl_FCV_Y, W
092E  E205      	BC	label88
0930  6620      	TSTFSZ gbl_FCV_Y+D'1'
0932  D003      	BRA	label88
0934  0E4E      	MOVLW 0x4E
0936  6E34      	MOVWF gbl_FCV_HITBOX
0938  0012      	RETURN
093A            label88
093A  0ED8      	MOVLW 0xD8
093C  5C1F      	SUBWF gbl_FCV_Y, W
093E  E205      	BC	label89
0940  6620      	TSTFSZ gbl_FCV_Y+D'1'
0942  D003      	BRA	label89
0944  0E58      	MOVLW 0x58
0946  6E34      	MOVWF gbl_FCV_HITBOX
0948  0012      	RETURN
094A            label89
094A  0EF0      	MOVLW 0xF0
094C  5C1F      	SUBWF gbl_FCV_Y, W
094E  B0D8      	BTFSC STATUS,C
0950  0012      	RETURN
0952  6620      	TSTFSZ gbl_FCV_Y+D'1'
0954  0012      	RETURN
0956  0E62      	MOVLW 0x62
0958  6E34      	MOVWF gbl_FCV_HITBOX
095A  0012      	RETURN
095C            ; } FCM_X_192 function end

	ORG 0x0000095C
095C            FCM_X_168_00000
095C            ; { FCM_X_168 ; function begin
095C  0E18      	MOVLW 0x18
095E  5C1F      	SUBWF gbl_FCV_Y, W
0960  E205      	BC	label90
0962  6620      	TSTFSZ gbl_FCV_Y+D'1'
0964  D003      	BRA	label90
0966  0E07      	MOVLW 0x07
0968  6E34      	MOVWF gbl_FCV_HITBOX
096A  0012      	RETURN
096C            label90
096C  0E30      	MOVLW 0x30
096E  5C1F      	SUBWF gbl_FCV_Y, W
0970  E205      	BC	label91
0972  6620      	TSTFSZ gbl_FCV_Y+D'1'
0974  D003      	BRA	label91
0976  0E11      	MOVLW 0x11
0978  6E34      	MOVWF gbl_FCV_HITBOX
097A  0012      	RETURN
097C            label91
097C  0E48      	MOVLW 0x48
097E  5C1F      	SUBWF gbl_FCV_Y, W
0980  E205      	BC	label92
0982  6620      	TSTFSZ gbl_FCV_Y+D'1'
0984  D003      	BRA	label92
0986  0E1B      	MOVLW 0x1B
0988  6E34      	MOVWF gbl_FCV_HITBOX
098A  0012      	RETURN
098C            label92
098C  0E60      	MOVLW 0x60
098E  5C1F      	SUBWF gbl_FCV_Y, W
0990  E205      	BC	label93
0992  6620      	TSTFSZ gbl_FCV_Y+D'1'
0994  D003      	BRA	label93
0996  0E25      	MOVLW 0x25
0998  6E34      	MOVWF gbl_FCV_HITBOX
099A  0012      	RETURN
099C            label93
099C  0E78      	MOVLW 0x78
099E  5C1F      	SUBWF gbl_FCV_Y, W
09A0  E205      	BC	label94
09A2  6620      	TSTFSZ gbl_FCV_Y+D'1'
09A4  D003      	BRA	label94
09A6  0E2F      	MOVLW 0x2F
09A8  6E34      	MOVWF gbl_FCV_HITBOX
09AA  0012      	RETURN
09AC            label94
09AC  0E90      	MOVLW 0x90
09AE  5C1F      	SUBWF gbl_FCV_Y, W
09B0  E205      	BC	label95
09B2  6620      	TSTFSZ gbl_FCV_Y+D'1'
09B4  D003      	BRA	label95
09B6  0E39      	MOVLW 0x39
09B8  6E34      	MOVWF gbl_FCV_HITBOX
09BA  0012      	RETURN
09BC            label95
09BC  0EA8      	MOVLW 0xA8
09BE  5C1F      	SUBWF gbl_FCV_Y, W
09C0  E205      	BC	label96
09C2  6620      	TSTFSZ gbl_FCV_Y+D'1'
09C4  D003      	BRA	label96
09C6  0E43      	MOVLW 0x43
09C8  6E34      	MOVWF gbl_FCV_HITBOX
09CA  0012      	RETURN
09CC            label96
09CC  0EC0      	MOVLW 0xC0
09CE  5C1F      	SUBWF gbl_FCV_Y, W
09D0  E205      	BC	label97
09D2  6620      	TSTFSZ gbl_FCV_Y+D'1'
09D4  D003      	BRA	label97
09D6  0E4D      	MOVLW 0x4D
09D8  6E34      	MOVWF gbl_FCV_HITBOX
09DA  0012      	RETURN
09DC            label97
09DC  0ED8      	MOVLW 0xD8
09DE  5C1F      	SUBWF gbl_FCV_Y, W
09E0  E205      	BC	label98
09E2  6620      	TSTFSZ gbl_FCV_Y+D'1'
09E4  D003      	BRA	label98
09E6  0E57      	MOVLW 0x57
09E8  6E34      	MOVWF gbl_FCV_HITBOX
09EA  0012      	RETURN
09EC            label98
09EC  0EF0      	MOVLW 0xF0
09EE  5C1F      	SUBWF gbl_FCV_Y, W
09F0  B0D8      	BTFSC STATUS,C
09F2  0012      	RETURN
09F4  6620      	TSTFSZ gbl_FCV_Y+D'1'
09F6  0012      	RETURN
09F8  0E61      	MOVLW 0x61
09FA  6E34      	MOVWF gbl_FCV_HITBOX
09FC  0012      	RETURN
09FE            ; } FCM_X_168 function end

	ORG 0x000009FE
09FE            FCM_X_144_00000
09FE            ; { FCM_X_144 ; function begin
09FE  0E18      	MOVLW 0x18
0A00  5C1F      	SUBWF gbl_FCV_Y, W
0A02  E205      	BC	label99
0A04  6620      	TSTFSZ gbl_FCV_Y+D'1'
0A06  D003      	BRA	label99
0A08  0E06      	MOVLW 0x06
0A0A  6E34      	MOVWF gbl_FCV_HITBOX
0A0C  0012      	RETURN
0A0E            label99
0A0E  0E30      	MOVLW 0x30
0A10  5C1F      	SUBWF gbl_FCV_Y, W
0A12  E205      	BC	label100
0A14  6620      	TSTFSZ gbl_FCV_Y+D'1'
0A16  D003      	BRA	label100
0A18  0E10      	MOVLW 0x10
0A1A  6E34      	MOVWF gbl_FCV_HITBOX
0A1C  0012      	RETURN
0A1E            label100
0A1E  0E48      	MOVLW 0x48
0A20  5C1F      	SUBWF gbl_FCV_Y, W
0A22  E205      	BC	label101
0A24  6620      	TSTFSZ gbl_FCV_Y+D'1'
0A26  D003      	BRA	label101
0A28  0E1A      	MOVLW 0x1A
0A2A  6E34      	MOVWF gbl_FCV_HITBOX
0A2C  0012      	RETURN
0A2E            label101
0A2E  0E60      	MOVLW 0x60
0A30  5C1F      	SUBWF gbl_FCV_Y, W
0A32  E205      	BC	label102
0A34  6620      	TSTFSZ gbl_FCV_Y+D'1'
0A36  D003      	BRA	label102
0A38  0E24      	MOVLW 0x24
0A3A  6E34      	MOVWF gbl_FCV_HITBOX
0A3C  0012      	RETURN
0A3E            label102
0A3E  0E78      	MOVLW 0x78
0A40  5C1F      	SUBWF gbl_FCV_Y, W
0A42  E205      	BC	label103
0A44  6620      	TSTFSZ gbl_FCV_Y+D'1'
0A46  D003      	BRA	label103
0A48  0E2E      	MOVLW 0x2E
0A4A  6E34      	MOVWF gbl_FCV_HITBOX
0A4C  0012      	RETURN
0A4E            label103
0A4E  0E90      	MOVLW 0x90
0A50  5C1F      	SUBWF gbl_FCV_Y, W
0A52  E205      	BC	label104
0A54  6620      	TSTFSZ gbl_FCV_Y+D'1'
0A56  D003      	BRA	label104
0A58  0E38      	MOVLW 0x38
0A5A  6E34      	MOVWF gbl_FCV_HITBOX
0A5C  0012      	RETURN
0A5E            label104
0A5E  0EA8      	MOVLW 0xA8
0A60  5C1F      	SUBWF gbl_FCV_Y, W
0A62  E205      	BC	label105
0A64  6620      	TSTFSZ gbl_FCV_Y+D'1'
0A66  D003      	BRA	label105
0A68  0E42      	MOVLW 0x42
0A6A  6E34      	MOVWF gbl_FCV_HITBOX
0A6C  0012      	RETURN
0A6E            label105
0A6E  0EC0      	MOVLW 0xC0
0A70  5C1F      	SUBWF gbl_FCV_Y, W
0A72  E205      	BC	label106
0A74  6620      	TSTFSZ gbl_FCV_Y+D'1'
0A76  D003      	BRA	label106
0A78  0E4C      	MOVLW 0x4C
0A7A  6E34      	MOVWF gbl_FCV_HITBOX
0A7C  0012      	RETURN
0A7E            label106
0A7E  0ED8      	MOVLW 0xD8
0A80  5C1F      	SUBWF gbl_FCV_Y, W
0A82  E205      	BC	label107
0A84  6620      	TSTFSZ gbl_FCV_Y+D'1'
0A86  D003      	BRA	label107
0A88  0E56      	MOVLW 0x56
0A8A  6E34      	MOVWF gbl_FCV_HITBOX
0A8C  0012      	RETURN
0A8E            label107
0A8E  0EF0      	MOVLW 0xF0
0A90  5C1F      	SUBWF gbl_FCV_Y, W
0A92  B0D8      	BTFSC STATUS,C
0A94  0012      	RETURN
0A96  6620      	TSTFSZ gbl_FCV_Y+D'1'
0A98  0012      	RETURN
0A9A  0E60      	MOVLW 0x60
0A9C  6E34      	MOVWF gbl_FCV_HITBOX
0A9E  0012      	RETURN
0AA0            ; } FCM_X_144 function end

	ORG 0x00000AA0
0AA0            FCM_X_120_00000
0AA0            ; { FCM_X_120 ; function begin
0AA0  0E18      	MOVLW 0x18
0AA2  5C1F      	SUBWF gbl_FCV_Y, W
0AA4  E205      	BC	label108
0AA6  6620      	TSTFSZ gbl_FCV_Y+D'1'
0AA8  D003      	BRA	label108
0AAA  0E05      	MOVLW 0x05
0AAC  6E34      	MOVWF gbl_FCV_HITBOX
0AAE  0012      	RETURN
0AB0            label108
0AB0  0E30      	MOVLW 0x30
0AB2  5C1F      	SUBWF gbl_FCV_Y, W
0AB4  E205      	BC	label109
0AB6  6620      	TSTFSZ gbl_FCV_Y+D'1'
0AB8  D003      	BRA	label109
0ABA  0E0F      	MOVLW 0x0F
0ABC  6E34      	MOVWF gbl_FCV_HITBOX
0ABE  0012      	RETURN
0AC0            label109
0AC0  0E48      	MOVLW 0x48
0AC2  5C1F      	SUBWF gbl_FCV_Y, W
0AC4  E205      	BC	label110
0AC6  6620      	TSTFSZ gbl_FCV_Y+D'1'
0AC8  D003      	BRA	label110
0ACA  0E19      	MOVLW 0x19
0ACC  6E34      	MOVWF gbl_FCV_HITBOX
0ACE  0012      	RETURN
0AD0            label110
0AD0  0E60      	MOVLW 0x60
0AD2  5C1F      	SUBWF gbl_FCV_Y, W
0AD4  E205      	BC	label111
0AD6  6620      	TSTFSZ gbl_FCV_Y+D'1'
0AD8  D003      	BRA	label111
0ADA  0E23      	MOVLW 0x23
0ADC  6E34      	MOVWF gbl_FCV_HITBOX
0ADE  0012      	RETURN
0AE0            label111
0AE0  0E78      	MOVLW 0x78
0AE2  5C1F      	SUBWF gbl_FCV_Y, W
0AE4  E205      	BC	label112
0AE6  6620      	TSTFSZ gbl_FCV_Y+D'1'
0AE8  D003      	BRA	label112
0AEA  0E2D      	MOVLW 0x2D
0AEC  6E34      	MOVWF gbl_FCV_HITBOX
0AEE  0012      	RETURN
0AF0            label112
0AF0  0E90      	MOVLW 0x90
0AF2  5C1F      	SUBWF gbl_FCV_Y, W
0AF4  E205      	BC	label113
0AF6  6620      	TSTFSZ gbl_FCV_Y+D'1'
0AF8  D003      	BRA	label113
0AFA  0E37      	MOVLW 0x37
0AFC  6E34      	MOVWF gbl_FCV_HITBOX
0AFE  0012      	RETURN
0B00            label113
0B00  0EA8      	MOVLW 0xA8
0B02  5C1F      	SUBWF gbl_FCV_Y, W
0B04  E205      	BC	label114
0B06  6620      	TSTFSZ gbl_FCV_Y+D'1'
0B08  D003      	BRA	label114
0B0A  0E41      	MOVLW 0x41
0B0C  6E34      	MOVWF gbl_FCV_HITBOX
0B0E  0012      	RETURN
0B10            label114
0B10  0EC0      	MOVLW 0xC0
0B12  5C1F      	SUBWF gbl_FCV_Y, W
0B14  E205      	BC	label115
0B16  6620      	TSTFSZ gbl_FCV_Y+D'1'
0B18  D003      	BRA	label115
0B1A  0E4B      	MOVLW 0x4B
0B1C  6E34      	MOVWF gbl_FCV_HITBOX
0B1E  0012      	RETURN
0B20            label115
0B20  0ED8      	MOVLW 0xD8
0B22  5C1F      	SUBWF gbl_FCV_Y, W
0B24  E205      	BC	label116
0B26  6620      	TSTFSZ gbl_FCV_Y+D'1'
0B28  D003      	BRA	label116
0B2A  0E55      	MOVLW 0x55
0B2C  6E34      	MOVWF gbl_FCV_HITBOX
0B2E  0012      	RETURN
0B30            label116
0B30  0EF0      	MOVLW 0xF0
0B32  5C1F      	SUBWF gbl_FCV_Y, W
0B34  B0D8      	BTFSC STATUS,C
0B36  0012      	RETURN
0B38  6620      	TSTFSZ gbl_FCV_Y+D'1'
0B3A  0012      	RETURN
0B3C  0E5F      	MOVLW 0x5F
0B3E  6E34      	MOVWF gbl_FCV_HITBOX
0B40  0012      	RETURN
0B42            ; } FCM_X_120 function end

	ORG 0x00000B42
0B42            FCD_0f051__0006E
0B42            ; { FCD_0f051_gLCD_EB076_4D1__G4D_GetTouchCoordinatesPicaso ; function begin
0B42  0E6F      	MOVLW 0x6F
0B44  6E4D      	MOVWF FC_CAL_UAR_00073_arg_nChar
0B46  6A4E      	CLRF FC_CAL_UAR_00073_arg_nChar+D'1'
0B48  EC46F000  	CALL FC_CAL_UAR_00073
0B4C  0E04      	MOVLW 0x04
0B4E  6E4D      	MOVWF FC_CAL_UAR_00073_arg_nChar
0B50  6A4E      	CLRF FC_CAL_UAR_00073_arg_nChar+D'1'
0B52  EC46F000  	CALL FC_CAL_UAR_00073
0B56  684D      	SETF FC_CAL_UAR_00072_arg_nTimeout
0B58  EC4EF000  	CALL FC_CAL_UAR_00072
0B5C  684D      	SETF FC_CAL_UAR_00072_arg_nTimeout
0B5E  EC4EF000  	CALL FC_CAL_UAR_00072
0B62  5056      	MOVF CompTempVarRet2697, W
0B64  6E40      	MOVWF FCD_0f051__0006E_1_FCR_RETVAL
0B66  684D      	SETF FC_CAL_UAR_00072_arg_nTimeout
0B68  EC4EF000  	CALL FC_CAL_UAR_00072
0B6C  684D      	SETF FC_CAL_UAR_00072_arg_nTimeout
0B6E  EC4EF000  	CALL FC_CAL_UAR_00072
0B72  5240      	MOVF FCD_0f051__0006E_1_FCR_RETVAL, F
0B74  E032      	BZ	label117
0B76  0E6F      	MOVLW 0x6F
0B78  6E4D      	MOVWF FC_CAL_UAR_00073_arg_nChar
0B7A  6A4E      	CLRF FC_CAL_UAR_00073_arg_nChar+D'1'
0B7C  EC46F000  	CALL FC_CAL_UAR_00073
0B80  0E05      	MOVLW 0x05
0B82  6E4D      	MOVWF FC_CAL_UAR_00073_arg_nChar
0B84  6A4E      	CLRF FC_CAL_UAR_00073_arg_nChar+D'1'
0B86  EC46F000  	CALL FC_CAL_UAR_00073
0B8A  684D      	SETF FC_CAL_UAR_00072_arg_nTimeout
0B8C  EC4EF000  	CALL FC_CAL_UAR_00072
0B90  5056      	MOVF CompTempVarRet2697, W
0B92  6E29      	MOVWF gbl_FCV_0f051_gLCD_EB076_4_0000F
0B94  5057      	MOVF CompTempVarRet2697+D'1', W
0B96  6E2A      	MOVWF gbl_FCV_0f051_gLCD_EB076_4_0000F+D'1'
0B98  684D      	SETF FC_CAL_UAR_00072_arg_nTimeout
0B9A  EC4EF000  	CALL FC_CAL_UAR_00072
0B9E  5056      	MOVF CompTempVarRet2697, W
0BA0  6E3F      	MOVWF FCD_0f051__0006E_1_FCL_TEMP
0BA2  6A41      	CLRF CompTempVar2689
0BA4  5029      	MOVF gbl_FCV_0f051_gLCD_EB076_4_0000F, W
0BA6  6E2A      	MOVWF gbl_FCV_0f051_gLCD_EB076_4_0000F+D'1'
0BA8  5041      	MOVF CompTempVar2689, W
0BAA  6E29      	MOVWF gbl_FCV_0f051_gLCD_EB076_4_0000F
0BAC  503F      	MOVF FCD_0f051__0006E_1_FCL_TEMP, W
0BAE  1229      	IORWF gbl_FCV_0f051_gLCD_EB076_4_0000F, F
0BB0  522A      	MOVF gbl_FCV_0f051_gLCD_EB076_4_0000F+D'1', F
0BB2  684D      	SETF FC_CAL_UAR_00072_arg_nTimeout
0BB4  EC4EF000  	CALL FC_CAL_UAR_00072
0BB8  5056      	MOVF CompTempVarRet2697, W
0BBA  6E27      	MOVWF gbl_FCV_0f051_gLCD_EB076_4_0000E
0BBC  5057      	MOVF CompTempVarRet2697+D'1', W
0BBE  6E28      	MOVWF gbl_FCV_0f051_gLCD_EB076_4_0000E+D'1'
0BC0  684D      	SETF FC_CAL_UAR_00072_arg_nTimeout
0BC2  EC4EF000  	CALL FC_CAL_UAR_00072
0BC6  5056      	MOVF CompTempVarRet2697, W
0BC8  6E3F      	MOVWF FCD_0f051__0006E_1_FCL_TEMP
0BCA  6A41      	CLRF CompTempVar2693
0BCC  5027      	MOVF gbl_FCV_0f051_gLCD_EB076_4_0000E, W
0BCE  6E28      	MOVWF gbl_FCV_0f051_gLCD_EB076_4_0000E+D'1'
0BD0  5041      	MOVF CompTempVar2693, W
0BD2  6E27      	MOVWF gbl_FCV_0f051_gLCD_EB076_4_0000E
0BD4  503F      	MOVF FCD_0f051__0006E_1_FCL_TEMP, W
0BD6  1227      	IORWF gbl_FCV_0f051_gLCD_EB076_4_0000E, F
0BD8  5228      	MOVF gbl_FCV_0f051_gLCD_EB076_4_0000E+D'1', F
0BDA            label117
0BDA  5040      	MOVF FCD_0f051__0006E_1_FCR_RETVAL, W
0BDC  6E41      	MOVWF CompTempVarRet2688
0BDE  0012      	RETURN
0BE0            ; } FCD_0f051_gLCD_EB076_4D1__G4D_GetTouchCoordinatesPicaso function end

	ORG 0x00000BE0
0BE0            FCD_0f051__00067
0BE0            ; { FCD_0f051_gLCD_EB076_4D1__G4D_EnableTouchscreenPicaso ; function begin
0BE0  0E59      	MOVLW 0x59
0BE2  6E4D      	MOVWF FC_CAL_UAR_00073_arg_nChar
0BE4  6A4E      	CLRF FC_CAL_UAR_00073_arg_nChar+D'1'
0BE6  EC46F000  	CALL FC_CAL_UAR_00073
0BEA  0E05      	MOVLW 0x05
0BEC  6E4D      	MOVWF FC_CAL_UAR_00073_arg_nChar
0BEE  6A4E      	CLRF FC_CAL_UAR_00073_arg_nChar+D'1'
0BF0  EC46F000  	CALL FC_CAL_UAR_00073
0BF4  6A4D      	CLRF FC_CAL_UAR_00073_arg_nChar
0BF6  6A4E      	CLRF FC_CAL_UAR_00073_arg_nChar+D'1'
0BF8  EC46F000  	CALL FC_CAL_UAR_00073
0BFC  684D      	SETF FC_CAL_UAR_00072_arg_nTimeout
0BFE  EC4EF000  	CALL FC_CAL_UAR_00072
0C02  5056      	MOVF CompTempVarRet2697, W
0C04  6E3F      	MOVWF FCD_0f051__00067_1_FCR_RETVAL
0C06  0E59      	MOVLW 0x59
0C08  6E4D      	MOVWF FC_CAL_UAR_00073_arg_nChar
0C0A  6A4E      	CLRF FC_CAL_UAR_00073_arg_nChar+D'1'
0C0C  EC46F000  	CALL FC_CAL_UAR_00073
0C10  0E05      	MOVLW 0x05
0C12  6E4D      	MOVWF FC_CAL_UAR_00073_arg_nChar
0C14  6A4E      	CLRF FC_CAL_UAR_00073_arg_nChar+D'1'
0C16  EC46F000  	CALL FC_CAL_UAR_00073
0C1A  0E02      	MOVLW 0x02
0C1C  6E4D      	MOVWF FC_CAL_UAR_00073_arg_nChar
0C1E  6A4E      	CLRF FC_CAL_UAR_00073_arg_nChar+D'1'
0C20  EC46F000  	CALL FC_CAL_UAR_00073
0C24  684D      	SETF FC_CAL_UAR_00072_arg_nTimeout
0C26  EC4EF000  	CALL FC_CAL_UAR_00072
0C2A  5056      	MOVF CompTempVarRet2697, W
0C2C  6E3F      	MOVWF FCD_0f051__00067_1_FCR_RETVAL
0C2E  0E06      	MOVLW 0x06
0C30  623F      	CPFSEQ FCD_0f051__00067_1_FCR_RETVAL
0C32  D002      	BRA	label118
0C34  6A3F      	CLRF FCD_0f051__00067_1_FCR_RETVAL
0C36  D001      	BRA	label119
0C38            label118
0C38  683F      	SETF FCD_0f051__00067_1_FCR_RETVAL
0C3A            label119
0C3A  503F      	MOVF FCD_0f051__00067_1_FCR_RETVAL, W
0C3C  6E40      	MOVWF CompTempVarRet2673
0C3E  0012      	RETURN
0C40            ; } FCD_0f051_gLCD_EB076_4D1__G4D_EnableTouchscreenPicaso function end

	ORG 0x00000C40
0C40            FCD_0f051__00066
0C40            ; { FCD_0f051_gLCD_EB076_4D1__G4D_DisableTouchscreenPicaso ; function begin
0C40  0E59      	MOVLW 0x59
0C42  6E4D      	MOVWF FC_CAL_UAR_00073_arg_nChar
0C44  6A4E      	CLRF FC_CAL_UAR_00073_arg_nChar+D'1'
0C46  EC46F000  	CALL FC_CAL_UAR_00073
0C4A  0E05      	MOVLW 0x05
0C4C  6E4D      	MOVWF FC_CAL_UAR_00073_arg_nChar
0C4E  6A4E      	CLRF FC_CAL_UAR_00073_arg_nChar+D'1'
0C50  EC46F000  	CALL FC_CAL_UAR_00073
0C54  0E01      	MOVLW 0x01
0C56  6E4D      	MOVWF FC_CAL_UAR_00073_arg_nChar
0C58  6A4E      	CLRF FC_CAL_UAR_00073_arg_nChar+D'1'
0C5A  EC46F000  	CALL FC_CAL_UAR_00073
0C5E  684D      	SETF FC_CAL_UAR_00072_arg_nTimeout
0C60  EC4EF000  	CALL FC_CAL_UAR_00072
0C64  5056      	MOVF CompTempVarRet2697, W
0C66  6E3F      	MOVWF FCD_0f051__00066_1_FCR_RETVAL
0C68  0E06      	MOVLW 0x06
0C6A  623F      	CPFSEQ FCD_0f051__00066_1_FCR_RETVAL
0C6C  D002      	BRA	label120
0C6E  6A3F      	CLRF FCD_0f051__00066_1_FCR_RETVAL
0C70  D001      	BRA	label121
0C72            label120
0C72  683F      	SETF FCD_0f051__00066_1_FCR_RETVAL
0C74            label121
0C74  503F      	MOVF FCD_0f051__00066_1_FCR_RETVAL, W
0C76  6E40      	MOVWF CompTempVarRet2672
0C78  0012      	RETURN
0C7A            ; } FCD_0f051_gLCD_EB076_4D1__G4D_DisableTouchscreenPicaso function end

	ORG 0x00000C7A
0C7A            FCD_0f051__00061
0C7A            ; { FCD_0f051_gLCD_EB076_4D1__Initialise ; function begin
0C7A  6A43      	CLRF FCD_0f051__00061_2_ptmp
0C7C  9A94      	BCF gbl_trisc,5
0C7E  5243      	MOVF FCD_0f051__00061_2_ptmp, F
0C80  E004      	BZ	label122
0C82  0E20      	MOVLW 0x20
0C84  108B      	IORWF gbl_latc, W
0C86  6E82      	MOVWF gbl_portc
0C88  D003      	BRA	label123
0C8A            label122
0C8A  0EDF      	MOVLW 0xDF
0C8C  148B      	ANDWF gbl_latc, W
0C8E  6E82      	MOVWF gbl_portc
0C90            label123
0C90  ECA0F000  	CALL FC_CAL_UAR_00074
0C94  0E64      	MOVLW 0x64
0C96  6E43      	MOVWF delay_us_00000_arg_del
0C98  EC2EF000  	CALL delay_us_00000
0C9C  0E0F      	MOVLW HIGH(gbl_portc+D'0')
0C9E  6E44      	MOVWF FC_CAL_Por_00042_arg_Port+D'1'
0CA0  0E82      	MOVLW LOW(gbl_portc+D'0')
0CA2  6E43      	MOVWF FC_CAL_Por_00042_arg_Port
0CA4  0E0F      	MOVLW HIGH(gbl_trisc+D'0')
0CA6  6E46      	MOVWF FC_CAL_Por_00042_arg_Tris+D'1'
0CA8  0E94      	MOVLW LOW(gbl_trisc+D'0')
0CAA  6E45      	MOVWF FC_CAL_Por_00042_arg_Tris
0CAC  0E20      	MOVLW 0x20
0CAE  6E47      	MOVWF FC_CAL_Por_00042_arg_InMask
0CB0  0E05      	MOVLW 0x05
0CB2  6E48      	MOVWF FC_CAL_Por_00042_arg_Shift
0CB4  ECF1F000  	CALL FC_CAL_Por_00042
0CB8  5049      	MOVF CompTempVarRet1822, W
0CBA  6E42      	MOVWF FCD_0f051__00061_1_FCL_DUMMY
0CBC  0E03      	MOVLW 0x03
0CBE  6E43      	MOVWF delay_s_00000_arg_del
0CC0  EC33F000  	CALL delay_s_00000
0CC4  6A4D      	CLRF FC_CAL_UAR_00072_arg_nTimeout
0CC6  EC4EF000  	CALL FC_CAL_UAR_00072
0CCA  6A4D      	CLRF FC_CAL_UAR_00072_arg_nTimeout
0CCC  EC4EF000  	CALL FC_CAL_UAR_00072
0CD0  6A4D      	CLRF FC_CAL_UAR_00072_arg_nTimeout
0CD2  EC4EF000  	CALL FC_CAL_UAR_00072
0CD6  0E55      	MOVLW 0x55
0CD8  6E4D      	MOVWF FC_CAL_UAR_00073_arg_nChar
0CDA  6A4E      	CLRF FC_CAL_UAR_00073_arg_nChar+D'1'
0CDC  EC46F000  	CALL FC_CAL_UAR_00073
0CE0  684D      	SETF FC_CAL_UAR_00072_arg_nTimeout
0CE2  EC4EF000  	CALL FC_CAL_UAR_00072
0CE6  0E51      	MOVLW 0x51
0CE8  6E4D      	MOVWF FC_CAL_UAR_00073_arg_nChar
0CEA  6A4E      	CLRF FC_CAL_UAR_00073_arg_nChar+D'1'
0CEC  EC46F000  	CALL FC_CAL_UAR_00073
0CF0  0E0C      	MOVLW 0x0C
0CF2  6E4D      	MOVWF FC_CAL_UAR_00073_arg_nChar
0CF4  6A4E      	CLRF FC_CAL_UAR_00073_arg_nChar+D'1'
0CF6  EC46F000  	CALL FC_CAL_UAR_00073
0CFA  684D      	SETF FC_CAL_UAR_00072_arg_nTimeout
0CFC  EC4EF000  	CALL FC_CAL_UAR_00072
0D00  0E06      	MOVLW 0x06
0D02  6E43      	MOVWF FC_CAL_UAR_00070_arg_new_baud
0D04  ECA9F000  	CALL FC_CAL_UAR_00070
0D08  0E0A      	MOVLW 0x0A
0D0A  6E4D      	MOVWF FC_CAL_UAR_00072_arg_nTimeout
0D0C  EC4EF000  	CALL FC_CAL_UAR_00072
0D10  0E0A      	MOVLW 0x0A
0D12  6E4D      	MOVWF FC_CAL_UAR_00072_arg_nTimeout
0D14  EC4EF000  	CALL FC_CAL_UAR_00072
0D18  6A3F      	CLRF FCD_0f051__00061_1_FCL_RED
0D1A  323F      	RRCF FCD_0f051__00061_1_FCL_RED, F
0D1C  323F      	RRCF FCD_0f051__00061_1_FCL_RED, F
0D1E  323F      	RRCF FCD_0f051__00061_1_FCL_RED, F
0D20  0E1F      	MOVLW 0x1F
0D22  163F      	ANDWF FCD_0f051__00061_1_FCL_RED, F
0D24  6A40      	CLRF FCD_0f051__00061_1_FCL_GREEN
0D26  3240      	RRCF FCD_0f051__00061_1_FCL_GREEN, F
0D28  3240      	RRCF FCD_0f051__00061_1_FCL_GREEN, F
0D2A  0E3F      	MOVLW 0x3F
0D2C  1640      	ANDWF FCD_0f051__00061_1_FCL_GREEN, F
0D2E  6A41      	CLRF FCD_0f051__00061_1_FCL_BLUE
0D30  3241      	RRCF FCD_0f051__00061_1_FCL_BLUE, F
0D32  3241      	RRCF FCD_0f051__00061_1_FCL_BLUE, F
0D34  3241      	RRCF FCD_0f051__00061_1_FCL_BLUE, F
0D36  0E1F      	MOVLW 0x1F
0D38  1641      	ANDWF FCD_0f051__00061_1_FCL_BLUE, F
0D3A  5040      	MOVF FCD_0f051__00061_1_FCL_GREEN, W
0D3C  6E43      	MOVWF CompTempVar2651
0D3E  6A26      	CLRF gbl_FCV_0f051_gLCD_EB076_4_0000D+D'1'
0D40  3643      	RLCF CompTempVar2651, F
0D42  3626      	RLCF gbl_FCV_0f051_gLCD_EB076_4_0000D+D'1', F
0D44  3643      	RLCF CompTempVar2651, F
0D46  3626      	RLCF gbl_FCV_0f051_gLCD_EB076_4_0000D+D'1', F
0D48  3643      	RLCF CompTempVar2651, F
0D4A  3626      	RLCF gbl_FCV_0f051_gLCD_EB076_4_0000D+D'1', F
0D4C  3643      	RLCF CompTempVar2651, F
0D4E  3626      	RLCF gbl_FCV_0f051_gLCD_EB076_4_0000D+D'1', F
0D50  3643      	RLCF CompTempVar2651, F
0D52  3626      	RLCF gbl_FCV_0f051_gLCD_EB076_4_0000D+D'1', F
0D54  0EE0      	MOVLW 0xE0
0D56  1643      	ANDWF CompTempVar2651, F
0D58  5043      	MOVF CompTempVar2651, W
0D5A  1041      	IORWF FCD_0f051__00061_1_FCL_BLUE, W
0D5C  6E25      	MOVWF gbl_FCV_0f051_gLCD_EB076_4_0000D
0D5E  6A43      	CLRF CompTempVar2655
0D60  503F      	MOVF FCD_0f051__00061_1_FCL_RED, W
0D62  6E44      	MOVWF CompTempVar2656
0D64  90D8      	BCF STATUS,C
0D66  3644      	RLCF CompTempVar2656, F
0D68  90D8      	BCF STATUS,C
0D6A  3644      	RLCF CompTempVar2656, F
0D6C  90D8      	BCF STATUS,C
0D6E  3644      	RLCF CompTempVar2656, F
0D70  5043      	MOVF CompTempVar2655, W
0D72  1225      	IORWF gbl_FCV_0f051_gLCD_EB076_4_0000D, F
0D74  5044      	MOVF CompTempVar2656, W
0D76  1226      	IORWF gbl_FCV_0f051_gLCD_EB076_4_0000D+D'1', F
0D78  683F      	SETF FCD_0f051__00061_1_FCL_RED
0D7A  323F      	RRCF FCD_0f051__00061_1_FCL_RED, F
0D7C  323F      	RRCF FCD_0f051__00061_1_FCL_RED, F
0D7E  323F      	RRCF FCD_0f051__00061_1_FCL_RED, F
0D80  0E1F      	MOVLW 0x1F
0D82  163F      	ANDWF FCD_0f051__00061_1_FCL_RED, F
0D84  6840      	SETF FCD_0f051__00061_1_FCL_GREEN
0D86  3240      	RRCF FCD_0f051__00061_1_FCL_GREEN, F
0D88  3240      	RRCF FCD_0f051__00061_1_FCL_GREEN, F
0D8A  0E3F      	MOVLW 0x3F
0D8C  1640      	ANDWF FCD_0f051__00061_1_FCL_GREEN, F
0D8E  6841      	SETF FCD_0f051__00061_1_FCL_BLUE
0D90  3241      	RRCF FCD_0f051__00061_1_FCL_BLUE, F
0D92  3241      	RRCF FCD_0f051__00061_1_FCL_BLUE, F
0D94  3241      	RRCF FCD_0f051__00061_1_FCL_BLUE, F
0D96  0E1F      	MOVLW 0x1F
0D98  1641      	ANDWF FCD_0f051__00061_1_FCL_BLUE, F
0D9A  5040      	MOVF FCD_0f051__00061_1_FCL_GREEN, W
0D9C  6E43      	MOVWF CompTempVar2662
0D9E  6A24      	CLRF gbl_FCV_0f051_gLCD_EB076_4_0000C+D'1'
0DA0  3643      	RLCF CompTempVar2662, F
0DA2  3624      	RLCF gbl_FCV_0f051_gLCD_EB076_4_0000C+D'1', F
0DA4  3643      	RLCF CompTempVar2662, F
0DA6  3624      	RLCF gbl_FCV_0f051_gLCD_EB076_4_0000C+D'1', F
0DA8  3643      	RLCF CompTempVar2662, F
0DAA  3624      	RLCF gbl_FCV_0f051_gLCD_EB076_4_0000C+D'1', F
0DAC  3643      	RLCF CompTempVar2662, F
0DAE  3624      	RLCF gbl_FCV_0f051_gLCD_EB076_4_0000C+D'1', F
0DB0  3643      	RLCF CompTempVar2662, F
0DB2  3624      	RLCF gbl_FCV_0f051_gLCD_EB076_4_0000C+D'1', F
0DB4  0EE0      	MOVLW 0xE0
0DB6  1643      	ANDWF CompTempVar2662, F
0DB8  5043      	MOVF CompTempVar2662, W
0DBA  1041      	IORWF FCD_0f051__00061_1_FCL_BLUE, W
0DBC  6E23      	MOVWF gbl_FCV_0f051_gLCD_EB076_4_0000C
0DBE  6A43      	CLRF CompTempVar2666
0DC0  503F      	MOVF FCD_0f051__00061_1_FCL_RED, W
0DC2  6E44      	MOVWF CompTempVar2667
0DC4  90D8      	BCF STATUS,C
0DC6  3644      	RLCF CompTempVar2667, F
0DC8  90D8      	BCF STATUS,C
0DCA  3644      	RLCF CompTempVar2667, F
0DCC  90D8      	BCF STATUS,C
0DCE  3644      	RLCF CompTempVar2667, F
0DD0  5043      	MOVF CompTempVar2666, W
0DD2  1223      	IORWF gbl_FCV_0f051_gLCD_EB076_4_0000C, F
0DD4  5044      	MOVF CompTempVar2667, W
0DD6  1224      	IORWF gbl_FCV_0f051_gLCD_EB076_4_0000C+D'1', F
0DD8  EC51F001  	CALL FCD_0f051__00062
0DDC  0E0A      	MOVLW 0x0A
0DDE  6E4D      	MOVWF FC_CAL_UAR_00072_arg_nTimeout
0DE0  EC4EF000  	CALL FC_CAL_UAR_00072
0DE4  0E0A      	MOVLW 0x0A
0DE6  6E4D      	MOVWF FC_CAL_UAR_00072_arg_nTimeout
0DE8  EC4EF000  	CALL FC_CAL_UAR_00072
0DEC  0012      	RETURN
0DEE            ; } FCD_0f051_gLCD_EB076_4D1__Initialise function end

	ORG 0x00000DEE
0DEE            FCM_Reinit_00065
0DEE            ; { FCM_Reinitialisation_tactile ; function begin
0DEE  EC20F006  	CALL FCD_0f051__00066
0DF2  ECF0F005  	CALL FCD_0f051__00067
0DF6  0012      	RETURN
0DF8            ; } FCM_Reinitialisation_tactile function end

	ORG 0x00000DF8
0DF8            FCM_Recupe_0006D
0DF8            ; { FCM_Recuperation_coordonees ; function begin
0DF8  ECA1F005  	CALL FCD_0f051__0006E
0DFC  5041      	MOVF CompTempVarRet2688, W
0DFE  6E35      	MOVWF gbl_FCV_APPUI_ECRAN
0E00  0012      	RETURN
0E02            ; } FCM_Recuperation_coordonees function end

	ORG 0x00000E02
0E02            FCM_Initia_00060
0E02            ; { FCM_Initialisation ; function begin
0E02  EC3DF006  	CALL FCD_0f051__00061
0E06  EC51F001  	CALL FCD_0f051__00062
0E0A  ECF4F001  	CALL FCM_lignes_00063
0E0E  EC71F001  	CALL FCM_lignes_00064
0E12  0012      	RETURN
0E14            ; } FCM_Initialisation function end

	ORG 0x00000E14
0E14            FCM_Hitbox_00000
0E14            ; { FCM_Hitbox ; function begin
0E14  0E18      	MOVLW 0x18
0E16  5C21      	SUBWF gbl_FCV_X, W
0E18  E205      	BC	label124
0E1A  6622      	TSTFSZ gbl_FCV_X+D'1'
0E1C  D003      	BRA	label124
0E1E  EC6AF003  	CALL FCM_X_24_00000
0E22  0012      	RETURN
0E24            label124
0E24  0E30      	MOVLW 0x30
0E26  5C21      	SUBWF gbl_FCV_X, W
0E28  E205      	BC	label125
0E2A  6622      	TSTFSZ gbl_FCV_X+D'1'
0E2C  D003      	BRA	label125
0E2E  EC19F003  	CALL FCM_X_48_00000
0E32  0012      	RETURN
0E34            label125
0E34  0E48      	MOVLW 0x48
0E36  5C21      	SUBWF gbl_FCV_X, W
0E38  E205      	BC	label126
0E3A  6622      	TSTFSZ gbl_FCV_X+D'1'
0E3C  D003      	BRA	label126
0E3E  ECC8F002  	CALL FCM_X_72_00000
0E42  0012      	RETURN
0E44            label126
0E44  0E60      	MOVLW 0x60
0E46  5C21      	SUBWF gbl_FCV_X, W
0E48  E205      	BC	label127
0E4A  6622      	TSTFSZ gbl_FCV_X+D'1'
0E4C  D003      	BRA	label127
0E4E  EC77F002  	CALL FCM_X_96_00000
0E52  0012      	RETURN
0E54            label127
0E54  0E78      	MOVLW 0x78
0E56  5C21      	SUBWF gbl_FCV_X, W
0E58  E205      	BC	label128
0E5A  6622      	TSTFSZ gbl_FCV_X+D'1'
0E5C  D003      	BRA	label128
0E5E  EC50F005  	CALL FCM_X_120_00000
0E62  0012      	RETURN
0E64            label128
0E64  0E90      	MOVLW 0x90
0E66  5C21      	SUBWF gbl_FCV_X, W
0E68  E205      	BC	label129
0E6A  6622      	TSTFSZ gbl_FCV_X+D'1'
0E6C  D003      	BRA	label129
0E6E  ECFFF004  	CALL FCM_X_144_00000
0E72  0012      	RETURN
0E74            label129
0E74  0EA8      	MOVLW 0xA8
0E76  5C21      	SUBWF gbl_FCV_X, W
0E78  E205      	BC	label130
0E7A  6622      	TSTFSZ gbl_FCV_X+D'1'
0E7C  D003      	BRA	label130
0E7E  ECAEF004  	CALL FCM_X_168_00000
0E82  0012      	RETURN
0E84            label130
0E84  0EC0      	MOVLW 0xC0
0E86  5C21      	SUBWF gbl_FCV_X, W
0E88  E205      	BC	label131
0E8A  6622      	TSTFSZ gbl_FCV_X+D'1'
0E8C  D003      	BRA	label131
0E8E  EC5DF004  	CALL FCM_X_192_00000
0E92  0012      	RETURN
0E94            label131
0E94  0ED8      	MOVLW 0xD8
0E96  5C21      	SUBWF gbl_FCV_X, W
0E98  E205      	BC	label132
0E9A  6622      	TSTFSZ gbl_FCV_X+D'1'
0E9C  D003      	BRA	label132
0E9E  EC0CF004  	CALL FCM_X_216_00000
0EA2  0012      	RETURN
0EA4            label132
0EA4  0EF0      	MOVLW 0xF0
0EA6  5C21      	SUBWF gbl_FCV_X, W
0EA8  B0D8      	BTFSC STATUS,C
0EAA  0012      	RETURN
0EAC  6622      	TSTFSZ gbl_FCV_X+D'1'
0EAE  0012      	RETURN
0EB0  ECBBF003  	CALL FCM_X_240_00000
0EB4  0012      	RETURN
0EB6            ; } FCM_Hitbox function end

	ORG 0x00000EB6
0EB6            FCD_0f051__000A5
0EB6            ; { FCD_0f051_gLCD_EB076_4D1__DrawRectangle ; function begin
0EB6  5247      	MOVF FCD_0f051__000A5_arg_FCL_T_000A6, F
0EB8  E14D      	BNZ	label133
0EBA  5248      	MOVF FCD_0f051__000A5_arg_FCL_SOLID, F
0EBC  E14B      	BNZ	label133
0EBE  0E70      	MOVLW 0x70
0EC0  6E4D      	MOVWF FC_CAL_UAR_00073_arg_nChar
0EC2  6A4E      	CLRF FC_CAL_UAR_00073_arg_nChar+D'1'
0EC4  EC46F000  	CALL FC_CAL_UAR_00073
0EC8  6A4D      	CLRF FC_CAL_UAR_00073_arg_nChar
0ECA  6A4E      	CLRF FC_CAL_UAR_00073_arg_nChar+D'1'
0ECC  EC46F000  	CALL FC_CAL_UAR_00073
0ED0  684D      	SETF FC_CAL_UAR_00072_arg_nTimeout
0ED2  EC4EF000  	CALL FC_CAL_UAR_00072
0ED6  0E72      	MOVLW 0x72
0ED8  6E4D      	MOVWF FC_CAL_UAR_00073_arg_nChar
0EDA  6A4E      	CLRF FC_CAL_UAR_00073_arg_nChar+D'1'
0EDC  EC46F000  	CALL FC_CAL_UAR_00073
0EE0  5040      	MOVF FCD_0f051__000A5_arg_FCL_X1+D'1', W
0EE2  6E4D      	MOVWF FC_CAL_UAR_00073_arg_nChar
0EE4  6A4E      	CLRF FC_CAL_UAR_00073_arg_nChar+D'1'
0EE6  EC46F000  	CALL FC_CAL_UAR_00073
0EEA  503F      	MOVF FCD_0f051__000A5_arg_FCL_X1, W
0EEC  6E4D      	MOVWF FC_CAL_UAR_00073_arg_nChar
0EEE  5040      	MOVF FCD_0f051__000A5_arg_FCL_X1+D'1', W
0EF0  6E4E      	MOVWF FC_CAL_UAR_00073_arg_nChar+D'1'
0EF2  EC46F000  	CALL FC_CAL_UAR_00073
0EF6  5042      	MOVF FCD_0f051__000A5_arg_FCL_Y1+D'1', W
0EF8  6E4D      	MOVWF FC_CAL_UAR_00073_arg_nChar
0EFA  6A4E      	CLRF FC_CAL_UAR_00073_arg_nChar+D'1'
0EFC  EC46F000  	CALL FC_CAL_UAR_00073
0F00  5041      	MOVF FCD_0f051__000A5_arg_FCL_Y1, W
0F02  6E4D      	MOVWF FC_CAL_UAR_00073_arg_nChar
0F04  5042      	MOVF FCD_0f051__000A5_arg_FCL_Y1+D'1', W
0F06  6E4E      	MOVWF FC_CAL_UAR_00073_arg_nChar+D'1'
0F08  EC46F000  	CALL FC_CAL_UAR_00073
0F0C  5044      	MOVF FCD_0f051__000A5_arg_FCL_X2+D'1', W
0F0E  6E4D      	MOVWF FC_CAL_UAR_00073_arg_nChar
0F10  6A4E      	CLRF FC_CAL_UAR_00073_arg_nChar+D'1'
0F12  EC46F000  	CALL FC_CAL_UAR_00073
0F16  5043      	MOVF FCD_0f051__000A5_arg_FCL_X2, W
0F18  6E4D      	MOVWF FC_CAL_UAR_00073_arg_nChar
0F1A  5044      	MOVF FCD_0f051__000A5_arg_FCL_X2+D'1', W
0F1C  6E4E      	MOVWF FC_CAL_UAR_00073_arg_nChar+D'1'
0F1E  EC46F000  	CALL FC_CAL_UAR_00073
0F22  5046      	MOVF FCD_0f051__000A5_arg_FCL_Y2+D'1', W
0F24  6E4D      	MOVWF FC_CAL_UAR_00073_arg_nChar
0F26  6A4E      	CLRF FC_CAL_UAR_00073_arg_nChar+D'1'
0F28  EC46F000  	CALL FC_CAL_UAR_00073
0F2C  5045      	MOVF FCD_0f051__000A5_arg_FCL_Y2, W
0F2E  6E4D      	MOVWF FC_CAL_UAR_00073_arg_nChar
0F30  5046      	MOVF FCD_0f051__000A5_arg_FCL_Y2+D'1', W
0F32  6E4E      	MOVWF FC_CAL_UAR_00073_arg_nChar+D'1'
0F34  EC46F000  	CALL FC_CAL_UAR_00073
0F38  5024      	MOVF gbl_FCV_0f051_gLCD_EB076_4_0000C+D'1', W
0F3A  6E4D      	MOVWF FC_CAL_UAR_00073_arg_nChar
0F3C  6A4E      	CLRF FC_CAL_UAR_00073_arg_nChar+D'1'
0F3E  EC46F000  	CALL FC_CAL_UAR_00073
0F42  5023      	MOVF gbl_FCV_0f051_gLCD_EB076_4_0000C, W
0F44  6E4D      	MOVWF FC_CAL_UAR_00073_arg_nChar
0F46  5024      	MOVF gbl_FCV_0f051_gLCD_EB076_4_0000C+D'1', W
0F48  6E4E      	MOVWF FC_CAL_UAR_00073_arg_nChar+D'1'
0F4A  EC46F000  	CALL FC_CAL_UAR_00073
0F4E  684D      	SETF FC_CAL_UAR_00072_arg_nTimeout
0F50  EC4EF000  	CALL FC_CAL_UAR_00072
0F54            label133
0F54  0E70      	MOVLW 0x70
0F56  6E4D      	MOVWF FC_CAL_UAR_00073_arg_nChar
0F58  6A4E      	CLRF FC_CAL_UAR_00073_arg_nChar+D'1'
0F5A  EC46F000  	CALL FC_CAL_UAR_00073
0F5E  5248      	MOVF FCD_0f051__000A5_arg_FCL_SOLID, F
0F60  E005      	BZ	label134
0F62  6A4D      	CLRF FC_CAL_UAR_00073_arg_nChar
0F64  6A4E      	CLRF FC_CAL_UAR_00073_arg_nChar+D'1'
0F66  EC46F000  	CALL FC_CAL_UAR_00073
0F6A  D005      	BRA	label135
0F6C            label134
0F6C  0E01      	MOVLW 0x01
0F6E  6E4D      	MOVWF FC_CAL_UAR_00073_arg_nChar
0F70  6A4E      	CLRF FC_CAL_UAR_00073_arg_nChar+D'1'
0F72  EC46F000  	CALL FC_CAL_UAR_00073
0F76            label135
0F76  684D      	SETF FC_CAL_UAR_00072_arg_nTimeout
0F78  EC4EF000  	CALL FC_CAL_UAR_00072
0F7C  0E72      	MOVLW 0x72
0F7E  6E4D      	MOVWF FC_CAL_UAR_00073_arg_nChar
0F80  6A4E      	CLRF FC_CAL_UAR_00073_arg_nChar+D'1'
0F82  EC46F000  	CALL FC_CAL_UAR_00073
0F86  5040      	MOVF FCD_0f051__000A5_arg_FCL_X1+D'1', W
0F88  6E4D      	MOVWF FC_CAL_UAR_00073_arg_nChar
0F8A  6A4E      	CLRF FC_CAL_UAR_00073_arg_nChar+D'1'
0F8C  EC46F000  	CALL FC_CAL_UAR_00073
0F90  503F      	MOVF FCD_0f051__000A5_arg_FCL_X1, W
0F92  6E4D      	MOVWF FC_CAL_UAR_00073_arg_nChar
0F94  5040      	MOVF FCD_0f051__000A5_arg_FCL_X1+D'1', W
0F96  6E4E      	MOVWF FC_CAL_UAR_00073_arg_nChar+D'1'
0F98  EC46F000  	CALL FC_CAL_UAR_00073
0F9C  5042      	MOVF FCD_0f051__000A5_arg_FCL_Y1+D'1', W
0F9E  6E4D      	MOVWF FC_CAL_UAR_00073_arg_nChar
0FA0  6A4E      	CLRF FC_CAL_UAR_00073_arg_nChar+D'1'
0FA2  EC46F000  	CALL FC_CAL_UAR_00073
0FA6  5041      	MOVF FCD_0f051__000A5_arg_FCL_Y1, W
0FA8  6E4D      	MOVWF FC_CAL_UAR_00073_arg_nChar
0FAA  5042      	MOVF FCD_0f051__000A5_arg_FCL_Y1+D'1', W
0FAC  6E4E      	MOVWF FC_CAL_UAR_00073_arg_nChar+D'1'
0FAE  EC46F000  	CALL FC_CAL_UAR_00073
0FB2  5044      	MOVF FCD_0f051__000A5_arg_FCL_X2+D'1', W
0FB4  6E4D      	MOVWF FC_CAL_UAR_00073_arg_nChar
0FB6  6A4E      	CLRF FC_CAL_UAR_00073_arg_nChar+D'1'
0FB8  EC46F000  	CALL FC_CAL_UAR_00073
0FBC  5043      	MOVF FCD_0f051__000A5_arg_FCL_X2, W
0FBE  6E4D      	MOVWF FC_CAL_UAR_00073_arg_nChar
0FC0  5044      	MOVF FCD_0f051__000A5_arg_FCL_X2+D'1', W
0FC2  6E4E      	MOVWF FC_CAL_UAR_00073_arg_nChar+D'1'
0FC4  EC46F000  	CALL FC_CAL_UAR_00073
0FC8  5046      	MOVF FCD_0f051__000A5_arg_FCL_Y2+D'1', W
0FCA  6E4D      	MOVWF FC_CAL_UAR_00073_arg_nChar
0FCC  6A4E      	CLRF FC_CAL_UAR_00073_arg_nChar+D'1'
0FCE  EC46F000  	CALL FC_CAL_UAR_00073
0FD2  5045      	MOVF FCD_0f051__000A5_arg_FCL_Y2, W
0FD4  6E4D      	MOVWF FC_CAL_UAR_00073_arg_nChar
0FD6  5046      	MOVF FCD_0f051__000A5_arg_FCL_Y2+D'1', W
0FD8  6E4E      	MOVWF FC_CAL_UAR_00073_arg_nChar+D'1'
0FDA  EC46F000  	CALL FC_CAL_UAR_00073
0FDE  5026      	MOVF gbl_FCV_0f051_gLCD_EB076_4_0000D+D'1', W
0FE0  6E4D      	MOVWF FC_CAL_UAR_00073_arg_nChar
0FE2  6A4E      	CLRF FC_CAL_UAR_00073_arg_nChar+D'1'
0FE4  EC46F000  	CALL FC_CAL_UAR_00073
0FE8  5025      	MOVF gbl_FCV_0f051_gLCD_EB076_4_0000D, W
0FEA  6E4D      	MOVWF FC_CAL_UAR_00073_arg_nChar
0FEC  5026      	MOVF gbl_FCV_0f051_gLCD_EB076_4_0000D+D'1', W
0FEE  6E4E      	MOVWF FC_CAL_UAR_00073_arg_nChar+D'1'
0FF0  EC46F000  	CALL FC_CAL_UAR_00073
0FF4  684D      	SETF FC_CAL_UAR_00072_arg_nTimeout
0FF6  EC4EF000  	CALL FC_CAL_UAR_00072
0FFA  0012      	RETURN
0FFC            ; } FCD_0f051_gLCD_EB076_4D1__DrawRectangle function end

	ORG 0x00000FFC
0FFC            FCD_0f051__0006A
0FFC            ; { FCD_0f051_gLCD_EB076_4D1__G4D_ReadTouchCoordinatesPicaso ; function begin
0FFC  6A40      	CLRF FCD_0f051__0006A_1_FCR_RETVAL
0FFE  6A41      	CLRF FCD_0f051__0006A_1_FCR_RETVAL+D'1'
1000  523F      	MOVF FCD_0f051__0006A_arg_FCL_AXIS, F
1002  E007      	BZ	label137
1004  0E78      	MOVLW 0x78
1006  623F      	CPFSEQ FCD_0f051__0006A_arg_FCL_AXIS
1008  D001      	BRA	label136
100A  D003      	BRA	label137
100C            label136
100C  0E58      	MOVLW 0x58
100E  623F      	CPFSEQ FCD_0f051__0006A_arg_FCL_AXIS
1010  D004      	BRA	label138
1012            label137
1012  5029      	MOVF gbl_FCV_0f051_gLCD_EB076_4_0000F, W
1014  6E40      	MOVWF FCD_0f051__0006A_1_FCR_RETVAL
1016  502A      	MOVF gbl_FCV_0f051_gLCD_EB076_4_0000F+D'1', W
1018  6E41      	MOVWF FCD_0f051__0006A_1_FCR_RETVAL+D'1'
101A            label138
101A  043F      	DECF FCD_0f051__0006A_arg_FCL_AXIS, W
101C  E007      	BZ	label140
101E  0E79      	MOVLW 0x79
1020  623F      	CPFSEQ FCD_0f051__0006A_arg_FCL_AXIS
1022  D001      	BRA	label139
1024  D003      	BRA	label140
1026            label139
1026  0E59      	MOVLW 0x59
1028  623F      	CPFSEQ FCD_0f051__0006A_arg_FCL_AXIS
102A  D004      	BRA	label141
102C            label140
102C  5027      	MOVF gbl_FCV_0f051_gLCD_EB076_4_0000E, W
102E  6E40      	MOVWF FCD_0f051__0006A_1_FCR_RETVAL
1030  5028      	MOVF gbl_FCV_0f051_gLCD_EB076_4_0000E+D'1', W
1032  6E41      	MOVWF FCD_0f051__0006A_1_FCR_RETVAL+D'1'
1034            label141
1034  5040      	MOVF FCD_0f051__0006A_1_FCR_RETVAL, W
1036  6E42      	MOVWF CompTempVarRet2684
1038  5041      	MOVF FCD_0f051__0006A_1_FCR_RETVAL+D'1', W
103A  6E43      	MOVWF CompTempVarRet2684+D'1'
103C  0012      	RETURN
103E            ; } FCD_0f051_gLCD_EB076_4D1__G4D_ReadTouchCoordinatesPicaso function end

	ORG 0x0000103E
103E            main
103E            ; { main ; function begin
103E  0E0F      	MOVLW 0x0F
1040  6EC1      	MOVWF gbl_adcon1
1042  EC01F007  	CALL FCM_Initia_00060
1046            label142
1046  ECF7F006  	CALL FCM_Reinit_00065
104A            label143
104A  5235      	MOVF gbl_FCV_APPUI_ECRAN, F
104C  E103      	BNZ	label144
104E  ECFCF006  	CALL FCM_Recupe_0006D
1052  D7FB      	BRA	label143
1054            label144
1054  6A3F      	CLRF FCD_0f051__0006A_arg_FCL_AXIS
1056  ECFEF007  	CALL FCD_0f051__0006A
105A  5042      	MOVF CompTempVarRet2684, W
105C  6E21      	MOVWF gbl_FCV_X
105E  5043      	MOVF CompTempVarRet2684+D'1', W
1060  6E22      	MOVWF gbl_FCV_X+D'1'
1062  0E01      	MOVLW 0x01
1064  6E3F      	MOVWF FCD_0f051__0006A_arg_FCL_AXIS
1066  ECFEF007  	CALL FCD_0f051__0006A
106A  5042      	MOVF CompTempVarRet2684, W
106C  6E1F      	MOVWF gbl_FCV_Y
106E  5043      	MOVF CompTempVarRet2684+D'1', W
1070  6E20      	MOVWF gbl_FCV_Y+D'1'
1072  EC0AF007  	CALL FCM_Hitbox_00000
1076  0434      	DECF gbl_FCV_HITBOX, W
1078  E024      	BZ	label153
107A  0E0B      	MOVLW 0x0B
107C  6234      	CPFSEQ gbl_FCV_HITBOX
107E  D001      	BRA	label145
1080  D030      	BRA	label154
1082            label145
1082  0E15      	MOVLW 0x15
1084  6234      	CPFSEQ gbl_FCV_HITBOX
1086  D001      	BRA	label146
1088  D03D      	BRA	label155
108A            label146
108A  0E1F      	MOVLW 0x1F
108C  6234      	CPFSEQ gbl_FCV_HITBOX
108E  D001      	BRA	label147
1090  D04A      	BRA	label156
1092            label147
1092  0E29      	MOVLW 0x29
1094  6234      	CPFSEQ gbl_FCV_HITBOX
1096  D001      	BRA	label148
1098  D057      	BRA	label157
109A            label148
109A  0E33      	MOVLW 0x33
109C  6234      	CPFSEQ gbl_FCV_HITBOX
109E  D001      	BRA	label149
10A0  D064      	BRA	label158
10A2            label149
10A2  0E3D      	MOVLW 0x3D
10A4  6234      	CPFSEQ gbl_FCV_HITBOX
10A6  D001      	BRA	label150
10A8  D071      	BRA	label159
10AA            label150
10AA  0E47      	MOVLW 0x47
10AC  6234      	CPFSEQ gbl_FCV_HITBOX
10AE  D001      	BRA	label151
10B0  D07E      	BRA	label160
10B2            label151
10B2  0E51      	MOVLW 0x51
10B4  6234      	CPFSEQ gbl_FCV_HITBOX
10B6  D001      	BRA	label152
10B8  D08B      	BRA	label161
10BA            label152
10BA  0E5B      	MOVLW 0x5B
10BC  6234      	CPFSEQ gbl_FCV_HITBOX
10BE  D0A9      	BRA	label163
10C0  D098      	BRA	label162
10C2            label153
10C2  6A3F      	CLRF FCD_0f051__000A5_arg_FCL_X1
10C4  6A40      	CLRF FCD_0f051__000A5_arg_FCL_X1+D'1'
10C6  6A41      	CLRF FCD_0f051__000A5_arg_FCL_Y1
10C8  6A42      	CLRF FCD_0f051__000A5_arg_FCL_Y1+D'1'
10CA  0E18      	MOVLW 0x18
10CC  6E43      	MOVWF FCD_0f051__000A5_arg_FCL_X2
10CE  6A44      	CLRF FCD_0f051__000A5_arg_FCL_X2+D'1'
10D0  0E18      	MOVLW 0x18
10D2  6E45      	MOVWF FCD_0f051__000A5_arg_FCL_Y2
10D4  6A46      	CLRF FCD_0f051__000A5_arg_FCL_Y2+D'1'
10D6  6A47      	CLRF FCD_0f051__000A5_arg_FCL_T_000A6
10D8  0E01      	MOVLW 0x01
10DA  6E48      	MOVWF FCD_0f051__000A5_arg_FCL_SOLID
10DC  EC5BF007  	CALL FCD_0f051__000A5
10E0  D098      	BRA	label163
10E2            label154
10E2  6A3F      	CLRF FCD_0f051__000A5_arg_FCL_X1
10E4  6A40      	CLRF FCD_0f051__000A5_arg_FCL_X1+D'1'
10E6  0E18      	MOVLW 0x18
10E8  6E41      	MOVWF FCD_0f051__000A5_arg_FCL_Y1
10EA  6A42      	CLRF FCD_0f051__000A5_arg_FCL_Y1+D'1'
10EC  0E18      	MOVLW 0x18
10EE  6E43      	MOVWF FCD_0f051__000A5_arg_FCL_X2
10F0  6A44      	CLRF FCD_0f051__000A5_arg_FCL_X2+D'1'
10F2  0E30      	MOVLW 0x30
10F4  6E45      	MOVWF FCD_0f051__000A5_arg_FCL_Y2
10F6  6A46      	CLRF FCD_0f051__000A5_arg_FCL_Y2+D'1'
10F8  6A47      	CLRF FCD_0f051__000A5_arg_FCL_T_000A6
10FA  0E01      	MOVLW 0x01
10FC  6E48      	MOVWF FCD_0f051__000A5_arg_FCL_SOLID
10FE  EC5BF007  	CALL FCD_0f051__000A5
1102  D087      	BRA	label163
1104            label155
1104  6A3F      	CLRF FCD_0f051__000A5_arg_FCL_X1
1106  6A40      	CLRF FCD_0f051__000A5_arg_FCL_X1+D'1'
1108  0E30      	MOVLW 0x30
110A  6E41      	MOVWF FCD_0f051__000A5_arg_FCL_Y1
110C  6A42      	CLRF FCD_0f051__000A5_arg_FCL_Y1+D'1'
110E  0E18      	MOVLW 0x18
1110  6E43      	MOVWF FCD_0f051__000A5_arg_FCL_X2
1112  6A44      	CLRF FCD_0f051__000A5_arg_FCL_X2+D'1'
1114  0E48      	MOVLW 0x48
1116  6E45      	MOVWF FCD_0f051__000A5_arg_FCL_Y2
1118  6A46      	CLRF FCD_0f051__000A5_arg_FCL_Y2+D'1'
111A  6A47      	CLRF FCD_0f051__000A5_arg_FCL_T_000A6
111C  0E01      	MOVLW 0x01
111E  6E48      	MOVWF FCD_0f051__000A5_arg_FCL_SOLID
1120  EC5BF007  	CALL FCD_0f051__000A5
1124  D076      	BRA	label163
1126            label156
1126  6A3F      	CLRF FCD_0f051__000A5_arg_FCL_X1
1128  6A40      	CLRF FCD_0f051__000A5_arg_FCL_X1+D'1'
112A  0E48      	MOVLW 0x48
112C  6E41      	MOVWF FCD_0f051__000A5_arg_FCL_Y1
112E  6A42      	CLRF FCD_0f051__000A5_arg_FCL_Y1+D'1'
1130  0E18      	MOVLW 0x18
1132  6E43      	MOVWF FCD_0f051__000A5_arg_FCL_X2
1134  6A44      	CLRF FCD_0f051__000A5_arg_FCL_X2+D'1'
1136  0E60      	MOVLW 0x60
1138  6E45      	MOVWF FCD_0f051__000A5_arg_FCL_Y2
113A  6A46      	CLRF FCD_0f051__000A5_arg_FCL_Y2+D'1'
113C  6A47      	CLRF FCD_0f051__000A5_arg_FCL_T_000A6
113E  0E01      	MOVLW 0x01
1140  6E48      	MOVWF FCD_0f051__000A5_arg_FCL_SOLID
1142  EC5BF007  	CALL FCD_0f051__000A5
1146  D065      	BRA	label163
1148            label157
1148  6A3F      	CLRF FCD_0f051__000A5_arg_FCL_X1
114A  6A40      	CLRF FCD_0f051__000A5_arg_FCL_X1+D'1'
114C  0E60      	MOVLW 0x60
114E  6E41      	MOVWF FCD_0f051__000A5_arg_FCL_Y1
1150  6A42      	CLRF FCD_0f051__000A5_arg_FCL_Y1+D'1'
1152  0E18      	MOVLW 0x18
1154  6E43      	MOVWF FCD_0f051__000A5_arg_FCL_X2
1156  6A44      	CLRF FCD_0f051__000A5_arg_FCL_X2+D'1'
1158  0E78      	MOVLW 0x78
115A  6E45      	MOVWF FCD_0f051__000A5_arg_FCL_Y2
115C  6A46      	CLRF FCD_0f051__000A5_arg_FCL_Y2+D'1'
115E  6A47      	CLRF FCD_0f051__000A5_arg_FCL_T_000A6
1160  0E01      	MOVLW 0x01
1162  6E48      	MOVWF FCD_0f051__000A5_arg_FCL_SOLID
1164  EC5BF007  	CALL FCD_0f051__000A5
1168  D054      	BRA	label163
116A            label158
116A  6A3F      	CLRF FCD_0f051__000A5_arg_FCL_X1
116C  6A40      	CLRF FCD_0f051__000A5_arg_FCL_X1+D'1'
116E  0E78      	MOVLW 0x78
1170  6E41      	MOVWF FCD_0f051__000A5_arg_FCL_Y1
1172  6A42      	CLRF FCD_0f051__000A5_arg_FCL_Y1+D'1'
1174  0E18      	MOVLW 0x18
1176  6E43      	MOVWF FCD_0f051__000A5_arg_FCL_X2
1178  6A44      	CLRF FCD_0f051__000A5_arg_FCL_X2+D'1'
117A  0E90      	MOVLW 0x90
117C  6E45      	MOVWF FCD_0f051__000A5_arg_FCL_Y2
117E  6A46      	CLRF FCD_0f051__000A5_arg_FCL_Y2+D'1'
1180  6A47      	CLRF FCD_0f051__000A5_arg_FCL_T_000A6
1182  0E01      	MOVLW 0x01
1184  6E48      	MOVWF FCD_0f051__000A5_arg_FCL_SOLID
1186  EC5BF007  	CALL FCD_0f051__000A5
118A  D043      	BRA	label163
118C            label159
118C  6A3F      	CLRF FCD_0f051__000A5_arg_FCL_X1
118E  6A40      	CLRF FCD_0f051__000A5_arg_FCL_X1+D'1'
1190  0E90      	MOVLW 0x90
1192  6E41      	MOVWF FCD_0f051__000A5_arg_FCL_Y1
1194  6A42      	CLRF FCD_0f051__000A5_arg_FCL_Y1+D'1'
1196  0E18      	MOVLW 0x18
1198  6E43      	MOVWF FCD_0f051__000A5_arg_FCL_X2
119A  6A44      	CLRF FCD_0f051__000A5_arg_FCL_X2+D'1'
119C  0EA8      	MOVLW 0xA8
119E  6E45      	MOVWF FCD_0f051__000A5_arg_FCL_Y2
11A0  6A46      	CLRF FCD_0f051__000A5_arg_FCL_Y2+D'1'
11A2  6A47      	CLRF FCD_0f051__000A5_arg_FCL_T_000A6
11A4  0E01      	MOVLW 0x01
11A6  6E48      	MOVWF FCD_0f051__000A5_arg_FCL_SOLID
11A8  EC5BF007  	CALL FCD_0f051__000A5
11AC  D032      	BRA	label163
11AE            label160
11AE  6A3F      	CLRF FCD_0f051__000A5_arg_FCL_X1
11B0  6A40      	CLRF FCD_0f051__000A5_arg_FCL_X1+D'1'
11B2  0EA8      	MOVLW 0xA8
11B4  6E41      	MOVWF FCD_0f051__000A5_arg_FCL_Y1
11B6  6A42      	CLRF FCD_0f051__000A5_arg_FCL_Y1+D'1'
11B8  0E18      	MOVLW 0x18
11BA  6E43      	MOVWF FCD_0f051__000A5_arg_FCL_X2
11BC  6A44      	CLRF FCD_0f051__000A5_arg_FCL_X2+D'1'
11BE  0EC0      	MOVLW 0xC0
11C0  6E45      	MOVWF FCD_0f051__000A5_arg_FCL_Y2
11C2  6A46      	CLRF FCD_0f051__000A5_arg_FCL_Y2+D'1'
11C4  6A47      	CLRF FCD_0f051__000A5_arg_FCL_T_000A6
11C6  0E01      	MOVLW 0x01
11C8  6E48      	MOVWF FCD_0f051__000A5_arg_FCL_SOLID
11CA  EC5BF007  	CALL FCD_0f051__000A5
11CE  D021      	BRA	label163
11D0            label161
11D0  6A3F      	CLRF FCD_0f051__000A5_arg_FCL_X1
11D2  6A40      	CLRF FCD_0f051__000A5_arg_FCL_X1+D'1'
11D4  0EC0      	MOVLW 0xC0
11D6  6E41      	MOVWF FCD_0f051__000A5_arg_FCL_Y1
11D8  6A42      	CLRF FCD_0f051__000A5_arg_FCL_Y1+D'1'
11DA  0E18      	MOVLW 0x18
11DC  6E43      	MOVWF FCD_0f051__000A5_arg_FCL_X2
11DE  6A44      	CLRF FCD_0f051__000A5_arg_FCL_X2+D'1'
11E0  0ED8      	MOVLW 0xD8
11E2  6E45      	MOVWF FCD_0f051__000A5_arg_FCL_Y2
11E4  6A46      	CLRF FCD_0f051__000A5_arg_FCL_Y2+D'1'
11E6  6A47      	CLRF FCD_0f051__000A5_arg_FCL_T_000A6
11E8  0E01      	MOVLW 0x01
11EA  6E48      	MOVWF FCD_0f051__000A5_arg_FCL_SOLID
11EC  EC5BF007  	CALL FCD_0f051__000A5
11F0  D010      	BRA	label163
11F2            label162
11F2  6A3F      	CLRF FCD_0f051__000A5_arg_FCL_X1
11F4  6A40      	CLRF FCD_0f051__000A5_arg_FCL_X1+D'1'
11F6  0ED8      	MOVLW 0xD8
11F8  6E41      	MOVWF FCD_0f051__000A5_arg_FCL_Y1
11FA  6A42      	CLRF FCD_0f051__000A5_arg_FCL_Y1+D'1'
11FC  0E18      	MOVLW 0x18
11FE  6E43      	MOVWF FCD_0f051__000A5_arg_FCL_X2
1200  6A44      	CLRF FCD_0f051__000A5_arg_FCL_X2+D'1'
1202  0EF0      	MOVLW 0xF0
1204  6E45      	MOVWF FCD_0f051__000A5_arg_FCL_Y2
1206  6A46      	CLRF FCD_0f051__000A5_arg_FCL_Y2+D'1'
1208  6A47      	CLRF FCD_0f051__000A5_arg_FCL_T_000A6
120A  0E01      	MOVLW 0x01
120C  6E48      	MOVWF FCD_0f051__000A5_arg_FCL_SOLID
120E  EC5BF007  	CALL FCD_0f051__000A5
1212            label163
1212  6A35      	CLRF gbl_FCV_APPUI_ECRAN
1214  6A34      	CLRF gbl_FCV_HITBOX
1216  D717      	BRA	label142
1218            ; } main function end

	ORG 0x00001218
1218            _startup
1218  0ED5      	MOVLW 0xD5
121A  6E05      	MOVWF gbl_14_LSR
121C  0EC4      	MOVLW 0xC4
121E  6E06      	MOVWF gbl_14_LSR+D'1'
1220  0EBB      	MOVLW 0xBB
1222  6E07      	MOVWF gbl_14_LSR+D'2'
1224  0EDC      	MOVLW 0xDC
1226  6E08      	MOVWF gbl_14_LSR+D'3'
1228  6A09      	CLRF gbl_15_gbl_aSig
122A  6A0A      	CLRF gbl_15_gbl_aSig+D'1'
122C  6A0B      	CLRF gbl_15_gbl_aSig+D'2'
122E  6A0C      	CLRF gbl_15_gbl_aSig+D'3'
1230  6A0D      	CLRF gbl_15_gbl_bSig
1232  6A0E      	CLRF gbl_15_gbl_bSig+D'1'
1234  6A0F      	CLRF gbl_15_gbl_bSig+D'2'
1236  6A10      	CLRF gbl_15_gbl_bSig+D'3'
1238  6A11      	CLRF gbl_15_gbl_zSig
123A  6A12      	CLRF gbl_15_gbl_zSig+D'1'
123C  6A13      	CLRF gbl_15_gbl_zSig+D'2'
123E  6A14      	CLRF gbl_15_gbl_zSig+D'3'
1240  6A2E      	CLRF gbl_15_gbl_aExp
1242  6A2F      	CLRF gbl_15_gbl_bExp
1244  6A1D      	CLRF gbl_15_gbl_zExp
1246  6A1E      	CLRF gbl_15_gbl_zExp+D'1'
1248  6A30      	CLRF gbl_15_gbl_aSign
124A  6A31      	CLRF gbl_15_gbl_bSign
124C  6A32      	CLRF gbl_15_gbl_zSign
124E  6A33      	CLRF gbl_15_gbl_zSigZero
1250  6A15      	CLRF gbl_15_gbl_ret
1252  6A16      	CLRF gbl_15_gbl_ret+D'1'
1254  6A17      	CLRF gbl_15_gbl_ret+D'2'
1256  6A18      	CLRF gbl_15_gbl_ret+D'3'
1258  6A2C      	CLRF gbl_float_rounding_mode
125A  6A2D      	CLRF gbl_float_exception_flags
125C  6A2B      	CLRF gbl_float_detect_tininess
125E  0E00      	MOVLW 0x00
1260  6E36      	MOVWF gbl_FCD_00fb8_ASCII6__INTL_00000
1262  0E01      	MOVLW 0x01
1264  6E37      	MOVWF gbl_FCD_00fb7_ASCII7__INTL_00001
1266  0E02      	MOVLW 0x02
1268  6E38      	MOVWF gbl_FCD_00fb6_ASCII5__INTL_00002
126A  0E03      	MOVLW 0x03
126C  6E39      	MOVWF gbl_FCD_00fb5_ASCII4__INTL_00003
126E  0E04      	MOVLW 0x04
1270  6E3A      	MOVWF gbl_FCD_00fb4_ASCII3__INTL_00004
1272  0E05      	MOVLW 0x05
1274  6E3B      	MOVWF gbl_FCD_00fb3_ASCII2__INTL_00005
1276  0E06      	MOVLW 0x06
1278  6E3C      	MOVWF gbl_FCD_00fb2_ASCII1__INTL_00006
127A  0E07      	MOVLW 0x07
127C  6E3D      	MOVWF gbl_FCD_00fb1_ASCII0__INTL_00007
127E  6A19      	CLRF gbl_FCV_0ba71_Base_GLCD__P_00009
1280  6A1A      	CLRF gbl_FCV_0ba71_Base_GLCD__P_00009+D'1'
1282  6A1B      	CLRF gbl_FCV_0ba71_Base_GLCD__P_00009+D'2'
1284  6A1C      	CLRF gbl_FCV_0ba71_Base_GLCD__P_00009+D'3'
1286  6A3E      	CLRF gbl_FCV_0ba71_Base_GLCD__O_0000B
1288  EF1FF008  	GOTO	main
	ORG 0x0000128C
128C            interrupt
128C            ; { interrupt ; function begin
128C  CFEAF001  	MOVFF FSR0H,  Int1Context
1290  CFE9F002  	MOVFF FSR0L,  Int1Context+D'1'
1294  CFF4F003  	MOVFF PRODH,  Int1Context+D'2'
1298  CFF3F004  	MOVFF PRODL,  Int1Context+D'3'
129C  C004FFF3  	MOVFF Int1Context+D'3',  PRODL
12A0  C003FFF4  	MOVFF Int1Context+D'2',  PRODH
12A4  C002FFE9  	MOVFF Int1Context+D'1',  FSR0L
12A8  C001FFEA  	MOVFF Int1Context,  FSR0H
12AC  0011      	RETFIE 1
12AE            ; } interrupt function end

	ORG 0x00300000
300000  32FF      	DW 0x32FF
300002  FEFF      	DW 0xFEFF
300004  FBFF      	DW 0xFBFF
300006  FFBA      	DW 0xFFBA
300008  FFFF      	DW 0xFFFF
30000A  FFFF      	DW 0xFFFF
30000C  FFFF      	DW 0xFFFF
