;/////////////////////////////////////////////////////////////////////////////////
;// Code Generator: BoostC Compiler - http://www.sourceboost.com
;// Version       : 7.20
;// License Type  : Pro License
;// Limitations   : PIC18 max code size:Unlimited, max RAM banks:Unlimited
;/////////////////////////////////////////////////////////////////////////////////

	ORG 0x00000000
0000  EFB0F005  	GOTO	_startup
	ORG 0x00000008
0008  EF04F006  	GOTO	interrupt
	ORG 0x0000000C
000C            delay_ms_00000
000C            ; { delay_ms ; function begin
000C  53B7      	MOVF delay_ms_00000_arg_del, F, 1
000E  0000      	NOP
0010  E101      	BNZ	label1
0012  0012      	RETURN
0014            label1
0014  0EF5      	MOVLW 0xF5
0016            label2
0016  0000      	NOP
0018  0000      	NOP
001A  0000      	NOP
001C  0000      	NOP
001E  0000      	NOP
0020  0000      	NOP
0022  0000      	NOP
0024  0000      	NOP
0026  0000      	NOP
0028  0000      	NOP
002A  0000      	NOP
002C  0000      	NOP
002E  0000      	NOP
0030  0000      	NOP
0032  0000      	NOP
0034  0000      	NOP
0036  0FFF      	ADDLW 0xFF
0038  A4D8      	BTFSS STATUS,Z
003A  D7ED      	BRA	label2
003C  0000      	NOP
003E  0000      	NOP
0040  0000      	NOP
0042  0000      	NOP
0044  0000      	NOP
0046  0000      	NOP
0048  0000      	NOP
004A  0000      	NOP
004C  0000      	NOP
004E  0000      	NOP
0050  0000      	NOP
0052  0000      	NOP
0054  0000      	NOP
0056  2FB7      	DECFSZ delay_ms_00000_arg_del, F, 1
0058  D7DD      	BRA	label1
005A  0012      	RETURN
005C            ; } delay_ms function end

	ORG 0x0000005C
005C            delay_us_00000
005C            ; { delay_us ; function begin
005C            label3
005C  0000      	NOP
005E  0000      	NOP
0060  2FB6      	DECFSZ delay_us_00000_arg_del, F, 1
0062  D7FC      	BRA	label3
0064  0012      	RETURN
0066            ; } delay_us function end

	ORG 0x00000066
0066            delay_s_00000
0066            ; { delay_s ; function begin
0066            label4
0066  0EFA      	MOVLW 0xFA
0068  6FB7      	MOVWF delay_ms_00000_arg_del, 1
006A  EC06F000  	CALL delay_ms_00000
006E  0EFA      	MOVLW 0xFA
0070  6FB7      	MOVWF delay_ms_00000_arg_del, 1
0072  EC06F000  	CALL delay_ms_00000
0076  0EFA      	MOVLW 0xFA
0078  6FB7      	MOVWF delay_ms_00000_arg_del, 1
007A  EC06F000  	CALL delay_ms_00000
007E  0EFA      	MOVLW 0xFA
0080  6FB7      	MOVWF delay_ms_00000_arg_del, 1
0082  EC06F000  	CALL delay_ms_00000
0086  2FB6      	DECFSZ delay_s_00000_arg_del, F, 1
0088  D7EE      	BRA	label4
008A  0012      	RETURN
008C            ; } delay_s function end

	ORG 0x0000008C
008C            FC_CAL_UAR_00079
008C            ; { FC_CAL_UART_Send_1 ; function begin
008C            label5
008C  0E10      	MOVLW 0x10
008E  149E      	ANDWF gbl_pir1, W
0090  6FC9      	MOVWF CompTempVar2791, 1
0092  53C9      	MOVF CompTempVar2791, F, 1
0094  E0FB      	BZ	label5
0096  51C7      	MOVF FC_CAL_UAR_00079_arg_nChar, W, 1
0098  6EAD      	MOVWF gbl_txreg
009A  0012      	RETURN
009C            ; } FC_CAL_UART_Send_1 function end

	ORG 0x0000009C
009C            FC_CAL_UAR_00078
009C            ; { FC_CAL_UART_Receive_1 ; function begin
009C  69C8      	SETF FC_CAL_UAR_00078_1_retVal, 1
009E  6BC9      	CLRF FC_CAL_UAR_00078_1_delay1, 1
00A0  6BCA      	CLRF FC_CAL_UAR_00078_1_regcheck, 1
00A2  6BCB      	CLRF FC_CAL_UAR_00078_1_bWaitForever, 1
00A4  6BCC      	CLRF FC_CAL_UAR_00078_1_rxStatus, 1
00A6  6BCF      	CLRF FC_CAL_UAR_00078_1_dummy, 1
00A8  29C7      	INCF FC_CAL_UAR_00078_arg_nTimeout, W, 1
00AA  E102      	BNZ	label6
00AC  0E01      	MOVLW 0x01
00AE  6FCB      	MOVWF FC_CAL_UAR_00078_1_bWaitForever, 1
00B0            label6
00B0  53CC      	MOVF FC_CAL_UAR_00078_1_rxStatus, F, 1
00B2  E124      	BNZ	label11
00B4  53CB      	MOVF FC_CAL_UAR_00078_1_bWaitForever, F, 1
00B6  E118      	BNZ	label10
00B8  53C7      	MOVF FC_CAL_UAR_00078_arg_nTimeout, F, 1
00BA  E103      	BNZ	label7
00BC  0E01      	MOVLW 0x01
00BE  6FCC      	MOVWF FC_CAL_UAR_00078_1_rxStatus, 1
00C0  D013      	BRA	label10
00C2            label7
00C2  6BCD      	CLRF FC_CAL_UAR_00078_1_delaycnt, 1
00C4  6BCE      	CLRF FC_CAL_UAR_00078_1_delaycnt+D'1', 1
00C6            label8
00C6  0E31      	MOVLW 0x31
00C8  5DCD      	SUBWF FC_CAL_UAR_00078_1_delaycnt, W, 1
00CA  E205      	BC	label9
00CC  67CE      	TSTFSZ FC_CAL_UAR_00078_1_delaycnt+D'1', 1
00CE  D003      	BRA	label9
00D0  4BCD      	INFSNZ FC_CAL_UAR_00078_1_delaycnt, F, 1
00D2  2BCE      	INCF FC_CAL_UAR_00078_1_delaycnt+D'1', F, 1
00D4  D7F8      	BRA	label8
00D6            label9
00D6  29C9      	INCF FC_CAL_UAR_00078_1_delay1, W, 1
00D8  6FC9      	MOVWF FC_CAL_UAR_00078_1_delay1, 1
00DA  0E64      	MOVLW 0x64
00DC  63C9      	CPFSEQ FC_CAL_UAR_00078_1_delay1, 1
00DE  D004      	BRA	label10
00E0  05C7      	DECF FC_CAL_UAR_00078_arg_nTimeout, W, 1
00E2  6FC7      	MOVWF FC_CAL_UAR_00078_arg_nTimeout, 1
00E4  0004      	CLRWDT
00E6  6BC9      	CLRF FC_CAL_UAR_00078_1_delay1, 1
00E8            label10
00E8  0E20      	MOVLW 0x20
00EA  149E      	ANDWF gbl_pir1, W
00EC  6FD0      	MOVWF CompTempVar2788, 1
00EE  51D0      	MOVF CompTempVar2788, W, 1
00F0  6FCA      	MOVWF FC_CAL_UAR_00078_1_regcheck, 1
00F2  53CA      	MOVF FC_CAL_UAR_00078_1_regcheck, F, 1
00F4  E0DD      	BZ	label6
00F6  0E02      	MOVLW 0x02
00F8  6FCC      	MOVWF FC_CAL_UAR_00078_1_rxStatus, 1
00FA  D7DA      	BRA	label6
00FC            label11
00FC  0E02      	MOVLW 0x02
00FE  63CC      	CPFSEQ FC_CAL_UAR_00078_1_rxStatus, 1
0100  D018      	BRA	label14
0102  0E04      	MOVLW 0x04
0104  14AB      	ANDWF gbl_rcsta, W
0106  6FD0      	MOVWF CompTempVar2789, 1
0108  51D0      	MOVF CompTempVar2789, W, 1
010A  6FCA      	MOVWF FC_CAL_UAR_00078_1_regcheck, 1
010C  53CA      	MOVF FC_CAL_UAR_00078_1_regcheck, F, 1
010E  E003      	BZ	label12
0110  50AE      	MOVF gbl_rcreg, W
0112  6FCF      	MOVWF FC_CAL_UAR_00078_1_dummy, 1
0114  D00E      	BRA	label14
0116            label12
0116  0E02      	MOVLW 0x02
0118  14AB      	ANDWF gbl_rcsta, W
011A  6FD0      	MOVWF CompTempVar2790, 1
011C  51D0      	MOVF CompTempVar2790, W, 1
011E  6FCA      	MOVWF FC_CAL_UAR_00078_1_regcheck, 1
0120  53CA      	MOVF FC_CAL_UAR_00078_1_regcheck, F, 1
0122  E003      	BZ	label13
0124  98AB      	BCF gbl_rcsta,4
0126  88AB      	BSF gbl_rcsta,4
0128  D004      	BRA	label14
012A            label13
012A  6BC8      	CLRF FC_CAL_UAR_00078_1_retVal, 1
012C  50AE      	MOVF gbl_rcreg, W
012E  11C8      	IORWF FC_CAL_UAR_00078_1_retVal, W, 1
0130  6FC8      	MOVWF FC_CAL_UAR_00078_1_retVal, 1
0132            label14
0132  51C8      	MOVF FC_CAL_UAR_00078_1_retVal, W, 1
0134  6FD0      	MOVWF CompTempVarRet2787, 1
0136  6BD1      	CLRF CompTempVarRet2787+D'1', 1
0138  0012      	RETURN
013A            ; } FC_CAL_UART_Receive_1 function end

	ORG 0x0000013A
013A            FC_CAL_UAR_00077
013A            ; { FC_CAL_UART_Uninit_1 ; function begin
013A  6AAB      	CLRF gbl_rcsta
013C  6AAC      	CLRF gbl_txsta
013E  0012      	RETURN
0140            ; } FC_CAL_UART_Uninit_1 function end

	ORG 0x00000140
0140            FCD_0f051__0006B
0140            ; { FCD_0f051_gLCD_EB076_4D1__DrawRectangle ; function begin
0140  53C5      	MOVF FCD_0f051__0006B_arg_FCL_T_0006C, F, 1
0142  E14D      	BNZ	label15
0144  53C6      	MOVF FCD_0f051__0006B_arg_FCL_SOLID, F, 1
0146  E14B      	BNZ	label15
0148  0E70      	MOVLW 0x70
014A  6FC7      	MOVWF FC_CAL_UAR_00079_arg_nChar, 1
014C  6BC8      	CLRF FC_CAL_UAR_00079_arg_nChar+D'1', 1
014E  EC46F000  	CALL FC_CAL_UAR_00079
0152  6BC7      	CLRF FC_CAL_UAR_00079_arg_nChar, 1
0154  6BC8      	CLRF FC_CAL_UAR_00079_arg_nChar+D'1', 1
0156  EC46F000  	CALL FC_CAL_UAR_00079
015A  69C7      	SETF FC_CAL_UAR_00078_arg_nTimeout, 1
015C  EC4EF000  	CALL FC_CAL_UAR_00078
0160  0E72      	MOVLW 0x72
0162  6FC7      	MOVWF FC_CAL_UAR_00079_arg_nChar, 1
0164  6BC8      	CLRF FC_CAL_UAR_00079_arg_nChar+D'1', 1
0166  EC46F000  	CALL FC_CAL_UAR_00079
016A  51BE      	MOVF FCD_0f051__0006B_arg_FCL_X1+D'1', W, 1
016C  6FC7      	MOVWF FC_CAL_UAR_00079_arg_nChar, 1
016E  6BC8      	CLRF FC_CAL_UAR_00079_arg_nChar+D'1', 1
0170  EC46F000  	CALL FC_CAL_UAR_00079
0174  51BD      	MOVF FCD_0f051__0006B_arg_FCL_X1, W, 1
0176  6FC7      	MOVWF FC_CAL_UAR_00079_arg_nChar, 1
0178  51BE      	MOVF FCD_0f051__0006B_arg_FCL_X1+D'1', W, 1
017A  6FC8      	MOVWF FC_CAL_UAR_00079_arg_nChar+D'1', 1
017C  EC46F000  	CALL FC_CAL_UAR_00079
0180  51C0      	MOVF FCD_0f051__0006B_arg_FCL_Y1+D'1', W, 1
0182  6FC7      	MOVWF FC_CAL_UAR_00079_arg_nChar, 1
0184  6BC8      	CLRF FC_CAL_UAR_00079_arg_nChar+D'1', 1
0186  EC46F000  	CALL FC_CAL_UAR_00079
018A  51BF      	MOVF FCD_0f051__0006B_arg_FCL_Y1, W, 1
018C  6FC7      	MOVWF FC_CAL_UAR_00079_arg_nChar, 1
018E  51C0      	MOVF FCD_0f051__0006B_arg_FCL_Y1+D'1', W, 1
0190  6FC8      	MOVWF FC_CAL_UAR_00079_arg_nChar+D'1', 1
0192  EC46F000  	CALL FC_CAL_UAR_00079
0196  51C2      	MOVF FCD_0f051__0006B_arg_FCL_X2+D'1', W, 1
0198  6FC7      	MOVWF FC_CAL_UAR_00079_arg_nChar, 1
019A  6BC8      	CLRF FC_CAL_UAR_00079_arg_nChar+D'1', 1
019C  EC46F000  	CALL FC_CAL_UAR_00079
01A0  51C1      	MOVF FCD_0f051__0006B_arg_FCL_X2, W, 1
01A2  6FC7      	MOVWF FC_CAL_UAR_00079_arg_nChar, 1
01A4  51C2      	MOVF FCD_0f051__0006B_arg_FCL_X2+D'1', W, 1
01A6  6FC8      	MOVWF FC_CAL_UAR_00079_arg_nChar+D'1', 1
01A8  EC46F000  	CALL FC_CAL_UAR_00079
01AC  51C4      	MOVF FCD_0f051__0006B_arg_FCL_Y2+D'1', W, 1
01AE  6FC7      	MOVWF FC_CAL_UAR_00079_arg_nChar, 1
01B0  6BC8      	CLRF FC_CAL_UAR_00079_arg_nChar+D'1', 1
01B2  EC46F000  	CALL FC_CAL_UAR_00079
01B6  51C3      	MOVF FCD_0f051__0006B_arg_FCL_Y2, W, 1
01B8  6FC7      	MOVWF FC_CAL_UAR_00079_arg_nChar, 1
01BA  51C4      	MOVF FCD_0f051__0006B_arg_FCL_Y2+D'1', W, 1
01BC  6FC8      	MOVWF FC_CAL_UAR_00079_arg_nChar+D'1', 1
01BE  EC46F000  	CALL FC_CAL_UAR_00079
01C2  5193      	MOVF gbl_FCV_0f051_gLCD_EB076_4_0000C+D'1', W, 1
01C4  6FC7      	MOVWF FC_CAL_UAR_00079_arg_nChar, 1
01C6  6BC8      	CLRF FC_CAL_UAR_00079_arg_nChar+D'1', 1
01C8  EC46F000  	CALL FC_CAL_UAR_00079
01CC  5192      	MOVF gbl_FCV_0f051_gLCD_EB076_4_0000C, W, 1
01CE  6FC7      	MOVWF FC_CAL_UAR_00079_arg_nChar, 1
01D0  5193      	MOVF gbl_FCV_0f051_gLCD_EB076_4_0000C+D'1', W, 1
01D2  6FC8      	MOVWF FC_CAL_UAR_00079_arg_nChar+D'1', 1
01D4  EC46F000  	CALL FC_CAL_UAR_00079
01D8  69C7      	SETF FC_CAL_UAR_00078_arg_nTimeout, 1
01DA  EC4EF000  	CALL FC_CAL_UAR_00078
01DE            label15
01DE  0E70      	MOVLW 0x70
01E0  6FC7      	MOVWF FC_CAL_UAR_00079_arg_nChar, 1
01E2  6BC8      	CLRF FC_CAL_UAR_00079_arg_nChar+D'1', 1
01E4  EC46F000  	CALL FC_CAL_UAR_00079
01E8  53C6      	MOVF FCD_0f051__0006B_arg_FCL_SOLID, F, 1
01EA  E005      	BZ	label16
01EC  6BC7      	CLRF FC_CAL_UAR_00079_arg_nChar, 1
01EE  6BC8      	CLRF FC_CAL_UAR_00079_arg_nChar+D'1', 1
01F0  EC46F000  	CALL FC_CAL_UAR_00079
01F4  D005      	BRA	label17
01F6            label16
01F6  0E01      	MOVLW 0x01
01F8  6FC7      	MOVWF FC_CAL_UAR_00079_arg_nChar, 1
01FA  6BC8      	CLRF FC_CAL_UAR_00079_arg_nChar+D'1', 1
01FC  EC46F000  	CALL FC_CAL_UAR_00079
0200            label17
0200  69C7      	SETF FC_CAL_UAR_00078_arg_nTimeout, 1
0202  EC4EF000  	CALL FC_CAL_UAR_00078
0206  0E72      	MOVLW 0x72
0208  6FC7      	MOVWF FC_CAL_UAR_00079_arg_nChar, 1
020A  6BC8      	CLRF FC_CAL_UAR_00079_arg_nChar+D'1', 1
020C  EC46F000  	CALL FC_CAL_UAR_00079
0210  51BE      	MOVF FCD_0f051__0006B_arg_FCL_X1+D'1', W, 1
0212  6FC7      	MOVWF FC_CAL_UAR_00079_arg_nChar, 1
0214  6BC8      	CLRF FC_CAL_UAR_00079_arg_nChar+D'1', 1
0216  EC46F000  	CALL FC_CAL_UAR_00079
021A  51BD      	MOVF FCD_0f051__0006B_arg_FCL_X1, W, 1
021C  6FC7      	MOVWF FC_CAL_UAR_00079_arg_nChar, 1
021E  51BE      	MOVF FCD_0f051__0006B_arg_FCL_X1+D'1', W, 1
0220  6FC8      	MOVWF FC_CAL_UAR_00079_arg_nChar+D'1', 1
0222  EC46F000  	CALL FC_CAL_UAR_00079
0226  51C0      	MOVF FCD_0f051__0006B_arg_FCL_Y1+D'1', W, 1
0228  6FC7      	MOVWF FC_CAL_UAR_00079_arg_nChar, 1
022A  6BC8      	CLRF FC_CAL_UAR_00079_arg_nChar+D'1', 1
022C  EC46F000  	CALL FC_CAL_UAR_00079
0230  51BF      	MOVF FCD_0f051__0006B_arg_FCL_Y1, W, 1
0232  6FC7      	MOVWF FC_CAL_UAR_00079_arg_nChar, 1
0234  51C0      	MOVF FCD_0f051__0006B_arg_FCL_Y1+D'1', W, 1
0236  6FC8      	MOVWF FC_CAL_UAR_00079_arg_nChar+D'1', 1
0238  EC46F000  	CALL FC_CAL_UAR_00079
023C  51C2      	MOVF FCD_0f051__0006B_arg_FCL_X2+D'1', W, 1
023E  6FC7      	MOVWF FC_CAL_UAR_00079_arg_nChar, 1
0240  6BC8      	CLRF FC_CAL_UAR_00079_arg_nChar+D'1', 1
0242  EC46F000  	CALL FC_CAL_UAR_00079
0246  51C1      	MOVF FCD_0f051__0006B_arg_FCL_X2, W, 1
0248  6FC7      	MOVWF FC_CAL_UAR_00079_arg_nChar, 1
024A  51C2      	MOVF FCD_0f051__0006B_arg_FCL_X2+D'1', W, 1
024C  6FC8      	MOVWF FC_CAL_UAR_00079_arg_nChar+D'1', 1
024E  EC46F000  	CALL FC_CAL_UAR_00079
0252  51C4      	MOVF FCD_0f051__0006B_arg_FCL_Y2+D'1', W, 1
0254  6FC7      	MOVWF FC_CAL_UAR_00079_arg_nChar, 1
0256  6BC8      	CLRF FC_CAL_UAR_00079_arg_nChar+D'1', 1
0258  EC46F000  	CALL FC_CAL_UAR_00079
025C  51C3      	MOVF FCD_0f051__0006B_arg_FCL_Y2, W, 1
025E  6FC7      	MOVWF FC_CAL_UAR_00079_arg_nChar, 1
0260  51C4      	MOVF FCD_0f051__0006B_arg_FCL_Y2+D'1', W, 1
0262  6FC8      	MOVWF FC_CAL_UAR_00079_arg_nChar+D'1', 1
0264  EC46F000  	CALL FC_CAL_UAR_00079
0268  5195      	MOVF gbl_FCV_0f051_gLCD_EB076_4_0000D+D'1', W, 1
026A  6FC7      	MOVWF FC_CAL_UAR_00079_arg_nChar, 1
026C  6BC8      	CLRF FC_CAL_UAR_00079_arg_nChar+D'1', 1
026E  EC46F000  	CALL FC_CAL_UAR_00079
0272  5194      	MOVF gbl_FCV_0f051_gLCD_EB076_4_0000D, W, 1
0274  6FC7      	MOVWF FC_CAL_UAR_00079_arg_nChar, 1
0276  5195      	MOVF gbl_FCV_0f051_gLCD_EB076_4_0000D+D'1', W, 1
0278  6FC8      	MOVWF FC_CAL_UAR_00079_arg_nChar+D'1', 1
027A  EC46F000  	CALL FC_CAL_UAR_00079
027E  69C7      	SETF FC_CAL_UAR_00078_arg_nTimeout, 1
0280  EC4EF000  	CALL FC_CAL_UAR_00078
0284  0012      	RETURN
0286            ; } FCD_0f051_gLCD_EB076_4D1__DrawRectangle function end

	ORG 0x00000286
0286            FCD_0f051__0006A
0286            ; { FCD_0f051_gLCD_EB076_4D1__SetForegroundColour ; function begin
0286  33BD      	RRCF FCD_0f051__0006A_arg_FCL_RED, F, 1
0288  33BD      	RRCF FCD_0f051__0006A_arg_FCL_RED, F, 1
028A  33BD      	RRCF FCD_0f051__0006A_arg_FCL_RED, F, 1
028C  0E1F      	MOVLW 0x1F
028E  17BD      	ANDWF FCD_0f051__0006A_arg_FCL_RED, F, 1
0290  33BE      	RRCF FCD_0f051__0006A_arg_FCL_GREEN, F, 1
0292  33BE      	RRCF FCD_0f051__0006A_arg_FCL_GREEN, F, 1
0294  0E3F      	MOVLW 0x3F
0296  17BE      	ANDWF FCD_0f051__0006A_arg_FCL_GREEN, F, 1
0298  33BF      	RRCF FCD_0f051__0006A_arg_FCL_BLUE, F, 1
029A  33BF      	RRCF FCD_0f051__0006A_arg_FCL_BLUE, F, 1
029C  33BF      	RRCF FCD_0f051__0006A_arg_FCL_BLUE, F, 1
029E  0E1F      	MOVLW 0x1F
02A0  17BF      	ANDWF FCD_0f051__0006A_arg_FCL_BLUE, F, 1
02A2  51BE      	MOVF FCD_0f051__0006A_arg_FCL_GREEN, W, 1
02A4  6FC0      	MOVWF CompTempVar2713, 1
02A6  6B95      	CLRF gbl_FCV_0f051_gLCD_EB076_4_0000D+D'1', 1
02A8  37C0      	RLCF CompTempVar2713, F, 1
02AA  3795      	RLCF gbl_FCV_0f051_gLCD_EB076_4_0000D+D'1', F, 1
02AC  37C0      	RLCF CompTempVar2713, F, 1
02AE  3795      	RLCF gbl_FCV_0f051_gLCD_EB076_4_0000D+D'1', F, 1
02B0  37C0      	RLCF CompTempVar2713, F, 1
02B2  3795      	RLCF gbl_FCV_0f051_gLCD_EB076_4_0000D+D'1', F, 1
02B4  37C0      	RLCF CompTempVar2713, F, 1
02B6  3795      	RLCF gbl_FCV_0f051_gLCD_EB076_4_0000D+D'1', F, 1
02B8  37C0      	RLCF CompTempVar2713, F, 1
02BA  3795      	RLCF gbl_FCV_0f051_gLCD_EB076_4_0000D+D'1', F, 1
02BC  0EE0      	MOVLW 0xE0
02BE  17C0      	ANDWF CompTempVar2713, F, 1
02C0  51C0      	MOVF CompTempVar2713, W, 1
02C2  11BF      	IORWF FCD_0f051__0006A_arg_FCL_BLUE, W, 1
02C4  6F94      	MOVWF gbl_FCV_0f051_gLCD_EB076_4_0000D, 1
02C6  6BC0      	CLRF CompTempVar2717, 1
02C8  51BD      	MOVF FCD_0f051__0006A_arg_FCL_RED, W, 1
02CA  6FC1      	MOVWF CompTempVar2718, 1
02CC  90D8      	BCF STATUS,C
02CE  37C1      	RLCF CompTempVar2718, F, 1
02D0  90D8      	BCF STATUS,C
02D2  37C1      	RLCF CompTempVar2718, F, 1
02D4  90D8      	BCF STATUS,C
02D6  37C1      	RLCF CompTempVar2718, F, 1
02D8  51C0      	MOVF CompTempVar2717, W, 1
02DA  1394      	IORWF gbl_FCV_0f051_gLCD_EB076_4_0000D, F, 1
02DC  51C1      	MOVF CompTempVar2718, W, 1
02DE  1395      	IORWF gbl_FCV_0f051_gLCD_EB076_4_0000D+D'1', F, 1
02E0  0012      	RETURN
02E2            ; } FCD_0f051_gLCD_EB076_4D1__SetForegroundColour function end

	ORG 0x000002E2
02E2            FC_CAL_UAR_0007A
02E2            ; { FC_CAL_UART_Init_1 ; function begin
02E2  84AC      	BSF gbl_txsta,2
02E4  0E7F      	MOVLW 0x7F
02E6  6EAF      	MOVWF gbl_spbrg
02E8  6AAB      	CLRF gbl_rcsta
02EA  8EAB      	BSF gbl_rcsta,7
02EC  8AAC      	BSF gbl_txsta,5
02EE  88AB      	BSF gbl_rcsta,4
02F0  9A9D      	BCF gbl_pie1,5
02F2  0012      	RETURN
02F4            ; } FC_CAL_UART_Init_1 function end

	ORG 0x000002F4
02F4            FC_CAL_UAR_00076
02F4            ; { FC_CAL_UART_UpdateBaud_1 ; function begin
02F4  0E07      	MOVLW 0x07
02F6  65B6      	CPFSGT FC_CAL_UAR_00076_arg_new_baud, 1
02F8  D001      	BRA	label18
02FA  0012      	RETURN
02FC            label18
02FC  53B6      	MOVF FC_CAL_UAR_00076_arg_new_baud, F, 1
02FE  E104      	BNZ	label19
0300  69B7      	SETF FC_CAL_UAR_00076_1_baudrate, 1
0302  0E01      	MOVLW 0x01
0304  6FB8      	MOVWF FC_CAL_UAR_00076_1_baudmode, 1
0306  D02F      	BRA	label26
0308            label19
0308  05B6      	DECF FC_CAL_UAR_00076_arg_new_baud, W, 1
030A  E105      	BNZ	label20
030C  0E7F      	MOVLW 0x7F
030E  6FB7      	MOVWF FC_CAL_UAR_00076_1_baudrate, 1
0310  0E01      	MOVLW 0x01
0312  6FB8      	MOVWF FC_CAL_UAR_00076_1_baudmode, 1
0314  D028      	BRA	label26
0316            label20
0316  0E02      	MOVLW 0x02
0318  63B6      	CPFSEQ FC_CAL_UAR_00076_arg_new_baud, 1
031A  D003      	BRA	label21
031C  69B7      	SETF FC_CAL_UAR_00076_1_baudrate, 1
031E  6BB8      	CLRF FC_CAL_UAR_00076_1_baudmode, 1
0320  D022      	BRA	label26
0322            label21
0322  0E03      	MOVLW 0x03
0324  63B6      	CPFSEQ FC_CAL_UAR_00076_arg_new_baud, 1
0326  D004      	BRA	label22
0328  0E7F      	MOVLW 0x7F
032A  6FB7      	MOVWF FC_CAL_UAR_00076_1_baudrate, 1
032C  6BB8      	CLRF FC_CAL_UAR_00076_1_baudmode, 1
032E  D01B      	BRA	label26
0330            label22
0330  0E04      	MOVLW 0x04
0332  63B6      	CPFSEQ FC_CAL_UAR_00076_arg_new_baud, 1
0334  D004      	BRA	label23
0336  0E3F      	MOVLW 0x3F
0338  6FB7      	MOVWF FC_CAL_UAR_00076_1_baudrate, 1
033A  6BB8      	CLRF FC_CAL_UAR_00076_1_baudmode, 1
033C  D014      	BRA	label26
033E            label23
033E  0E05      	MOVLW 0x05
0340  63B6      	CPFSEQ FC_CAL_UAR_00076_arg_new_baud, 1
0342  D004      	BRA	label24
0344  0E1F      	MOVLW 0x1F
0346  6FB7      	MOVWF FC_CAL_UAR_00076_1_baudrate, 1
0348  6BB8      	CLRF FC_CAL_UAR_00076_1_baudmode, 1
034A  D00D      	BRA	label26
034C            label24
034C  0E06      	MOVLW 0x06
034E  63B6      	CPFSEQ FC_CAL_UAR_00076_arg_new_baud, 1
0350  D004      	BRA	label25
0352  0E14      	MOVLW 0x14
0354  6FB7      	MOVWF FC_CAL_UAR_00076_1_baudrate, 1
0356  6BB8      	CLRF FC_CAL_UAR_00076_1_baudmode, 1
0358  D006      	BRA	label26
035A            label25
035A  0E07      	MOVLW 0x07
035C  63B6      	CPFSEQ FC_CAL_UAR_00076_arg_new_baud, 1
035E  D003      	BRA	label26
0360  0E0A      	MOVLW 0x0A
0362  6FB7      	MOVWF FC_CAL_UAR_00076_1_baudrate, 1
0364  6BB8      	CLRF FC_CAL_UAR_00076_1_baudmode, 1
0366            label26
0366  EC9DF000  	CALL FC_CAL_UAR_00077
036A  05B8      	DECF FC_CAL_UAR_00076_1_baudmode, W, 1
036C  E102      	BNZ	label27
036E  94AC      	BCF gbl_txsta,2
0370  D001      	BRA	label28
0372            label27
0372  84AC      	BSF gbl_txsta,2
0374            label28
0374  51B7      	MOVF FC_CAL_UAR_00076_1_baudrate, W, 1
0376  6EAF      	MOVWF gbl_spbrg
0378  6AAB      	CLRF gbl_rcsta
037A  8EAB      	BSF gbl_rcsta,7
037C  8AAC      	BSF gbl_txsta,5
037E  88AB      	BSF gbl_rcsta,4
0380  9A9D      	BCF gbl_pie1,5
0382  0012      	RETURN
0384            ; } FC_CAL_UART_UpdateBaud_1 function end

	ORG 0x00000384
0384            FC_CAL_Por_00042
0384            ; { FC_CAL_Port_In_DDR__x ; function begin
0384  51B9      	MOVF FC_CAL_Por_00042_arg_Tris+D'1', W, 1
0386  6EEA      	MOVWF FSR0H
0388  51B8      	MOVF FC_CAL_Por_00042_arg_Tris, W, 1
038A  6EE9      	MOVWF FSR0L
038C  51BA      	MOVF FC_CAL_Por_00042_arg_InMask, W, 1
038E  10EF      	IORWF INDF0, W
0390  6FBC      	MOVWF CompTempVar1825, 1
0392  51BC      	MOVF CompTempVar1825, W, 1
0394  6EEF      	MOVWF INDF0
0396  51B7      	MOVF FC_CAL_Por_00042_arg_Port+D'1', W, 1
0398  6EEA      	MOVWF FSR0H
039A  51B6      	MOVF FC_CAL_Por_00042_arg_Port, W, 1
039C  6EE9      	MOVWF FSR0L
039E  51BA      	MOVF FC_CAL_Por_00042_arg_InMask, W, 1
03A0  14EF      	ANDWF INDF0, W
03A2  6FBC      	MOVWF CompTempVarRet1822, 1
03A4  51BB      	MOVF FC_CAL_Por_00042_arg_Shift, W, 1
03A6  6FBD      	MOVWF CompTempVar1827, 1
03A8            label29
03A8  B4D8      	BTFSC STATUS,Z
03AA  0012      	RETURN
03AC  90D8      	BCF STATUS,C
03AE  33BC      	RRCF CompTempVarRet1822, F, 1
03B0  07BD      	DECF CompTempVar1827, F, 1
03B2  D7FA      	BRA	label29
03B4            ; } FC_CAL_Port_In_DDR__x function end

	ORG 0x000003B4
03B4            FCM_parame_00069
03B4            ; { FCM_parametres_bateau ; function begin
03B4  51BA      	MOVF FCM_parame_00069_arg_FCL_ROUGE, W, 1
03B6  6FBD      	MOVWF FCD_0f051__0006A_arg_FCL_RED, 1
03B8  51BB      	MOVF FCM_parame_00069_arg_FCL_VERT, W, 1
03BA  6FBE      	MOVWF FCD_0f051__0006A_arg_FCL_GREEN, 1
03BC  51BC      	MOVF FCM_parame_00069_arg_FCL_BLEU, W, 1
03BE  6FBF      	MOVWF FCD_0f051__0006A_arg_FCL_BLUE, 1
03C0  EC43F001  	CALL FCD_0f051__0006A
03C4  51B2      	MOVF FCM_parame_00069_arg_FCL_POS_X1, W, 1
03C6  6FBD      	MOVWF FCD_0f051__0006B_arg_FCL_X1, 1
03C8  51B3      	MOVF FCM_parame_00069_arg_FCL_POS_X1+D'1', W, 1
03CA  6FBE      	MOVWF FCD_0f051__0006B_arg_FCL_X1+D'1', 1
03CC  51B6      	MOVF FCM_parame_00069_arg_FCL_POS_Y1, W, 1
03CE  6FBF      	MOVWF FCD_0f051__0006B_arg_FCL_Y1, 1
03D0  51B7      	MOVF FCM_parame_00069_arg_FCL_POS_Y1+D'1', W, 1
03D2  6FC0      	MOVWF FCD_0f051__0006B_arg_FCL_Y1+D'1', 1
03D4  51B4      	MOVF FCM_parame_00069_arg_FCL_POS_X2, W, 1
03D6  6FC1      	MOVWF FCD_0f051__0006B_arg_FCL_X2, 1
03D8  51B5      	MOVF FCM_parame_00069_arg_FCL_POS_X2+D'1', W, 1
03DA  6FC2      	MOVWF FCD_0f051__0006B_arg_FCL_X2+D'1', 1
03DC  51B8      	MOVF FCM_parame_00069_arg_FCL_POS_Y2, W, 1
03DE  6FC3      	MOVWF FCD_0f051__0006B_arg_FCL_Y2, 1
03E0  51B9      	MOVF FCM_parame_00069_arg_FCL_POS_Y2+D'1', W, 1
03E2  6FC4      	MOVWF FCD_0f051__0006B_arg_FCL_Y2+D'1', 1
03E4  6BC5      	CLRF FCD_0f051__0006B_arg_FCL_T_0006C, 1
03E6  0E01      	MOVLW 0x01
03E8  6FC6      	MOVWF FCD_0f051__0006B_arg_FCL_SOLID, 1
03EA  ECA0F000  	CALL FCD_0f051__0006B
03EE  0012      	RETURN
03F0            ; } FCM_parametres_bateau function end

	ORG 0x000003F0
03F0            FCI_GETLEN_0004B
03F0            ; { FCI_GETLENGTH ; function begin
03F0  6BC1      	CLRF FCI_GETLEN_0004B_1_tmp, 1
03F2            label30
03F2  51C0      	MOVF FCI_GETLEN_0004B_arg_iStr1_len, W, 1
03F4  61C1      	CPFSLT FCI_GETLEN_0004B_1_tmp, 1
03F6  D009      	BRA	label31
03F8  51BF      	MOVF FCI_GETLEN_0004B_arg_sStr1+D'1', W, 1
03FA  6EEA      	MOVWF FSR0H
03FC  51BE      	MOVF FCI_GETLEN_0004B_arg_sStr1, W, 1
03FE  25C1      	ADDWF FCI_GETLEN_0004B_1_tmp, W, 1
0400  6EE9      	MOVWF FSR0L
0402  52EF      	MOVF INDF0, F
0404  E002      	BZ	label31
0406  2BC1      	INCF FCI_GETLEN_0004B_1_tmp, F, 1
0408  D7F4      	BRA	label30
040A            label31
040A  51C1      	MOVF FCI_GETLEN_0004B_1_tmp, W, 1
040C  6FC2      	MOVWF CompTempVarRet1850, 1
040E  0012      	RETURN
0410            ; } FCI_GETLENGTH function end

	ORG 0x00000410
0410            FCD_0f051__00074
0410            ; { FCD_0f051_gLCD_EB076_4D1__DrawLine ; function begin
0410  6BBB      	CLRF FCD_0f051__00074_1_FCL_D1, 1
0412  6BBC      	CLRF FCD_0f051__00074_1_FCL_D1+D'1', 1
0414  0E01      	MOVLW 0x01
0416  6FBD      	MOVWF FCD_0f051__00074_1_FCL_YINC, 1
0418  6BBE      	CLRF FCD_0f051__00074_1_FCL_YINC+D'1', 1
041A  0E01      	MOVLW 0x01
041C  6FBF      	MOVWF FCD_0f051__00074_1_FCL_XINC, 1
041E  6BC0      	CLRF FCD_0f051__00074_1_FCL_XINC+D'1', 1
0420  0E4C      	MOVLW 0x4C
0422  6FC7      	MOVWF FC_CAL_UAR_00079_arg_nChar, 1
0424  6BC8      	CLRF FC_CAL_UAR_00079_arg_nChar+D'1', 1
0426  EC46F000  	CALL FC_CAL_UAR_00079
042A  51B4      	MOVF FCD_0f051__00074_arg_FCL_X1+D'1', W, 1
042C  6FC7      	MOVWF FC_CAL_UAR_00079_arg_nChar, 1
042E  6BC8      	CLRF FC_CAL_UAR_00079_arg_nChar+D'1', 1
0430  EC46F000  	CALL FC_CAL_UAR_00079
0434  51B3      	MOVF FCD_0f051__00074_arg_FCL_X1, W, 1
0436  6FC7      	MOVWF FC_CAL_UAR_00079_arg_nChar, 1
0438  51B4      	MOVF FCD_0f051__00074_arg_FCL_X1+D'1', W, 1
043A  6FC8      	MOVWF FC_CAL_UAR_00079_arg_nChar+D'1', 1
043C  EC46F000  	CALL FC_CAL_UAR_00079
0440  51B6      	MOVF FCD_0f051__00074_arg_FCL_Y1+D'1', W, 1
0442  6FC7      	MOVWF FC_CAL_UAR_00079_arg_nChar, 1
0444  6BC8      	CLRF FC_CAL_UAR_00079_arg_nChar+D'1', 1
0446  EC46F000  	CALL FC_CAL_UAR_00079
044A  51B5      	MOVF FCD_0f051__00074_arg_FCL_Y1, W, 1
044C  6FC7      	MOVWF FC_CAL_UAR_00079_arg_nChar, 1
044E  51B6      	MOVF FCD_0f051__00074_arg_FCL_Y1+D'1', W, 1
0450  6FC8      	MOVWF FC_CAL_UAR_00079_arg_nChar+D'1', 1
0452  EC46F000  	CALL FC_CAL_UAR_00079
0456  51B8      	MOVF FCD_0f051__00074_arg_FCL_X2+D'1', W, 1
0458  6FC7      	MOVWF FC_CAL_UAR_00079_arg_nChar, 1
045A  6BC8      	CLRF FC_CAL_UAR_00079_arg_nChar+D'1', 1
045C  EC46F000  	CALL FC_CAL_UAR_00079
0460  51B7      	MOVF FCD_0f051__00074_arg_FCL_X2, W, 1
0462  6FC7      	MOVWF FC_CAL_UAR_00079_arg_nChar, 1
0464  51B8      	MOVF FCD_0f051__00074_arg_FCL_X2+D'1', W, 1
0466  6FC8      	MOVWF FC_CAL_UAR_00079_arg_nChar+D'1', 1
0468  EC46F000  	CALL FC_CAL_UAR_00079
046C  51BA      	MOVF FCD_0f051__00074_arg_FCL_Y2+D'1', W, 1
046E  6FC7      	MOVWF FC_CAL_UAR_00079_arg_nChar, 1
0470  6BC8      	CLRF FC_CAL_UAR_00079_arg_nChar+D'1', 1
0472  EC46F000  	CALL FC_CAL_UAR_00079
0476  51B9      	MOVF FCD_0f051__00074_arg_FCL_Y2, W, 1
0478  6FC7      	MOVWF FC_CAL_UAR_00079_arg_nChar, 1
047A  51BA      	MOVF FCD_0f051__00074_arg_FCL_Y2+D'1', W, 1
047C  6FC8      	MOVWF FC_CAL_UAR_00079_arg_nChar+D'1', 1
047E  EC46F000  	CALL FC_CAL_UAR_00079
0482  5195      	MOVF gbl_FCV_0f051_gLCD_EB076_4_0000D+D'1', W, 1
0484  6FC7      	MOVWF FC_CAL_UAR_00079_arg_nChar, 1
0486  6BC8      	CLRF FC_CAL_UAR_00079_arg_nChar+D'1', 1
0488  EC46F000  	CALL FC_CAL_UAR_00079
048C  5194      	MOVF gbl_FCV_0f051_gLCD_EB076_4_0000D, W, 1
048E  6FC7      	MOVWF FC_CAL_UAR_00079_arg_nChar, 1
0490  5195      	MOVF gbl_FCV_0f051_gLCD_EB076_4_0000D+D'1', W, 1
0492  6FC8      	MOVWF FC_CAL_UAR_00079_arg_nChar+D'1', 1
0494  EC46F000  	CALL FC_CAL_UAR_00079
0498  69C7      	SETF FC_CAL_UAR_00078_arg_nTimeout, 1
049A  EC4EF000  	CALL FC_CAL_UAR_00078
049E  0012      	RETURN
04A0            ; } FCD_0f051_gLCD_EB076_4D1__DrawLine function end

	ORG 0x000004A0
04A0            FCD_0f051__00063
04A0            ; { FCD_0f051_gLCD_EB076_4D1__ClearDisplay ; function begin
04A0  0100      	MOVLB 0x00
04A2  6BB6      	CLRF FCD_0f051__00063_1_FCL_Y, 1
04A4  6BB7      	CLRF FCD_0f051__00063_1_FCL_Y+D'1', 1
04A6  6BB8      	CLRF FCD_0f051__00063_1_FCL_X, 1
04A8  6BB9      	CLRF FCD_0f051__00063_1_FCL_X+D'1', 1
04AA  0E42      	MOVLW 0x42
04AC  6FC7      	MOVWF FC_CAL_UAR_00079_arg_nChar, 1
04AE  6BC8      	CLRF FC_CAL_UAR_00079_arg_nChar+D'1', 1
04B0  EC46F000  	CALL FC_CAL_UAR_00079
04B4  5193      	MOVF gbl_FCV_0f051_gLCD_EB076_4_0000C+D'1', W, 1
04B6  6FC7      	MOVWF FC_CAL_UAR_00079_arg_nChar, 1
04B8  6BC8      	CLRF FC_CAL_UAR_00079_arg_nChar+D'1', 1
04BA  EC46F000  	CALL FC_CAL_UAR_00079
04BE  5192      	MOVF gbl_FCV_0f051_gLCD_EB076_4_0000C, W, 1
04C0  6FC7      	MOVWF FC_CAL_UAR_00079_arg_nChar, 1
04C2  5193      	MOVF gbl_FCV_0f051_gLCD_EB076_4_0000C+D'1', W, 1
04C4  6FC8      	MOVWF FC_CAL_UAR_00079_arg_nChar+D'1', 1
04C6  EC46F000  	CALL FC_CAL_UAR_00079
04CA  69C7      	SETF FC_CAL_UAR_00078_arg_nTimeout, 1
04CC  EC4EF000  	CALL FC_CAL_UAR_00078
04D0  0E45      	MOVLW 0x45
04D2  6FC7      	MOVWF FC_CAL_UAR_00079_arg_nChar, 1
04D4  6BC8      	CLRF FC_CAL_UAR_00079_arg_nChar+D'1', 1
04D6  EC46F000  	CALL FC_CAL_UAR_00079
04DA  69C7      	SETF FC_CAL_UAR_00078_arg_nTimeout, 1
04DC  EC4EF000  	CALL FC_CAL_UAR_00078
04E0  0012      	RETURN
04E2            ; } FCD_0f051_gLCD_EB076_4D1__ClearDisplay function end

	ORG 0x000004E2
04E2            FCM_lignes_00000
04E2            ; { FCM_lignes ; function begin
04E2  0E18      	MOVLW 0x18
04E4  0100      	MOVLB 0x00
04E6  6F8A      	MOVWF gbl_FCV_X_LIGNE, 1
04E8  6B8B      	CLRF gbl_FCV_X_LIGNE+D'1', 1
04EA  0E18      	MOVLW 0x18
04EC  6F84      	MOVWF gbl_FCV_Y_LIGNE, 1
04EE  6B85      	CLRF gbl_FCV_Y_LIGNE+D'1', 1
04F0            label32
04F0  518A      	MOVF gbl_FCV_X_LIGNE, W, 1
04F2  6FB3      	MOVWF FCD_0f051__00074_arg_FCL_X1, 1
04F4  518B      	MOVF gbl_FCV_X_LIGNE+D'1', W, 1
04F6  6FB4      	MOVWF FCD_0f051__00074_arg_FCL_X1+D'1', 1
04F8  6BB5      	CLRF FCD_0f051__00074_arg_FCL_Y1, 1
04FA  6BB6      	CLRF FCD_0f051__00074_arg_FCL_Y1+D'1', 1
04FC  518A      	MOVF gbl_FCV_X_LIGNE, W, 1
04FE  6FB7      	MOVWF FCD_0f051__00074_arg_FCL_X2, 1
0500  518B      	MOVF gbl_FCV_X_LIGNE+D'1', W, 1
0502  6FB8      	MOVWF FCD_0f051__00074_arg_FCL_X2+D'1', 1
0504  0EF0      	MOVLW 0xF0
0506  6FB9      	MOVWF FCD_0f051__00074_arg_FCL_Y2, 1
0508  6BBA      	CLRF FCD_0f051__00074_arg_FCL_Y2+D'1', 1
050A  EC08F002  	CALL FCD_0f051__00074
050E  6BB3      	CLRF CompTempVar2692, 1
0510  0E18      	MOVLW 0x18
0512  278A      	ADDWF gbl_FCV_X_LIGNE, F, 1
0514  518B      	MOVF gbl_FCV_X_LIGNE+D'1', W, 1
0516  23B3      	ADDWFC CompTempVar2692, F, 1
0518  51B3      	MOVF CompTempVar2692, W, 1
051A  6F8B      	MOVWF gbl_FCV_X_LIGNE+D'1', 1
051C  6BB2      	CLRF CompTempVar2690, 1
051E  0EF0      	MOVLW 0xF0
0520  638A      	CPFSEQ gbl_FCV_X_LIGNE, 1
0522  D003      	BRA	label33
0524  518B      	MOVF gbl_FCV_X_LIGNE+D'1', W, 1
0526  B4D8      	BTFSC STATUS,Z
0528  2BB2      	INCF CompTempVar2690, F, 1
052A            label33
052A  53B2      	MOVF CompTempVar2690, F, 1
052C  E0E1      	BZ	label32
052E            label34
052E  6BB3      	CLRF FCD_0f051__00074_arg_FCL_X1, 1
0530  6BB4      	CLRF FCD_0f051__00074_arg_FCL_X1+D'1', 1
0532  5184      	MOVF gbl_FCV_Y_LIGNE, W, 1
0534  6FB5      	MOVWF FCD_0f051__00074_arg_FCL_Y1, 1
0536  5185      	MOVF gbl_FCV_Y_LIGNE+D'1', W, 1
0538  6FB6      	MOVWF FCD_0f051__00074_arg_FCL_Y1+D'1', 1
053A  0EF0      	MOVLW 0xF0
053C  6FB7      	MOVWF FCD_0f051__00074_arg_FCL_X2, 1
053E  6BB8      	CLRF FCD_0f051__00074_arg_FCL_X2+D'1', 1
0540  5184      	MOVF gbl_FCV_Y_LIGNE, W, 1
0542  6FB9      	MOVWF FCD_0f051__00074_arg_FCL_Y2, 1
0544  5185      	MOVF gbl_FCV_Y_LIGNE+D'1', W, 1
0546  6FBA      	MOVWF FCD_0f051__00074_arg_FCL_Y2+D'1', 1
0548  EC08F002  	CALL FCD_0f051__00074
054C  6BB3      	CLRF CompTempVar2695, 1
054E  0E18      	MOVLW 0x18
0550  2784      	ADDWF gbl_FCV_Y_LIGNE, F, 1
0552  5185      	MOVF gbl_FCV_Y_LIGNE+D'1', W, 1
0554  23B3      	ADDWFC CompTempVar2695, F, 1
0556  51B3      	MOVF CompTempVar2695, W, 1
0558  6F85      	MOVWF gbl_FCV_Y_LIGNE+D'1', 1
055A  6BB2      	CLRF CompTempVar2693, 1
055C  0EF0      	MOVLW 0xF0
055E  6584      	CPFSGT gbl_FCV_Y_LIGNE, 1
0560  6785      	TSTFSZ gbl_FCV_Y_LIGNE+D'1', 1
0562  D001      	BRA	label35
0564  2BB2      	INCF CompTempVar2693, F, 1
0566            label35
0566  53B2      	MOVF CompTempVar2693, F, 1
0568  E1E2      	BNZ	label34
056A  0012      	RETURN
056C            ; } FCM_lignes function end

	ORG 0x0000056C
056C            FCM_affich_0005C
056C            ; { FCM_affichage_bateau ; function begin
056C  0100      	MOVLB 0x00
056E  518E      	MOVF gbl_FCV_X, W, 1
0570  6FB2      	MOVWF FCM_parame_00069_arg_FCL_POS_X1, 1
0572  518F      	MOVF gbl_FCV_X+D'1', W, 1
0574  6FB3      	MOVWF FCM_parame_00069_arg_FCL_POS_X1+D'1', 1
0576  0E18      	MOVLW 0x18
0578  5D8E      	SUBWF gbl_FCV_X, W, 1
057A  6FB4      	MOVWF FCM_parame_00069_arg_FCL_POS_X2, 1
057C  598E      	SUBWFB gbl_FCV_X, W, 1
057E  0818      	SUBLW 0x18
0580  5D8F      	SUBWF gbl_FCV_X+D'1', W, 1
0582  6FB5      	MOVWF FCM_parame_00069_arg_FCL_POS_X2+D'1', 1
0584  518C      	MOVF gbl_FCV_Y, W, 1
0586  6FB6      	MOVWF FCM_parame_00069_arg_FCL_POS_Y1, 1
0588  518D      	MOVF gbl_FCV_Y+D'1', W, 1
058A  6FB7      	MOVWF FCM_parame_00069_arg_FCL_POS_Y1+D'1', 1
058C  0E18      	MOVLW 0x18
058E  5D8C      	SUBWF gbl_FCV_Y, W, 1
0590  6FB8      	MOVWF FCM_parame_00069_arg_FCL_POS_Y2, 1
0592  598C      	SUBWFB gbl_FCV_Y, W, 1
0594  0818      	SUBLW 0x18
0596  5D8D      	SUBWF gbl_FCV_Y+D'1', W, 1
0598  6FB9      	MOVWF FCM_parame_00069_arg_FCL_POS_Y2+D'1', 1
059A  0E46      	MOVLW 0x46
059C  6FBA      	MOVWF FCM_parame_00069_arg_FCL_ROUGE, 1
059E  6FBB      	MOVWF FCM_parame_00069_arg_FCL_VERT, 1
05A0  6FBC      	MOVWF FCM_parame_00069_arg_FCL_BLEU, 1
05A2  ECDAF001  	CALL FCM_parame_00069
05A6  0012      	RETURN
05A8            ; } FCM_affichage_bateau function end

	ORG 0x000005A8
05A8            FCD_0f051__00071
05A8            ; { FCD_0f051_gLCD_EB076_4D1__G4D_GetTouchCoordinatesPicaso ; function begin
05A8  0E6F      	MOVLW 0x6F
05AA  0100      	MOVLB 0x00
05AC  6FC7      	MOVWF FC_CAL_UAR_00079_arg_nChar, 1
05AE  6BC8      	CLRF FC_CAL_UAR_00079_arg_nChar+D'1', 1
05B0  EC46F000  	CALL FC_CAL_UAR_00079
05B4  0E04      	MOVLW 0x04
05B6  6FC7      	MOVWF FC_CAL_UAR_00079_arg_nChar, 1
05B8  6BC8      	CLRF FC_CAL_UAR_00079_arg_nChar+D'1', 1
05BA  EC46F000  	CALL FC_CAL_UAR_00079
05BE  69C7      	SETF FC_CAL_UAR_00078_arg_nTimeout, 1
05C0  EC4EF000  	CALL FC_CAL_UAR_00078
05C4  69C7      	SETF FC_CAL_UAR_00078_arg_nTimeout, 1
05C6  EC4EF000  	CALL FC_CAL_UAR_00078
05CA  51D0      	MOVF CompTempVarRet2787, W, 1
05CC  6FB3      	MOVWF FCD_0f051__00071_1_FCR_RETVAL, 1
05CE  69C7      	SETF FC_CAL_UAR_00078_arg_nTimeout, 1
05D0  EC4EF000  	CALL FC_CAL_UAR_00078
05D4  69C7      	SETF FC_CAL_UAR_00078_arg_nTimeout, 1
05D6  EC4EF000  	CALL FC_CAL_UAR_00078
05DA  53B3      	MOVF FCD_0f051__00071_1_FCR_RETVAL, F, 1
05DC  E032      	BZ	label36
05DE  0E6F      	MOVLW 0x6F
05E0  6FC7      	MOVWF FC_CAL_UAR_00079_arg_nChar, 1
05E2  6BC8      	CLRF FC_CAL_UAR_00079_arg_nChar+D'1', 1
05E4  EC46F000  	CALL FC_CAL_UAR_00079
05E8  0E05      	MOVLW 0x05
05EA  6FC7      	MOVWF FC_CAL_UAR_00079_arg_nChar, 1
05EC  6BC8      	CLRF FC_CAL_UAR_00079_arg_nChar+D'1', 1
05EE  EC46F000  	CALL FC_CAL_UAR_00079
05F2  69C7      	SETF FC_CAL_UAR_00078_arg_nTimeout, 1
05F4  EC4EF000  	CALL FC_CAL_UAR_00078
05F8  51D0      	MOVF CompTempVarRet2787, W, 1
05FA  6F98      	MOVWF gbl_FCV_0f051_gLCD_EB076_4_0000F, 1
05FC  51D1      	MOVF CompTempVarRet2787+D'1', W, 1
05FE  6F99      	MOVWF gbl_FCV_0f051_gLCD_EB076_4_0000F+D'1', 1
0600  69C7      	SETF FC_CAL_UAR_00078_arg_nTimeout, 1
0602  EC4EF000  	CALL FC_CAL_UAR_00078
0606  51D0      	MOVF CompTempVarRet2787, W, 1
0608  6FB2      	MOVWF FCD_0f051__00071_1_FCL_TEMP, 1
060A  6BB4      	CLRF CompTempVar2745, 1
060C  5198      	MOVF gbl_FCV_0f051_gLCD_EB076_4_0000F, W, 1
060E  6F99      	MOVWF gbl_FCV_0f051_gLCD_EB076_4_0000F+D'1', 1
0610  51B4      	MOVF CompTempVar2745, W, 1
0612  6F98      	MOVWF gbl_FCV_0f051_gLCD_EB076_4_0000F, 1
0614  51B2      	MOVF FCD_0f051__00071_1_FCL_TEMP, W, 1
0616  1398      	IORWF gbl_FCV_0f051_gLCD_EB076_4_0000F, F, 1
0618  5399      	MOVF gbl_FCV_0f051_gLCD_EB076_4_0000F+D'1', F, 1
061A  69C7      	SETF FC_CAL_UAR_00078_arg_nTimeout, 1
061C  EC4EF000  	CALL FC_CAL_UAR_00078
0620  51D0      	MOVF CompTempVarRet2787, W, 1
0622  6F96      	MOVWF gbl_FCV_0f051_gLCD_EB076_4_0000E, 1
0624  51D1      	MOVF CompTempVarRet2787+D'1', W, 1
0626  6F97      	MOVWF gbl_FCV_0f051_gLCD_EB076_4_0000E+D'1', 1
0628  69C7      	SETF FC_CAL_UAR_00078_arg_nTimeout, 1
062A  EC4EF000  	CALL FC_CAL_UAR_00078
062E  51D0      	MOVF CompTempVarRet2787, W, 1
0630  6FB2      	MOVWF FCD_0f051__00071_1_FCL_TEMP, 1
0632  6BB4      	CLRF CompTempVar2749, 1
0634  5196      	MOVF gbl_FCV_0f051_gLCD_EB076_4_0000E, W, 1
0636  6F97      	MOVWF gbl_FCV_0f051_gLCD_EB076_4_0000E+D'1', 1
0638  51B4      	MOVF CompTempVar2749, W, 1
063A  6F96      	MOVWF gbl_FCV_0f051_gLCD_EB076_4_0000E, 1
063C  51B2      	MOVF FCD_0f051__00071_1_FCL_TEMP, W, 1
063E  1396      	IORWF gbl_FCV_0f051_gLCD_EB076_4_0000E, F, 1
0640  5397      	MOVF gbl_FCV_0f051_gLCD_EB076_4_0000E+D'1', F, 1
0642            label36
0642  51B3      	MOVF FCD_0f051__00071_1_FCR_RETVAL, W, 1
0644  6FB4      	MOVWF CompTempVarRet2744, 1
0646  0012      	RETURN
0648            ; } FCD_0f051_gLCD_EB076_4D1__G4D_GetTouchCoordinatesPicaso function end

	ORG 0x00000648
0648            FCD_0f051__00068
0648            ; { FCD_0f051_gLCD_EB076_4D1__G4D_EnableTouchscreenPicaso ; function begin
0648  0E59      	MOVLW 0x59
064A  0100      	MOVLB 0x00
064C  6FC7      	MOVWF FC_CAL_UAR_00079_arg_nChar, 1
064E  6BC8      	CLRF FC_CAL_UAR_00079_arg_nChar+D'1', 1
0650  EC46F000  	CALL FC_CAL_UAR_00079
0654  0E05      	MOVLW 0x05
0656  6FC7      	MOVWF FC_CAL_UAR_00079_arg_nChar, 1
0658  6BC8      	CLRF FC_CAL_UAR_00079_arg_nChar+D'1', 1
065A  EC46F000  	CALL FC_CAL_UAR_00079
065E  6BC7      	CLRF FC_CAL_UAR_00079_arg_nChar, 1
0660  6BC8      	CLRF FC_CAL_UAR_00079_arg_nChar+D'1', 1
0662  EC46F000  	CALL FC_CAL_UAR_00079
0666  69C7      	SETF FC_CAL_UAR_00078_arg_nTimeout, 1
0668  EC4EF000  	CALL FC_CAL_UAR_00078
066C  51D0      	MOVF CompTempVarRet2787, W, 1
066E  6FB2      	MOVWF FCD_0f051__00068_1_FCR_RETVAL, 1
0670  0E59      	MOVLW 0x59
0672  6FC7      	MOVWF FC_CAL_UAR_00079_arg_nChar, 1
0674  6BC8      	CLRF FC_CAL_UAR_00079_arg_nChar+D'1', 1
0676  EC46F000  	CALL FC_CAL_UAR_00079
067A  0E05      	MOVLW 0x05
067C  6FC7      	MOVWF FC_CAL_UAR_00079_arg_nChar, 1
067E  6BC8      	CLRF FC_CAL_UAR_00079_arg_nChar+D'1', 1
0680  EC46F000  	CALL FC_CAL_UAR_00079
0684  0E02      	MOVLW 0x02
0686  6FC7      	MOVWF FC_CAL_UAR_00079_arg_nChar, 1
0688  6BC8      	CLRF FC_CAL_UAR_00079_arg_nChar+D'1', 1
068A  EC46F000  	CALL FC_CAL_UAR_00079
068E  69C7      	SETF FC_CAL_UAR_00078_arg_nTimeout, 1
0690  EC4EF000  	CALL FC_CAL_UAR_00078
0694  51D0      	MOVF CompTempVarRet2787, W, 1
0696  6FB2      	MOVWF FCD_0f051__00068_1_FCR_RETVAL, 1
0698  0E06      	MOVLW 0x06
069A  63B2      	CPFSEQ FCD_0f051__00068_1_FCR_RETVAL, 1
069C  D002      	BRA	label37
069E  6BB2      	CLRF FCD_0f051__00068_1_FCR_RETVAL, 1
06A0  D001      	BRA	label38
06A2            label37
06A2  69B2      	SETF FCD_0f051__00068_1_FCR_RETVAL, 1
06A4            label38
06A4  51B2      	MOVF FCD_0f051__00068_1_FCR_RETVAL, W, 1
06A6  6FB3      	MOVWF CompTempVarRet2709, 1
06A8  0012      	RETURN
06AA            ; } FCD_0f051_gLCD_EB076_4D1__G4D_EnableTouchscreenPicaso function end

	ORG 0x000006AA
06AA            FCD_0f051__00067
06AA            ; { FCD_0f051_gLCD_EB076_4D1__G4D_DisableTouchscreenPicaso ; function begin
06AA  0E59      	MOVLW 0x59
06AC  0100      	MOVLB 0x00
06AE  6FC7      	MOVWF FC_CAL_UAR_00079_arg_nChar, 1
06B0  6BC8      	CLRF FC_CAL_UAR_00079_arg_nChar+D'1', 1
06B2  EC46F000  	CALL FC_CAL_UAR_00079
06B6  0E05      	MOVLW 0x05
06B8  6FC7      	MOVWF FC_CAL_UAR_00079_arg_nChar, 1
06BA  6BC8      	CLRF FC_CAL_UAR_00079_arg_nChar+D'1', 1
06BC  EC46F000  	CALL FC_CAL_UAR_00079
06C0  0E01      	MOVLW 0x01
06C2  6FC7      	MOVWF FC_CAL_UAR_00079_arg_nChar, 1
06C4  6BC8      	CLRF FC_CAL_UAR_00079_arg_nChar+D'1', 1
06C6  EC46F000  	CALL FC_CAL_UAR_00079
06CA  69C7      	SETF FC_CAL_UAR_00078_arg_nTimeout, 1
06CC  EC4EF000  	CALL FC_CAL_UAR_00078
06D0  51D0      	MOVF CompTempVarRet2787, W, 1
06D2  6FB2      	MOVWF FCD_0f051__00067_1_FCR_RETVAL, 1
06D4  0E06      	MOVLW 0x06
06D6  63B2      	CPFSEQ FCD_0f051__00067_1_FCR_RETVAL, 1
06D8  D002      	BRA	label39
06DA  6BB2      	CLRF FCD_0f051__00067_1_FCR_RETVAL, 1
06DC  D001      	BRA	label40
06DE            label39
06DE  69B2      	SETF FCD_0f051__00067_1_FCR_RETVAL, 1
06E0            label40
06E0  51B2      	MOVF FCD_0f051__00067_1_FCR_RETVAL, W, 1
06E2  6FB3      	MOVWF CompTempVarRet2708, 1
06E4  0012      	RETURN
06E6            ; } FCD_0f051_gLCD_EB076_4D1__G4D_DisableTouchscreenPicaso function end

	ORG 0x000006E6
06E6            FCD_0f051__00062
06E6            ; { FCD_0f051_gLCD_EB076_4D1__Initialise ; function begin
06E6  0100      	MOVLB 0x00
06E8  6BB6      	CLRF FCD_0f051__00062_2_ptmp, 1
06EA  9A94      	BCF gbl_trisc,5
06EC  53B6      	MOVF FCD_0f051__00062_2_ptmp, F, 1
06EE  E004      	BZ	label41
06F0  0E20      	MOVLW 0x20
06F2  108B      	IORWF gbl_latc, W
06F4  6E82      	MOVWF gbl_portc
06F6  D003      	BRA	label42
06F8            label41
06F8  0EDF      	MOVLW 0xDF
06FA  148B      	ANDWF gbl_latc, W
06FC  6E82      	MOVWF gbl_portc
06FE            label42
06FE  EC71F001  	CALL FC_CAL_UAR_0007A
0702  0E64      	MOVLW 0x64
0704  6FB6      	MOVWF delay_us_00000_arg_del, 1
0706  EC2EF000  	CALL delay_us_00000
070A  0E0F      	MOVLW HIGH(gbl_portc+D'0')
070C  6FB7      	MOVWF FC_CAL_Por_00042_arg_Port+D'1', 1
070E  0E82      	MOVLW LOW(gbl_portc+D'0')
0710  6FB6      	MOVWF FC_CAL_Por_00042_arg_Port, 1
0712  0E0F      	MOVLW HIGH(gbl_trisc+D'0')
0714  6FB9      	MOVWF FC_CAL_Por_00042_arg_Tris+D'1', 1
0716  0E94      	MOVLW LOW(gbl_trisc+D'0')
0718  6FB8      	MOVWF FC_CAL_Por_00042_arg_Tris, 1
071A  0E20      	MOVLW 0x20
071C  6FBA      	MOVWF FC_CAL_Por_00042_arg_InMask, 1
071E  0E05      	MOVLW 0x05
0720  6FBB      	MOVWF FC_CAL_Por_00042_arg_Shift, 1
0722  ECC2F001  	CALL FC_CAL_Por_00042
0726  51BC      	MOVF CompTempVarRet1822, W, 1
0728  6FB5      	MOVWF FCD_0f051__00062_1_FCL_DUMMY, 1
072A  0E03      	MOVLW 0x03
072C  6FB6      	MOVWF delay_s_00000_arg_del, 1
072E  EC33F000  	CALL delay_s_00000
0732  6BC7      	CLRF FC_CAL_UAR_00078_arg_nTimeout, 1
0734  EC4EF000  	CALL FC_CAL_UAR_00078
0738  6BC7      	CLRF FC_CAL_UAR_00078_arg_nTimeout, 1
073A  EC4EF000  	CALL FC_CAL_UAR_00078
073E  6BC7      	CLRF FC_CAL_UAR_00078_arg_nTimeout, 1
0740  EC4EF000  	CALL FC_CAL_UAR_00078
0744  0E55      	MOVLW 0x55
0746  6FC7      	MOVWF FC_CAL_UAR_00079_arg_nChar, 1
0748  6BC8      	CLRF FC_CAL_UAR_00079_arg_nChar+D'1', 1
074A  EC46F000  	CALL FC_CAL_UAR_00079
074E  69C7      	SETF FC_CAL_UAR_00078_arg_nTimeout, 1
0750  EC4EF000  	CALL FC_CAL_UAR_00078
0754  0E51      	MOVLW 0x51
0756  6FC7      	MOVWF FC_CAL_UAR_00079_arg_nChar, 1
0758  6BC8      	CLRF FC_CAL_UAR_00079_arg_nChar+D'1', 1
075A  EC46F000  	CALL FC_CAL_UAR_00079
075E  0E0C      	MOVLW 0x0C
0760  6FC7      	MOVWF FC_CAL_UAR_00079_arg_nChar, 1
0762  6BC8      	CLRF FC_CAL_UAR_00079_arg_nChar+D'1', 1
0764  EC46F000  	CALL FC_CAL_UAR_00079
0768  69C7      	SETF FC_CAL_UAR_00078_arg_nTimeout, 1
076A  EC4EF000  	CALL FC_CAL_UAR_00078
076E  0E06      	MOVLW 0x06
0770  6FB6      	MOVWF FC_CAL_UAR_00076_arg_new_baud, 1
0772  EC7AF001  	CALL FC_CAL_UAR_00076
0776  0E0A      	MOVLW 0x0A
0778  6FC7      	MOVWF FC_CAL_UAR_00078_arg_nTimeout, 1
077A  EC4EF000  	CALL FC_CAL_UAR_00078
077E  0E0A      	MOVLW 0x0A
0780  6FC7      	MOVWF FC_CAL_UAR_00078_arg_nTimeout, 1
0782  EC4EF000  	CALL FC_CAL_UAR_00078
0786  6BB2      	CLRF FCD_0f051__00062_1_FCL_RED, 1
0788  33B2      	RRCF FCD_0f051__00062_1_FCL_RED, F, 1
078A  33B2      	RRCF FCD_0f051__00062_1_FCL_RED, F, 1
078C  33B2      	RRCF FCD_0f051__00062_1_FCL_RED, F, 1
078E  0E1F      	MOVLW 0x1F
0790  17B2      	ANDWF FCD_0f051__00062_1_FCL_RED, F, 1
0792  6BB3      	CLRF FCD_0f051__00062_1_FCL_GREEN, 1
0794  33B3      	RRCF FCD_0f051__00062_1_FCL_GREEN, F, 1
0796  33B3      	RRCF FCD_0f051__00062_1_FCL_GREEN, F, 1
0798  0E3F      	MOVLW 0x3F
079A  17B3      	ANDWF FCD_0f051__00062_1_FCL_GREEN, F, 1
079C  6BB4      	CLRF FCD_0f051__00062_1_FCL_BLUE, 1
079E  33B4      	RRCF FCD_0f051__00062_1_FCL_BLUE, F, 1
07A0  33B4      	RRCF FCD_0f051__00062_1_FCL_BLUE, F, 1
07A2  33B4      	RRCF FCD_0f051__00062_1_FCL_BLUE, F, 1
07A4  0E1F      	MOVLW 0x1F
07A6  17B4      	ANDWF FCD_0f051__00062_1_FCL_BLUE, F, 1
07A8  51B3      	MOVF FCD_0f051__00062_1_FCL_GREEN, W, 1
07AA  6FB6      	MOVWF CompTempVar2669, 1
07AC  6B95      	CLRF gbl_FCV_0f051_gLCD_EB076_4_0000D+D'1', 1
07AE  37B6      	RLCF CompTempVar2669, F, 1
07B0  3795      	RLCF gbl_FCV_0f051_gLCD_EB076_4_0000D+D'1', F, 1
07B2  37B6      	RLCF CompTempVar2669, F, 1
07B4  3795      	RLCF gbl_FCV_0f051_gLCD_EB076_4_0000D+D'1', F, 1
07B6  37B6      	RLCF CompTempVar2669, F, 1
07B8  3795      	RLCF gbl_FCV_0f051_gLCD_EB076_4_0000D+D'1', F, 1
07BA  37B6      	RLCF CompTempVar2669, F, 1
07BC  3795      	RLCF gbl_FCV_0f051_gLCD_EB076_4_0000D+D'1', F, 1
07BE  37B6      	RLCF CompTempVar2669, F, 1
07C0  3795      	RLCF gbl_FCV_0f051_gLCD_EB076_4_0000D+D'1', F, 1
07C2  0EE0      	MOVLW 0xE0
07C4  17B6      	ANDWF CompTempVar2669, F, 1
07C6  51B6      	MOVF CompTempVar2669, W, 1
07C8  11B4      	IORWF FCD_0f051__00062_1_FCL_BLUE, W, 1
07CA  6F94      	MOVWF gbl_FCV_0f051_gLCD_EB076_4_0000D, 1
07CC  6BB6      	CLRF CompTempVar2673, 1
07CE  51B2      	MOVF FCD_0f051__00062_1_FCL_RED, W, 1
07D0  6FB7      	MOVWF CompTempVar2674, 1
07D2  90D8      	BCF STATUS,C
07D4  37B7      	RLCF CompTempVar2674, F, 1
07D6  90D8      	BCF STATUS,C
07D8  37B7      	RLCF CompTempVar2674, F, 1
07DA  90D8      	BCF STATUS,C
07DC  37B7      	RLCF CompTempVar2674, F, 1
07DE  51B6      	MOVF CompTempVar2673, W, 1
07E0  1394      	IORWF gbl_FCV_0f051_gLCD_EB076_4_0000D, F, 1
07E2  51B7      	MOVF CompTempVar2674, W, 1
07E4  1395      	IORWF gbl_FCV_0f051_gLCD_EB076_4_0000D+D'1', F, 1
07E6  69B2      	SETF FCD_0f051__00062_1_FCL_RED, 1
07E8  33B2      	RRCF FCD_0f051__00062_1_FCL_RED, F, 1
07EA  33B2      	RRCF FCD_0f051__00062_1_FCL_RED, F, 1
07EC  33B2      	RRCF FCD_0f051__00062_1_FCL_RED, F, 1
07EE  0E1F      	MOVLW 0x1F
07F0  17B2      	ANDWF FCD_0f051__00062_1_FCL_RED, F, 1
07F2  69B3      	SETF FCD_0f051__00062_1_FCL_GREEN, 1
07F4  33B3      	RRCF FCD_0f051__00062_1_FCL_GREEN, F, 1
07F6  33B3      	RRCF FCD_0f051__00062_1_FCL_GREEN, F, 1
07F8  0E3F      	MOVLW 0x3F
07FA  17B3      	ANDWF FCD_0f051__00062_1_FCL_GREEN, F, 1
07FC  69B4      	SETF FCD_0f051__00062_1_FCL_BLUE, 1
07FE  33B4      	RRCF FCD_0f051__00062_1_FCL_BLUE, F, 1
0800  33B4      	RRCF FCD_0f051__00062_1_FCL_BLUE, F, 1
0802  33B4      	RRCF FCD_0f051__00062_1_FCL_BLUE, F, 1
0804  0E1F      	MOVLW 0x1F
0806  17B4      	ANDWF FCD_0f051__00062_1_FCL_BLUE, F, 1
0808  51B3      	MOVF FCD_0f051__00062_1_FCL_GREEN, W, 1
080A  6FB6      	MOVWF CompTempVar2680, 1
080C  6B93      	CLRF gbl_FCV_0f051_gLCD_EB076_4_0000C+D'1', 1
080E  37B6      	RLCF CompTempVar2680, F, 1
0810  3793      	RLCF gbl_FCV_0f051_gLCD_EB076_4_0000C+D'1', F, 1
0812  37B6      	RLCF CompTempVar2680, F, 1
0814  3793      	RLCF gbl_FCV_0f051_gLCD_EB076_4_0000C+D'1', F, 1
0816  37B6      	RLCF CompTempVar2680, F, 1
0818  3793      	RLCF gbl_FCV_0f051_gLCD_EB076_4_0000C+D'1', F, 1
081A  37B6      	RLCF CompTempVar2680, F, 1
081C  3793      	RLCF gbl_FCV_0f051_gLCD_EB076_4_0000C+D'1', F, 1
081E  37B6      	RLCF CompTempVar2680, F, 1
0820  3793      	RLCF gbl_FCV_0f051_gLCD_EB076_4_0000C+D'1', F, 1
0822  0EE0      	MOVLW 0xE0
0824  17B6      	ANDWF CompTempVar2680, F, 1
0826  51B6      	MOVF CompTempVar2680, W, 1
0828  11B4      	IORWF FCD_0f051__00062_1_FCL_BLUE, W, 1
082A  6F92      	MOVWF gbl_FCV_0f051_gLCD_EB076_4_0000C, 1
082C  6BB6      	CLRF CompTempVar2684, 1
082E  51B2      	MOVF FCD_0f051__00062_1_FCL_RED, W, 1
0830  6FB7      	MOVWF CompTempVar2685, 1
0832  90D8      	BCF STATUS,C
0834  37B7      	RLCF CompTempVar2685, F, 1
0836  90D8      	BCF STATUS,C
0838  37B7      	RLCF CompTempVar2685, F, 1
083A  90D8      	BCF STATUS,C
083C  37B7      	RLCF CompTempVar2685, F, 1
083E  51B6      	MOVF CompTempVar2684, W, 1
0840  1392      	IORWF gbl_FCV_0f051_gLCD_EB076_4_0000C, F, 1
0842  51B7      	MOVF CompTempVar2685, W, 1
0844  1393      	IORWF gbl_FCV_0f051_gLCD_EB076_4_0000C+D'1', F, 1
0846  EC50F002  	CALL FCD_0f051__00063
084A  0E0A      	MOVLW 0x0A
084C  6FC7      	MOVWF FC_CAL_UAR_00078_arg_nTimeout, 1
084E  EC4EF000  	CALL FC_CAL_UAR_00078
0852  0E0A      	MOVLW 0x0A
0854  6FC7      	MOVWF FC_CAL_UAR_00078_arg_nTimeout, 1
0856  EC4EF000  	CALL FC_CAL_UAR_00078
085A  0012      	RETURN
085C            ; } FCD_0f051_gLCD_EB076_4D1__Initialise function end

	ORG 0x0000085C
085C            FCD_0f051__00060
085C            ; { FCD_0f051_gLCD_EB076_4D1__G4D_ReadTouchCoordinatesPicaso ; function begin
085C  6BB3      	CLRF FCD_0f051__00060_1_FCR_RETVAL, 1
085E  6BB4      	CLRF FCD_0f051__00060_1_FCR_RETVAL+D'1', 1
0860  53B2      	MOVF FCD_0f051__00060_arg_FCL_AXIS, F, 1
0862  E007      	BZ	label44
0864  0E78      	MOVLW 0x78
0866  63B2      	CPFSEQ FCD_0f051__00060_arg_FCL_AXIS, 1
0868  D001      	BRA	label43
086A  D003      	BRA	label44
086C            label43
086C  0E58      	MOVLW 0x58
086E  63B2      	CPFSEQ FCD_0f051__00060_arg_FCL_AXIS, 1
0870  D004      	BRA	label45
0872            label44
0872  5198      	MOVF gbl_FCV_0f051_gLCD_EB076_4_0000F, W, 1
0874  6FB3      	MOVWF FCD_0f051__00060_1_FCR_RETVAL, 1
0876  5199      	MOVF gbl_FCV_0f051_gLCD_EB076_4_0000F+D'1', W, 1
0878  6FB4      	MOVWF FCD_0f051__00060_1_FCR_RETVAL+D'1', 1
087A            label45
087A  05B2      	DECF FCD_0f051__00060_arg_FCL_AXIS, W, 1
087C  E007      	BZ	label47
087E  0E79      	MOVLW 0x79
0880  63B2      	CPFSEQ FCD_0f051__00060_arg_FCL_AXIS, 1
0882  D001      	BRA	label46
0884  D003      	BRA	label47
0886            label46
0886  0E59      	MOVLW 0x59
0888  63B2      	CPFSEQ FCD_0f051__00060_arg_FCL_AXIS, 1
088A  D004      	BRA	label48
088C            label47
088C  5196      	MOVF gbl_FCV_0f051_gLCD_EB076_4_0000E, W, 1
088E  6FB3      	MOVWF FCD_0f051__00060_1_FCR_RETVAL, 1
0890  5197      	MOVF gbl_FCV_0f051_gLCD_EB076_4_0000E+D'1', W, 1
0892  6FB4      	MOVWF FCD_0f051__00060_1_FCR_RETVAL+D'1', 1
0894            label48
0894  51B3      	MOVF FCD_0f051__00060_1_FCR_RETVAL, W, 1
0896  6FB5      	MOVWF CompTempVarRet2655, 1
0898  51B4      	MOVF FCD_0f051__00060_1_FCR_RETVAL+D'1', W, 1
089A  6FB6      	MOVWF CompTempVarRet2655+D'1', 1
089C  0012      	RETURN
089E            ; } FCD_0f051_gLCD_EB076_4D1__G4D_ReadTouchCoordinatesPicaso function end

	ORG 0x0000089E
089E            FCD_0f051__0005D
089E            ; { FCD_0f051_gLCD_EB076_4D1__Print ; function begin
089E  6BBD      	CLRF FCD_0f051__0005D_1_FCL_IDX, 1
08A0  0E4F      	MOVLW 0x4F
08A2  6FC7      	MOVWF FC_CAL_UAR_00079_arg_nChar, 1
08A4  6BC8      	CLRF FC_CAL_UAR_00079_arg_nChar+D'1', 1
08A6  EC46F000  	CALL FC_CAL_UAR_00079
08AA  53BB      	MOVF FCD_0f051__0005D_arg_FCL_T_0005E, F, 1
08AC  E005      	BZ	label49
08AE  6BC7      	CLRF FC_CAL_UAR_00079_arg_nChar, 1
08B0  6BC8      	CLRF FC_CAL_UAR_00079_arg_nChar+D'1', 1
08B2  EC46F000  	CALL FC_CAL_UAR_00079
08B6  D005      	BRA	label50
08B8            label49
08B8  0E01      	MOVLW 0x01
08BA  6FC7      	MOVWF FC_CAL_UAR_00079_arg_nChar, 1
08BC  6BC8      	CLRF FC_CAL_UAR_00079_arg_nChar+D'1', 1
08BE  EC46F000  	CALL FC_CAL_UAR_00079
08C2            label50
08C2  69C7      	SETF FC_CAL_UAR_00078_arg_nTimeout, 1
08C4  EC4EF000  	CALL FC_CAL_UAR_00078
08C8  0E53      	MOVLW 0x53
08CA  6FC7      	MOVWF FC_CAL_UAR_00079_arg_nChar, 1
08CC  6BC8      	CLRF FC_CAL_UAR_00079_arg_nChar+D'1', 1
08CE  EC46F000  	CALL FC_CAL_UAR_00079
08D2  51B7      	MOVF FCD_0f051__0005D_arg_FCL_X1+D'1', W, 1
08D4  6FC7      	MOVWF FC_CAL_UAR_00079_arg_nChar, 1
08D6  6BC8      	CLRF FC_CAL_UAR_00079_arg_nChar+D'1', 1
08D8  EC46F000  	CALL FC_CAL_UAR_00079
08DC  51B6      	MOVF FCD_0f051__0005D_arg_FCL_X1, W, 1
08DE  6FC7      	MOVWF FC_CAL_UAR_00079_arg_nChar, 1
08E0  51B7      	MOVF FCD_0f051__0005D_arg_FCL_X1+D'1', W, 1
08E2  6FC8      	MOVWF FC_CAL_UAR_00079_arg_nChar+D'1', 1
08E4  EC46F000  	CALL FC_CAL_UAR_00079
08E8  51B9      	MOVF FCD_0f051__0005D_arg_FCL_Y1+D'1', W, 1
08EA  6FC7      	MOVWF FC_CAL_UAR_00079_arg_nChar, 1
08EC  6BC8      	CLRF FC_CAL_UAR_00079_arg_nChar+D'1', 1
08EE  EC46F000  	CALL FC_CAL_UAR_00079
08F2  51B8      	MOVF FCD_0f051__0005D_arg_FCL_Y1, W, 1
08F4  6FC7      	MOVWF FC_CAL_UAR_00079_arg_nChar, 1
08F6  51B9      	MOVF FCD_0f051__0005D_arg_FCL_Y1+D'1', W, 1
08F8  6FC8      	MOVWF FC_CAL_UAR_00079_arg_nChar+D'1', 1
08FA  EC46F000  	CALL FC_CAL_UAR_00079
08FE  51BA      	MOVF FCD_0f051__0005D_arg_FCL_FONT, W, 1
0900  6FC7      	MOVWF FC_CAL_UAR_00079_arg_nChar, 1
0902  6BC8      	CLRF FC_CAL_UAR_00079_arg_nChar+D'1', 1
0904  EC46F000  	CALL FC_CAL_UAR_00079
0908  5195      	MOVF gbl_FCV_0f051_gLCD_EB076_4_0000D+D'1', W, 1
090A  6FC7      	MOVWF FC_CAL_UAR_00079_arg_nChar, 1
090C  6BC8      	CLRF FC_CAL_UAR_00079_arg_nChar+D'1', 1
090E  EC46F000  	CALL FC_CAL_UAR_00079
0912  5194      	MOVF gbl_FCV_0f051_gLCD_EB076_4_0000D, W, 1
0914  6FC7      	MOVWF FC_CAL_UAR_00079_arg_nChar, 1
0916  5195      	MOVF gbl_FCV_0f051_gLCD_EB076_4_0000D+D'1', W, 1
0918  6FC8      	MOVWF FC_CAL_UAR_00079_arg_nChar+D'1', 1
091A  EC46F000  	CALL FC_CAL_UAR_00079
091E  0E01      	MOVLW 0x01
0920  6FC7      	MOVWF FC_CAL_UAR_00079_arg_nChar, 1
0922  6BC8      	CLRF FC_CAL_UAR_00079_arg_nChar+D'1', 1
0924  EC46F000  	CALL FC_CAL_UAR_00079
0928  0E01      	MOVLW 0x01
092A  6FC7      	MOVWF FC_CAL_UAR_00079_arg_nChar, 1
092C  6BC8      	CLRF FC_CAL_UAR_00079_arg_nChar+D'1', 1
092E  EC46F000  	CALL FC_CAL_UAR_00079
0932  51B2      	MOVF FCD_0f051__0005D_arg_FCL_STR, W, 1
0934  6FBE      	MOVWF FCI_GETLEN_0004B_arg_sStr1, 1
0936  51B3      	MOVF FCD_0f051__0005D_arg_FCL_STR+D'1', W, 1
0938  6FBF      	MOVWF FCI_GETLEN_0004B_arg_sStr1+D'1', 1
093A  51B4      	MOVF FCD_0f051__0005D_arg_FCLsz_STR, W, 1
093C  6FC0      	MOVWF FCI_GETLEN_0004B_arg_iStr1_len, 1
093E  ECF8F001  	CALL FCI_GETLEN_0004B
0942  51C2      	MOVF CompTempVarRet1850, W, 1
0944  6FBC      	MOVWF FCD_0f051__0005D_1_FCL_LEN_STR, 1
0946            label51
0946  51BC      	MOVF FCD_0f051__0005D_1_FCL_LEN_STR, W, 1
0948  61BD      	CPFSLT FCD_0f051__0005D_1_FCL_IDX, 1
094A  D014      	BRA	label52
094C  51B3      	MOVF FCD_0f051__0005D_arg_FCL_STR+D'1', W, 1
094E  6EEA      	MOVWF FSR0H
0950  51B2      	MOVF FCD_0f051__0005D_arg_FCL_STR, W, 1
0952  25BD      	ADDWF FCD_0f051__0005D_1_FCL_IDX, W, 1
0954  6EE9      	MOVWF FSR0L
0956  52EF      	MOVF INDF0, F
0958  E00D      	BZ	label52
095A  51B3      	MOVF FCD_0f051__0005D_arg_FCL_STR+D'1', W, 1
095C  6EEA      	MOVWF FSR0H
095E  51B2      	MOVF FCD_0f051__0005D_arg_FCL_STR, W, 1
0960  25BD      	ADDWF FCD_0f051__0005D_1_FCL_IDX, W, 1
0962  6EE9      	MOVWF FSR0L
0964  50EF      	MOVF INDF0, W
0966  6FC7      	MOVWF FC_CAL_UAR_00079_arg_nChar, 1
0968  6BC8      	CLRF FC_CAL_UAR_00079_arg_nChar+D'1', 1
096A  EC46F000  	CALL FC_CAL_UAR_00079
096E  29BD      	INCF FCD_0f051__0005D_1_FCL_IDX, W, 1
0970  6FBD      	MOVWF FCD_0f051__0005D_1_FCL_IDX, 1
0972  D7E9      	BRA	label51
0974            label52
0974  6BC7      	CLRF FC_CAL_UAR_00079_arg_nChar, 1
0976  6BC8      	CLRF FC_CAL_UAR_00079_arg_nChar+D'1', 1
0978  EC46F000  	CALL FC_CAL_UAR_00079
097C  69C7      	SETF FC_CAL_UAR_00078_arg_nTimeout, 1
097E  EC4EF000  	CALL FC_CAL_UAR_00078
0982  0012      	RETURN
0984            ; } FCD_0f051_gLCD_EB076_4D1__Print function end

	ORG 0x00000984
0984            FCM_Reinit_00066
0984            ; { FCM_Reinitialisation_tactile ; function begin
0984  EC55F003  	CALL FCD_0f051__00067
0988  EC24F003  	CALL FCD_0f051__00068
098C  0012      	RETURN
098E            ; } FCM_Reinitialisation_tactile function end

	ORG 0x0000098E
098E            FCM_Reinit_00065
098E            ; { FCM_Reinitialisation_texte ; function begin
098E  0100      	MOVLB 0x00
0990  69BD      	SETF FCD_0f051__0006A_arg_FCL_RED, 1
0992  69BE      	SETF FCD_0f051__0006A_arg_FCL_GREEN, 1
0994  69BF      	SETF FCD_0f051__0006A_arg_FCL_BLUE, 1
0996  EC43F001  	CALL FCD_0f051__0006A
099A  6BBD      	CLRF FCD_0f051__0006B_arg_FCL_X1, 1
099C  6BBE      	CLRF FCD_0f051__0006B_arg_FCL_X1+D'1', 1
099E  0EF1      	MOVLW 0xF1
09A0  6FBF      	MOVWF FCD_0f051__0006B_arg_FCL_Y1, 1
09A2  6BC0      	CLRF FCD_0f051__0006B_arg_FCL_Y1+D'1', 1
09A4  0EF0      	MOVLW 0xF0
09A6  6FC1      	MOVWF FCD_0f051__0006B_arg_FCL_X2, 1
09A8  6BC2      	CLRF FCD_0f051__0006B_arg_FCL_X2+D'1', 1
09AA  0E40      	MOVLW 0x40
09AC  6FC3      	MOVWF FCD_0f051__0006B_arg_FCL_Y2, 1
09AE  0E01      	MOVLW 0x01
09B0  6FC4      	MOVWF FCD_0f051__0006B_arg_FCL_Y2+D'1', 1
09B2  6FC5      	MOVWF FCD_0f051__0006B_arg_FCL_T_0006C, 1
09B4  6FC6      	MOVWF FCD_0f051__0006B_arg_FCL_SOLID, 1
09B6  ECA0F000  	CALL FCD_0f051__0006B
09BA  6BBD      	CLRF FCD_0f051__0006A_arg_FCL_RED, 1
09BC  6BBE      	CLRF FCD_0f051__0006A_arg_FCL_GREEN, 1
09BE  6BBF      	CLRF FCD_0f051__0006A_arg_FCL_BLUE, 1
09C0  EC43F001  	CALL FCD_0f051__0006A
09C4  0012      	RETURN
09C6            ; } FCM_Reinitialisation_texte function end

	ORG 0x000009C6
09C6            FCM_Recupe_00070
09C6            ; { FCM_Recuperation_coordonees ; function begin
09C6  ECD4F002  	CALL FCD_0f051__00071
09CA  51B4      	MOVF CompTempVarRet2744, W, 1
09CC  6FA5      	MOVWF gbl_FCV_APPUI_ECRAN, 1
09CE  0012      	RETURN
09D0            ; } FCM_Recuperation_coordonees function end

	ORG 0x000009D0
09D0            FCM_Lectur_0005F
09D0            ; { FCM_Lecture_Coordonnes ; function begin
09D0  0100      	MOVLB 0x00
09D2  6BB2      	CLRF FCD_0f051__00060_arg_FCL_AXIS, 1
09D4  EC2EF004  	CALL FCD_0f051__00060
09D8  51B5      	MOVF CompTempVarRet2655, W, 1
09DA  6F90      	MOVWF gbl_FCV_X_TOUCH, 1
09DC  51B6      	MOVF CompTempVarRet2655+D'1', W, 1
09DE  6F91      	MOVWF gbl_FCV_X_TOUCH+D'1', 1
09E0  0E01      	MOVLW 0x01
09E2  6FB2      	MOVWF FCD_0f051__00060_arg_FCL_AXIS, 1
09E4  EC2EF004  	CALL FCD_0f051__00060
09E8  51B5      	MOVF CompTempVarRet2655, W, 1
09EA  6F88      	MOVWF gbl_FCV_Y_TOUCH, 1
09EC  51B6      	MOVF CompTempVarRet2655+D'1', W, 1
09EE  6F89      	MOVWF gbl_FCV_Y_TOUCH+D'1', 1
09F0  0012      	RETURN
09F2            ; } FCM_Lecture_Coordonnes function end

	ORG 0x000009F2
09F2            FCM_Initia_00061
09F2            ; { FCM_Initialisation ; function begin
09F2            label53
09F2  EE00F005  	LFSR 0x00, gbl_FCV_TABLEAU
09F6  50E9      	MOVF FSR0L, W
09F8  0100      	MOVLB 0x00
09FA  51A4      	MOVF gbl_FCV_HITBOX, W, 1
09FC  26E9      	ADDWF FSR0L, F
09FE  0E00      	MOVLW 0x00
0A00  6EEF      	MOVWF INDF0
0A02  29A4      	INCF gbl_FCV_HITBOX, W, 1
0A04  6FA4      	MOVWF gbl_FCV_HITBOX, 1
0A06  6BB2      	CLRF CompTempVar2656, 1
0A08  0E64      	MOVLW 0x64
0A0A  63A4      	CPFSEQ gbl_FCV_HITBOX, 1
0A0C  D001      	BRA	label54
0A0E  2BB2      	INCF CompTempVar2656, F, 1
0A10            label54
0A10  53B2      	MOVF CompTempVar2656, F, 1
0A12  E0EF      	BZ	label53
0A14  EE00F005  	LFSR 0x00, gbl_FCV_TABLEAU
0A18  50E9      	MOVF FSR0L, W
0A1A  51A4      	MOVF gbl_FCV_HITBOX, W, 1
0A1C  6FB2      	MOVWF CompTempVar2660, 1
0A1E  51B2      	MOVF CompTempVar2660, W, 1
0A20  26E9      	ADDWF FSR0L, F
0A22  50EF      	MOVF INDF0, W
0A24  6FB3      	MOVWF CompTempVar2661, 1
0A26  0E05      	MOVLW LOW(gbl_FCV_TABLEAU+D'0')
0A28  6EE9      	MOVWF FSR0L
0A2A  51A8      	MOVF gbl_FCV_JOUEUR1, W, 1
0A2C  26E9      	ADDWF FSR0L, F
0A2E  51B3      	MOVF CompTempVar2661, W, 1
0A30  6EEF      	MOVWF INDF0
0A32  EC73F003  	CALL FCD_0f051__00062
0A36  EC50F002  	CALL FCD_0f051__00063
0A3A  EC71F002  	CALL FCM_lignes_00000
0A3E  0012      	RETURN
0A40            ; } FCM_Initialisation function end

	ORG 0x00000A40
0A40            FCM_Hitbox_0005B
0A40            ; { FCM_Hitbox_v2 ; function begin
0A40  0E01      	MOVLW 0x01
0A42  0100      	MOVLB 0x00
0A44  6FA4      	MOVWF gbl_FCV_HITBOX, 1
0A46  0E18      	MOVLW 0x18
0A48  6F8C      	MOVWF gbl_FCV_Y, 1
0A4A  6B8D      	CLRF gbl_FCV_Y+D'1', 1
0A4C  0E18      	MOVLW 0x18
0A4E  6F8E      	MOVWF gbl_FCV_X, 1
0A50  6B8F      	CLRF gbl_FCV_X+D'1', 1
0A52            label55
0A52  0E01      	MOVLW 0x01
0A54  5D86      	SUBWF gbl_FCV_X_SORTIE, W, 1
0A56  E23A      	BC	label63
0A58  6787      	TSTFSZ gbl_FCV_X_SORTIE+D'1', 1
0A5A  D038      	BRA	label63
0A5C  518D      	MOVF gbl_FCV_Y+D'1', W, 1
0A5E  5D89      	SUBWF gbl_FCV_Y_TOUCH+D'1', W, 1
0A60  E102      	BNZ	label56
0A62  518C      	MOVF gbl_FCV_Y, W, 1
0A64  5D88      	SUBWF gbl_FCV_Y_TOUCH, W, 1
0A66            label56
0A66  E227      	BC	label62
0A68            label57
0A68  518F      	MOVF gbl_FCV_X+D'1', W, 1
0A6A  5D91      	SUBWF gbl_FCV_X_TOUCH+D'1', W, 1
0A6C  E102      	BNZ	label58
0A6E  518E      	MOVF gbl_FCV_X, W, 1
0A70  5D90      	SUBWF gbl_FCV_X_TOUCH, W, 1
0A72            label58
0A72  E309      	BNC	label59
0A74  29A4      	INCF gbl_FCV_HITBOX, W, 1
0A76  6FA4      	MOVWF gbl_FCV_HITBOX, 1
0A78  6BB3      	CLRF CompTempVar2635, 1
0A7A  0E18      	MOVLW 0x18
0A7C  278E      	ADDWF gbl_FCV_X, F, 1
0A7E  518F      	MOVF gbl_FCV_X+D'1', W, 1
0A80  23B3      	ADDWFC CompTempVar2635, F, 1
0A82  51B3      	MOVF CompTempVar2635, W, 1
0A84  6F8F      	MOVWF gbl_FCV_X+D'1', 1
0A86            label59
0A86  5386      	MOVF gbl_FCV_X_SORTIE, F, 1
0A88  5387      	MOVF gbl_FCV_X_SORTIE+D'1', F, 1
0A8A  2B86      	INCF gbl_FCV_X_SORTIE, F, 1
0A8C  B4D8      	BTFSC STATUS,Z
0A8E  2B87      	INCF gbl_FCV_X_SORTIE+D'1', F, 1
0A90  6BB2      	CLRF CompTempVar2633, 1
0A92  518F      	MOVF gbl_FCV_X+D'1', W, 1
0A94  5D91      	SUBWF gbl_FCV_X_TOUCH+D'1', W, 1
0A96  E104      	BNZ	label60
0A98  518E      	MOVF gbl_FCV_X, W, 1
0A9A  6190      	CPFSLT gbl_FCV_X_TOUCH, 1
0A9C  D001      	BRA	label60
0A9E  D001      	BRA	label61
0AA0            label60
0AA0  A0D8      	BTFSS STATUS,C
0AA2            label61
0AA2  71B2      	BTG CompTempVar2633,0, 1
0AA4  53B2      	MOVF CompTempVar2633, F, 1
0AA6  E0E0      	BZ	label57
0AA8  ECB6F002  	CALL FCM_affich_0005C
0AAC  6B8E      	CLRF gbl_FCV_X, 1
0AAE  6B8F      	CLRF gbl_FCV_X+D'1', 1
0AB0  6B8C      	CLRF gbl_FCV_Y, 1
0AB2  6B8D      	CLRF gbl_FCV_Y+D'1', 1
0AB4  D7CE      	BRA	label55
0AB6            label62
0AB6  0E0A      	MOVLW 0x0A
0AB8  25A4      	ADDWF gbl_FCV_HITBOX, W, 1
0ABA  6FA4      	MOVWF gbl_FCV_HITBOX, 1
0ABC  6BB2      	CLRF CompTempVar2639, 1
0ABE  0E18      	MOVLW 0x18
0AC0  278C      	ADDWF gbl_FCV_Y, F, 1
0AC2  518D      	MOVF gbl_FCV_Y+D'1', W, 1
0AC4  23B2      	ADDWFC CompTempVar2639, F, 1
0AC6  51B2      	MOVF CompTempVar2639, W, 1
0AC8  6F8D      	MOVWF gbl_FCV_Y+D'1', 1
0ACA  D7C3      	BRA	label55
0ACC            label63
0ACC  0E00      	MOVLW HIGH(gbl_FCV_TABLEAU+D'0')
0ACE  6FB3      	MOVWF FCD_0f051__0005D_arg_FCL_STR+D'1', 1
0AD0  0E05      	MOVLW LOW(gbl_FCV_TABLEAU+D'0')
0AD2  6FB2      	MOVWF FCD_0f051__0005D_arg_FCL_STR, 1
0AD4  0E65      	MOVLW 0x65
0AD6  6FB4      	MOVWF FCD_0f051__0005D_arg_FCLsz_STR, 1
0AD8  6BB5      	CLRF FCD_0f051__0005D_arg_FCLsz_STR+D'1', 1
0ADA  0E32      	MOVLW 0x32
0ADC  6FB6      	MOVWF FCD_0f051__0005D_arg_FCL_X1, 1
0ADE  6BB7      	CLRF FCD_0f051__0005D_arg_FCL_X1+D'1', 1
0AE0  0EF0      	MOVLW 0xF0
0AE2  6FB8      	MOVWF FCD_0f051__0005D_arg_FCL_Y1, 1
0AE4  6BB9      	CLRF FCD_0f051__0005D_arg_FCL_Y1+D'1', 1
0AE6  0E02      	MOVLW 0x02
0AE8  6FBA      	MOVWF FCD_0f051__0005D_arg_FCL_FONT, 1
0AEA  0E01      	MOVLW 0x01
0AEC  6FBB      	MOVWF FCD_0f051__0005D_arg_FCL_T_0005E, 1
0AEE  EC4FF004  	CALL FCD_0f051__0005D
0AF2  6B86      	CLRF gbl_FCV_X_SORTIE, 1
0AF4  6B87      	CLRF gbl_FCV_X_SORTIE+D'1', 1
0AF6  0012      	RETURN
0AF8            ; } FCM_Hitbox_v2 function end

	ORG 0x00000AF8
0AF8            FCI_DELAYI_00046
0AF8            ; { FCI_DELAYINT_MS ; function begin
0AF8            label64
0AF8  0EFF      	MOVLW 0xFF
0AFA  65B2      	CPFSGT FCI_DELAYI_00046_arg_Delay, 1
0AFC  67B3      	TSTFSZ FCI_DELAYI_00046_arg_Delay+D'1', 1
0AFE  D001      	BRA	label65
0B00  D00C      	BRA	label66
0B02            label65
0B02  69B7      	SETF delay_ms_00000_arg_del, 1
0B04  EC06F000  	CALL delay_ms_00000
0B08  0EFF      	MOVLW 0xFF
0B0A  5DB2      	SUBWF FCI_DELAYI_00046_arg_Delay, W, 1
0B0C  6FB4      	MOVWF CompTempVar1838, 1
0B0E  59B2      	SUBWFB FCI_DELAYI_00046_arg_Delay, W, 1
0B10  08FF      	SUBLW 0xFF
0B12  5FB3      	SUBWF FCI_DELAYI_00046_arg_Delay+D'1', F, 1
0B14  51B4      	MOVF CompTempVar1838, W, 1
0B16  6FB2      	MOVWF FCI_DELAYI_00046_arg_Delay, 1
0B18  D7EF      	BRA	label64
0B1A            label66
0B1A  0E00      	MOVLW 0x00
0B1C  65B2      	CPFSGT FCI_DELAYI_00046_arg_Delay, 1
0B1E  67B3      	TSTFSZ FCI_DELAYI_00046_arg_Delay+D'1', 1
0B20  D001      	BRA	label67
0B22  0012      	RETURN
0B24            label67
0B24  51B2      	MOVF FCI_DELAYI_00046_arg_Delay, W, 1
0B26  6FB7      	MOVWF delay_ms_00000_arg_del, 1
0B28  EC06F000  	CALL delay_ms_00000
0B2C  0012      	RETURN
0B2E            ; } FCI_DELAYINT_MS function end

	ORG 0x00000B2E
0B2E            main
0B2E            ; { main ; function begin
0B2E  0E0F      	MOVLW 0x0F
0B30  6EC1      	MOVWF gbl_adcon1
0B32  ECF9F004  	CALL FCM_Initia_00061
0B36            label68
0B36  ECC7F004  	CALL FCM_Reinit_00065
0B3A  ECC2F004  	CALL FCM_Reinit_00066
0B3E            label69
0B3E  53A5      	MOVF gbl_FCV_APPUI_ECRAN, F, 1
0B40  E103      	BNZ	label70
0B42  ECE3F004  	CALL FCM_Recupe_00070
0B46  D7FB      	BRA	label69
0B48            label70
0B48  ECE8F004  	CALL FCM_Lectur_0005F
0B4C  EC20F005  	CALL FCM_Hitbox_0005B
0B50  6BA5      	CLRF gbl_FCV_APPUI_ECRAN, 1
0B52  0EF4      	MOVLW 0xF4
0B54  6FB2      	MOVWF FCI_DELAYI_00046_arg_Delay, 1
0B56  0E01      	MOVLW 0x01
0B58  6FB3      	MOVWF FCI_DELAYI_00046_arg_Delay+D'1', 1
0B5A  EC7CF005  	CALL FCI_DELAYI_00046
0B5E  D7EB      	BRA	label68
0B60            ; } main function end

	ORG 0x00000B60
0B60            _startup
0B60  0ED5      	MOVLW 0xD5
0B62  6E6A      	MOVWF gbl_14_LSR
0B64  0EC4      	MOVLW 0xC4
0B66  6E6B      	MOVWF gbl_14_LSR+D'1'
0B68  0EBB      	MOVLW 0xBB
0B6A  6E6C      	MOVWF gbl_14_LSR+D'2'
0B6C  0EDC      	MOVLW 0xDC
0B6E  6E6D      	MOVWF gbl_14_LSR+D'3'
0B70  6A6E      	CLRF gbl_15_gbl_aSig
0B72  6A6F      	CLRF gbl_15_gbl_aSig+D'1'
0B74  6A70      	CLRF gbl_15_gbl_aSig+D'2'
0B76  6A71      	CLRF gbl_15_gbl_aSig+D'3'
0B78  6A72      	CLRF gbl_15_gbl_bSig
0B7A  6A73      	CLRF gbl_15_gbl_bSig+D'1'
0B7C  6A74      	CLRF gbl_15_gbl_bSig+D'2'
0B7E  6A75      	CLRF gbl_15_gbl_bSig+D'3'
0B80  6A76      	CLRF gbl_15_gbl_zSig
0B82  6A77      	CLRF gbl_15_gbl_zSig+D'1'
0B84  6A78      	CLRF gbl_15_gbl_zSig+D'2'
0B86  6A79      	CLRF gbl_15_gbl_zSig+D'3'
0B88  0100      	MOVLB 0x00
0B8A  6B9D      	CLRF gbl_15_gbl_aExp, 1
0B8C  6B9E      	CLRF gbl_15_gbl_bExp, 1
0B8E  6A7E      	CLRF gbl_15_gbl_zExp
0B90  6A7F      	CLRF gbl_15_gbl_zExp+D'1'
0B92  6B9F      	CLRF gbl_15_gbl_aSign, 1
0B94  6BA0      	CLRF gbl_15_gbl_bSign, 1
0B96  6BA1      	CLRF gbl_15_gbl_zSign, 1
0B98  6BA2      	CLRF gbl_15_gbl_zSigZero, 1
0B9A  6A7A      	CLRF gbl_15_gbl_ret
0B9C  6A7B      	CLRF gbl_15_gbl_ret+D'1'
0B9E  6A7C      	CLRF gbl_15_gbl_ret+D'2'
0BA0  6A7D      	CLRF gbl_15_gbl_ret+D'3'
0BA2  6B9B      	CLRF gbl_float_rounding_mode, 1
0BA4  6B9C      	CLRF gbl_float_exception_flags, 1
0BA6  6B9A      	CLRF gbl_float_detect_tininess, 1
0BA8  0E18      	MOVLW 0x18
0BAA  6F84      	MOVWF gbl_FCV_Y_LIGNE, 1
0BAC  6B85      	CLRF gbl_FCV_Y_LIGNE+D'1', 1
0BAE  6BA3      	CLRF gbl_FCV_NUM_CASE, 1
0BB0  6B86      	CLRF gbl_FCV_X_SORTIE, 1
0BB2  6B87      	CLRF gbl_FCV_X_SORTIE+D'1', 1
0BB4  6B88      	CLRF gbl_FCV_Y_TOUCH, 1
0BB6  6B89      	CLRF gbl_FCV_Y_TOUCH+D'1', 1
0BB8  0E01      	MOVLW 0x01
0BBA  6FA4      	MOVWF gbl_FCV_HITBOX, 1
0BBC  0E18      	MOVLW 0x18
0BBE  6F8A      	MOVWF gbl_FCV_X_LIGNE, 1
0BC0  6B8B      	CLRF gbl_FCV_X_LIGNE+D'1', 1
0BC2  0E18      	MOVLW 0x18
0BC4  6F8C      	MOVWF gbl_FCV_Y, 1
0BC6  6B8D      	CLRF gbl_FCV_Y+D'1', 1
0BC8  0E18      	MOVLW 0x18
0BCA  6F8E      	MOVWF gbl_FCV_X, 1
0BCC  6B8F      	CLRF gbl_FCV_X+D'1', 1
0BCE  6B90      	CLRF gbl_FCV_X_TOUCH, 1
0BD0  6B91      	CLRF gbl_FCV_X_TOUCH+D'1', 1
0BD2  6BA5      	CLRF gbl_FCV_APPUI_ECRAN, 1
0BD4  6BA6      	CLRF gbl_FCV_HITBOX_2, 1
0BD6  6BA7      	CLRF gbl_FCV_BATEAU, 1
0BD8  6BA8      	CLRF gbl_FCV_JOUEUR1, 1
0BDA  0E00      	MOVLW 0x00
0BDC  6FA9      	MOVWF gbl_FCD_00fb8_ASCII6__INTL_00000, 1
0BDE  0E01      	MOVLW 0x01
0BE0  6FAA      	MOVWF gbl_FCD_00fb7_ASCII7__INTL_00001, 1
0BE2  0E02      	MOVLW 0x02
0BE4  6FAB      	MOVWF gbl_FCD_00fb6_ASCII5__INTL_00002, 1
0BE6  0E03      	MOVLW 0x03
0BE8  6FAC      	MOVWF gbl_FCD_00fb5_ASCII4__INTL_00003, 1
0BEA  0E04      	MOVLW 0x04
0BEC  6FAD      	MOVWF gbl_FCD_00fb4_ASCII3__INTL_00004, 1
0BEE  0E05      	MOVLW 0x05
0BF0  6FAE      	MOVWF gbl_FCD_00fb3_ASCII2__INTL_00005, 1
0BF2  0E06      	MOVLW 0x06
0BF4  6FAF      	MOVWF gbl_FCD_00fb2_ASCII1__INTL_00006, 1
0BF6  0E07      	MOVLW 0x07
0BF8  6FB0      	MOVWF gbl_FCD_00fb1_ASCII0__INTL_00007, 1
0BFA  6B80      	CLRF gbl_FCV_0ba71_Base_GLCD__P_00009, 1
0BFC  6B81      	CLRF gbl_FCV_0ba71_Base_GLCD__P_00009+D'1', 1
0BFE  6B82      	CLRF gbl_FCV_0ba71_Base_GLCD__P_00009+D'2', 1
0C00  6B83      	CLRF gbl_FCV_0ba71_Base_GLCD__P_00009+D'3', 1
0C02  6BB1      	CLRF gbl_FCV_0ba71_Base_GLCD__O_0000B, 1
0C04  EF97F005  	GOTO	main
	ORG 0x00000C08
0C08            interrupt
0C08            ; { interrupt ; function begin
0C08  CFEAF001  	MOVFF FSR0H,  Int1Context
0C0C  CFE9F002  	MOVFF FSR0L,  Int1Context+D'1'
0C10  CFF4F003  	MOVFF PRODH,  Int1Context+D'2'
0C14  CFF3F004  	MOVFF PRODL,  Int1Context+D'3'
0C18  C004FFF3  	MOVFF Int1Context+D'3',  PRODL
0C1C  C003FFF4  	MOVFF Int1Context+D'2',  PRODH
0C20  C002FFE9  	MOVFF Int1Context+D'1',  FSR0L
0C24  C001FFEA  	MOVFF Int1Context,  FSR0H
0C28  0011      	RETFIE 1
0C2A            ; } interrupt function end

	ORG 0x00300000
300000  32FF      	DW 0x32FF
300002  FEFF      	DW 0xFEFF
300004  FBFF      	DW 0xFBFF
300006  FFBA      	DW 0xFFBA
300008  FFFF      	DW 0xFFFF
30000A  FFFF      	DW 0xFFFF
30000C  FFFF      	DW 0xFFFF
