;/////////////////////////////////////////////////////////////////////////////////
;// Code Generator: BoostC Compiler - http://www.sourceboost.com
;// Version       : 7.20
;// License Type  : Pro License
;// Limitations   : PIC18 max code size:Unlimited, max RAM banks:Unlimited
;/////////////////////////////////////////////////////////////////////////////////

	ORG 0x00000000
0000  EF66F006  	GOTO	_startup
	ORG 0x00000008
0008  EF8EF006  	GOTO	interrupt
	ORG 0x0000000C
000C            delay_us_00000
000C            ; { delay_us ; function begin
000C            label1
000C  0000      	NOP
000E  0000      	NOP
0010  2FAD      	DECFSZ delay_us_00000_arg_del, F, 1
0012  D7FC      	BRA	label1
0014  0012      	RETURN
0016            ; } delay_us function end

	ORG 0x00000016
0016            delay_ms_00000
0016            ; { delay_ms ; function begin
0016  526F      	MOVF delay_ms_00000_arg_del, F
0018  0000      	NOP
001A  E101      	BNZ	label2
001C  0012      	RETURN
001E            label2
001E  0EF5      	MOVLW 0xF5
0020            label3
0020  0000      	NOP
0022  0000      	NOP
0024  0000      	NOP
0026  0000      	NOP
0028  0000      	NOP
002A  0000      	NOP
002C  0000      	NOP
002E  0000      	NOP
0030  0000      	NOP
0032  0000      	NOP
0034  0000      	NOP
0036  0000      	NOP
0038  0000      	NOP
003A  0000      	NOP
003C  0000      	NOP
003E  0000      	NOP
0040  0FFF      	ADDLW 0xFF
0042  A4D8      	BTFSS STATUS,Z
0044  D7ED      	BRA	label3
0046  0000      	NOP
0048  0000      	NOP
004A  0000      	NOP
004C  0000      	NOP
004E  0000      	NOP
0050  0000      	NOP
0052  0000      	NOP
0054  0000      	NOP
0056  0000      	NOP
0058  0000      	NOP
005A  0000      	NOP
005C  0000      	NOP
005E  0000      	NOP
0060  2E6F      	DECFSZ delay_ms_00000_arg_del, F
0062  D7DD      	BRA	label2
0064  0012      	RETURN
0066            ; } delay_ms function end

	ORG 0x00000066
0066            delay_s_00000
0066            ; { delay_s ; function begin
0066            label4
0066  0EFA      	MOVLW 0xFA
0068  6E6F      	MOVWF delay_ms_00000_arg_del
006A  EC0BF000  	CALL delay_ms_00000
006E  0EFA      	MOVLW 0xFA
0070  6E6F      	MOVWF delay_ms_00000_arg_del
0072  EC0BF000  	CALL delay_ms_00000
0076  0EFA      	MOVLW 0xFA
0078  6E6F      	MOVWF delay_ms_00000_arg_del
007A  EC0BF000  	CALL delay_ms_00000
007E  0EFA      	MOVLW 0xFA
0080  6E6F      	MOVWF delay_ms_00000_arg_del
0082  EC0BF000  	CALL delay_ms_00000
0086  2E5A      	DECFSZ delay_s_00000_arg_del, F
0088  D7EE      	BRA	label4
008A  0012      	RETURN
008C            ; } delay_s function end

	ORG 0x0000008C
008C            FC_CAL_UAR_00073
008C            ; { FC_CAL_UART_Receive_1 ; function begin
008C  69D5      	SETF FC_CAL_UAR_00073_1_retVal, 1
008E  6BD6      	CLRF FC_CAL_UAR_00073_1_delay1, 1
0090  6BD7      	CLRF FC_CAL_UAR_00073_1_regcheck, 1
0092  6BD8      	CLRF FC_CAL_UAR_00073_1_bWaitForever, 1
0094  6BD9      	CLRF FC_CAL_UAR_00073_1_rxStatus, 1
0096  6BDC      	CLRF FC_CAL_UAR_00073_1_dummy, 1
0098  29D4      	INCF FC_CAL_UAR_00073_arg_nTimeout, W, 1
009A  E102      	BNZ	label5
009C  0E01      	MOVLW 0x01
009E  6FD8      	MOVWF FC_CAL_UAR_00073_1_bWaitForever, 1
00A0            label5
00A0  53D9      	MOVF FC_CAL_UAR_00073_1_rxStatus, F, 1
00A2  E124      	BNZ	label10
00A4  53D8      	MOVF FC_CAL_UAR_00073_1_bWaitForever, F, 1
00A6  E118      	BNZ	label9
00A8  53D4      	MOVF FC_CAL_UAR_00073_arg_nTimeout, F, 1
00AA  E103      	BNZ	label6
00AC  0E01      	MOVLW 0x01
00AE  6FD9      	MOVWF FC_CAL_UAR_00073_1_rxStatus, 1
00B0  D013      	BRA	label9
00B2            label6
00B2  6BDA      	CLRF FC_CAL_UAR_00073_1_delaycnt, 1
00B4  6BDB      	CLRF FC_CAL_UAR_00073_1_delaycnt+D'1', 1
00B6            label7
00B6  0E31      	MOVLW 0x31
00B8  5DDA      	SUBWF FC_CAL_UAR_00073_1_delaycnt, W, 1
00BA  E205      	BC	label8
00BC  67DB      	TSTFSZ FC_CAL_UAR_00073_1_delaycnt+D'1', 1
00BE  D003      	BRA	label8
00C0  4BDA      	INFSNZ FC_CAL_UAR_00073_1_delaycnt, F, 1
00C2  2BDB      	INCF FC_CAL_UAR_00073_1_delaycnt+D'1', F, 1
00C4  D7F8      	BRA	label7
00C6            label8
00C6  29D6      	INCF FC_CAL_UAR_00073_1_delay1, W, 1
00C8  6FD6      	MOVWF FC_CAL_UAR_00073_1_delay1, 1
00CA  0E64      	MOVLW 0x64
00CC  63D6      	CPFSEQ FC_CAL_UAR_00073_1_delay1, 1
00CE  D004      	BRA	label9
00D0  05D4      	DECF FC_CAL_UAR_00073_arg_nTimeout, W, 1
00D2  6FD4      	MOVWF FC_CAL_UAR_00073_arg_nTimeout, 1
00D4  0004      	CLRWDT
00D6  6BD6      	CLRF FC_CAL_UAR_00073_1_delay1, 1
00D8            label9
00D8  0E20      	MOVLW 0x20
00DA  149E      	ANDWF gbl_pir1, W
00DC  6FDD      	MOVWF CompTempVar2666, 1
00DE  51DD      	MOVF CompTempVar2666, W, 1
00E0  6FD7      	MOVWF FC_CAL_UAR_00073_1_regcheck, 1
00E2  53D7      	MOVF FC_CAL_UAR_00073_1_regcheck, F, 1
00E4  E0DD      	BZ	label5
00E6  0E02      	MOVLW 0x02
00E8  6FD9      	MOVWF FC_CAL_UAR_00073_1_rxStatus, 1
00EA  D7DA      	BRA	label5
00EC            label10
00EC  0E02      	MOVLW 0x02
00EE  63D9      	CPFSEQ FC_CAL_UAR_00073_1_rxStatus, 1
00F0  D018      	BRA	label13
00F2  0E04      	MOVLW 0x04
00F4  14AB      	ANDWF gbl_rcsta, W
00F6  6FDD      	MOVWF CompTempVar2667, 1
00F8  51DD      	MOVF CompTempVar2667, W, 1
00FA  6FD7      	MOVWF FC_CAL_UAR_00073_1_regcheck, 1
00FC  53D7      	MOVF FC_CAL_UAR_00073_1_regcheck, F, 1
00FE  E003      	BZ	label11
0100  50AE      	MOVF gbl_rcreg, W
0102  6FDC      	MOVWF FC_CAL_UAR_00073_1_dummy, 1
0104  D00E      	BRA	label13
0106            label11
0106  0E02      	MOVLW 0x02
0108  14AB      	ANDWF gbl_rcsta, W
010A  6FDD      	MOVWF CompTempVar2668, 1
010C  51DD      	MOVF CompTempVar2668, W, 1
010E  6FD7      	MOVWF FC_CAL_UAR_00073_1_regcheck, 1
0110  53D7      	MOVF FC_CAL_UAR_00073_1_regcheck, F, 1
0112  E003      	BZ	label12
0114  98AB      	BCF gbl_rcsta,4
0116  88AB      	BSF gbl_rcsta,4
0118  D004      	BRA	label13
011A            label12
011A  6BD5      	CLRF FC_CAL_UAR_00073_1_retVal, 1
011C  50AE      	MOVF gbl_rcreg, W
011E  11D5      	IORWF FC_CAL_UAR_00073_1_retVal, W, 1
0120  6FD5      	MOVWF FC_CAL_UAR_00073_1_retVal, 1
0122            label13
0122  51D5      	MOVF FC_CAL_UAR_00073_1_retVal, W, 1
0124  6FDD      	MOVWF CompTempVarRet2665, 1
0126  6BDE      	CLRF CompTempVarRet2665+D'1', 1
0128  0012      	RETURN
012A            ; } FC_CAL_UART_Receive_1 function end

	ORG 0x0000012A
012A            FCI_DELAYI_00038
012A            ; { FCI_DELAYINT_US ; function begin
012A            label14
012A  0EFF      	MOVLW 0xFF
012C  65AB      	CPFSGT FCI_DELAYI_00038_arg_Delay, 1
012E  67AC      	TSTFSZ FCI_DELAYI_00038_arg_Delay+D'1', 1
0130  D001      	BRA	label15
0132  D00C      	BRA	label16
0134            label15
0134  69AD      	SETF delay_us_00000_arg_del, 1
0136  EC06F000  	CALL delay_us_00000
013A  0EFF      	MOVLW 0xFF
013C  5DAB      	SUBWF FCI_DELAYI_00038_arg_Delay, W, 1
013E  6FAD      	MOVWF CompTempVar1836, 1
0140  59AB      	SUBWFB FCI_DELAYI_00038_arg_Delay, W, 1
0142  08FF      	SUBLW 0xFF
0144  5FAC      	SUBWF FCI_DELAYI_00038_arg_Delay+D'1', F, 1
0146  51AD      	MOVF CompTempVar1836, W, 1
0148  6FAB      	MOVWF FCI_DELAYI_00038_arg_Delay, 1
014A  D7EF      	BRA	label14
014C            label16
014C  0E00      	MOVLW 0x00
014E  65AB      	CPFSGT FCI_DELAYI_00038_arg_Delay, 1
0150  67AC      	TSTFSZ FCI_DELAYI_00038_arg_Delay+D'1', 1
0152  D001      	BRA	label17
0154  0012      	RETURN
0156            label17
0156  51AB      	MOVF FCI_DELAYI_00038_arg_Delay, W, 1
0158  6FAD      	MOVWF delay_us_00000_arg_del, 1
015A  EC06F000  	CALL delay_us_00000
015E  0012      	RETURN
0160            ; } FCI_DELAYINT_US function end

	ORG 0x00000160
0160            FC_CAL_UAR_00074
0160            ; { FC_CAL_UART_Send_1 ; function begin
0160            label18
0160  0E10      	MOVLW 0x10
0162  149E      	ANDWF gbl_pir1, W
0164  6FAA      	MOVWF CompTempVar2669, 1
0166  53AA      	MOVF CompTempVar2669, F, 1
0168  E0FB      	BZ	label18
016A  51A8      	MOVF FC_CAL_UAR_00074_arg_nChar, W, 1
016C  6EAD      	MOVWF gbl_txreg
016E  0012      	RETURN
0170            ; } FC_CAL_UART_Send_1 function end

	ORG 0x00000170
0170            FCI_GETLEN_0003E
0170            ; { FCI_GETLENGTH ; function begin
0170  6B98      	CLRF FCI_GETLEN_0003E_1_tmp, 1
0172            label19
0172  5197      	MOVF FCI_GETLEN_0003E_arg_iStr1_len, W, 1
0174  6198      	CPFSLT FCI_GETLEN_0003E_1_tmp, 1
0176  D009      	BRA	label20
0178  5196      	MOVF FCI_GETLEN_0003E_arg_sStr1+D'1', W, 1
017A  6EEA      	MOVWF FSR0H
017C  5195      	MOVF FCI_GETLEN_0003E_arg_sStr1, W, 1
017E  2598      	ADDWF FCI_GETLEN_0003E_1_tmp, W, 1
0180  6EE9      	MOVWF FSR0L
0182  52EF      	MOVF INDF0, F
0184  E002      	BZ	label20
0186  2B98      	INCF FCI_GETLEN_0003E_1_tmp, F, 1
0188  D7F4      	BRA	label19
018A            label20
018A  5198      	MOVF FCI_GETLEN_0003E_1_tmp, W, 1
018C  6F99      	MOVWF CompTempVarRet1850, 1
018E  0012      	RETURN
0190            ; } FCI_GETLENGTH function end

	ORG 0x00000190
0190            FCD_0c851__0007C
0190            ; { FCD_0c851_Bluetooth2__StringReceive ; function begin
0190  0100      	MOVLB 0x00
0192  6BA8      	CLRF FCD_0c851__0007C_1_FCL_TOUT, 1
0194  6BA9      	CLRF FCD_0c851__0007C_1_FCL_LEN, 1
0196  5059      	MOVF gbl_FCV_0c851_Bluetooth2___00002, W
0198  6FA9      	MOVWF FCD_0c851__0007C_1_FCL_LEN, 1
019A  6A58      	CLRF gbl_FCV_0c851_Bluetooth2___00001
019C  6A59      	CLRF gbl_FCV_0c851_Bluetooth2___00002
019E  6A57      	CLRF gbl_FCV_0c851_Bluetooth2__RX_IDX
01A0            label21
01A0  5258      	MOVF gbl_FCV_0c851_Bluetooth2___00001, F
01A2  E113      	BNZ	label23
01A4  0EFF      	MOVLW 0xFF
01A6  61A8      	CPFSLT FCD_0c851__0007C_1_FCL_TOUT, 1
01A8  D010      	BRA	label23
01AA  29A8      	INCF FCD_0c851__0007C_1_FCL_TOUT, W, 1
01AC  6FA8      	MOVWF FCD_0c851__0007C_1_FCL_TOUT, 1
01AE  5059      	MOVF gbl_FCV_0c851_Bluetooth2___00002, W
01B0  63A9      	CPFSEQ FCD_0c851__0007C_1_FCL_LEN, 1
01B2  6259      	CPFSEQ gbl_FCV_0c851_Bluetooth2___00002
01B4  D003      	BRA	label22
01B6  6BA8      	CLRF FCD_0c851__0007C_1_FCL_TOUT, 1
01B8  5059      	MOVF gbl_FCV_0c851_Bluetooth2___00002, W
01BA  6FA9      	MOVWF FCD_0c851__0007C_1_FCL_LEN, 1
01BC            label22
01BC  0EF4      	MOVLW 0xF4
01BE  6FAB      	MOVWF FCI_DELAYI_00038_arg_Delay, 1
01C0  0E01      	MOVLW 0x01
01C2  6FAC      	MOVWF FCI_DELAYI_00038_arg_Delay+D'1', 1
01C4  EC95F000  	CALL FCI_DELAYI_00038
01C8  D7EB      	BRA	label21
01CA            label23
01CA  29A8      	INCF FCD_0c851__0007C_1_FCL_TOUT, W, 1
01CC  E104      	BNZ	label24
01CE  6A58      	CLRF gbl_FCV_0c851_Bluetooth2___00001
01D0  6A59      	CLRF gbl_FCV_0c851_Bluetooth2___00002
01D2  6BAA      	CLRF FCD_0c851__0007C_1_FCR_RETVAL, 1
01D4  D002      	BRA	label25
01D6            label24
01D6  0E01      	MOVLW 0x01
01D8  6FAA      	MOVWF FCD_0c851__0007C_1_FCR_RETVAL, 1
01DA            label25
01DA  51AA      	MOVF FCD_0c851__0007C_1_FCR_RETVAL, W, 1
01DC  6FAB      	MOVWF CompTempVarRet2683, 1
01DE  0012      	RETURN
01E0            ; } FCD_0c851_Bluetooth2__StringReceive function end

	ORG 0x000001E0
01E0            FCI_SHEAD_00000
01E0            ; { FCI_SHEAD ; function begin
01E0  6BA1      	CLRF FCI_SHEAD_00000_1_len, 1
01E2  519E      	MOVF FCI_SHEAD_00000_arg_sDst, W, 1
01E4  627C      	CPFSEQ FCI_SHEAD_00000_arg_sSrc2
01E6  D08C      	BRA	label37
01E8  519F      	MOVF FCI_SHEAD_00000_arg_sDst+D'1', W, 1
01EA  627D      	CPFSEQ FCI_SHEAD_00000_arg_sSrc2+D'1'
01EC  D089      	BRA	label37
01EE  6BA2      	CLRF FCI_SHEAD_00000_1_strt, 1
01F0            label26
01F0  507B      	MOVF FCI_SHEAD_00000_arg_iSrc1_len, W
01F2  61A2      	CPFSLT FCI_SHEAD_00000_1_strt, 1
01F4  D009      	BRA	label27
01F6  507A      	MOVF FCI_SHEAD_00000_arg_sSrc1+D'1', W
01F8  6EEA      	MOVWF FSR0H
01FA  5079      	MOVF FCI_SHEAD_00000_arg_sSrc1, W
01FC  25A2      	ADDWF FCI_SHEAD_00000_1_strt, W, 1
01FE  6EE9      	MOVWF FSR0L
0200  52EF      	MOVF INDF0, F
0202  E002      	BZ	label27
0204  2BA2      	INCF FCI_SHEAD_00000_1_strt, F, 1
0206  D7F4      	BRA	label26
0208            label27
0208  51A0      	MOVF FCI_SHEAD_00000_arg_iDst_len, W, 1
020A  61A2      	CPFSLT FCI_SHEAD_00000_1_strt, 1
020C  D058      	BRA	label35
020E  6BA1      	CLRF FCI_SHEAD_00000_1_len, 1
0210            label28
0210  519D      	MOVF FCI_SHEAD_00000_arg_iSrc2_len, W, 1
0212  61A1      	CPFSLT FCI_SHEAD_00000_1_len, 1
0214  D009      	BRA	label29
0216  507D      	MOVF FCI_SHEAD_00000_arg_sSrc2+D'1', W
0218  6EEA      	MOVWF FSR0H
021A  507C      	MOVF FCI_SHEAD_00000_arg_sSrc2, W
021C  25A1      	ADDWF FCI_SHEAD_00000_1_len, W, 1
021E  6EE9      	MOVWF FSR0L
0220  52EF      	MOVF INDF0, F
0222  E002      	BZ	label29
0224  2BA1      	INCF FCI_SHEAD_00000_1_len, F, 1
0226  D7F4      	BRA	label28
0228            label29
0228  51A2      	MOVF FCI_SHEAD_00000_1_strt, W, 1
022A  5DA0      	SUBWF FCI_SHEAD_00000_arg_iDst_len, W, 1
022C  6FA3      	MOVWF CompTempVar2023, 1
022E  51A1      	MOVF FCI_SHEAD_00000_1_len, W, 1
0230  61A3      	CPFSLT CompTempVar2023, 1
0232  D005      	BRA	label30
0234  51A2      	MOVF FCI_SHEAD_00000_1_strt, W, 1
0236  5DA0      	SUBWF FCI_SHEAD_00000_arg_iDst_len, W, 1
0238  6FA4      	MOVWF CompTempVar2029, 1
023A  51A4      	MOVF CompTempVar2029, W, 1
023C  6FA1      	MOVWF FCI_SHEAD_00000_1_len, 1
023E            label30
023E  51A1      	MOVF FCI_SHEAD_00000_1_len, W, 1
0240  25A2      	ADDWF FCI_SHEAD_00000_1_strt, W, 1
0242  6F9D      	MOVWF FCI_SHEAD_00000_arg_iSrc2_len, 1
0244  51A1      	MOVF FCI_SHEAD_00000_1_len, W, 1
0246  6FA2      	MOVWF FCI_SHEAD_00000_1_strt, 1
0248            label31
0248  0E00      	MOVLW 0x00
024A  65A2      	CPFSGT FCI_SHEAD_00000_1_strt, 1
024C  D014      	BRA	label32
024E  07A2      	DECF FCI_SHEAD_00000_1_strt, F, 1
0250  079D      	DECF FCI_SHEAD_00000_arg_iSrc2_len, F, 1
0252  507D      	MOVF FCI_SHEAD_00000_arg_sSrc2+D'1', W
0254  6EEA      	MOVWF FSR0H
0256  507C      	MOVF FCI_SHEAD_00000_arg_sSrc2, W
0258  6EE9      	MOVWF FSR0L
025A  51A2      	MOVF FCI_SHEAD_00000_1_strt, W, 1
025C  6FA4      	MOVWF CompTempVar2032, 1
025E  51A4      	MOVF CompTempVar2032, W, 1
0260  26E9      	ADDWF FSR0L, F
0262  50EF      	MOVF INDF0, W
0264  6FA5      	MOVWF CompTempVar2033, 1
0266  519F      	MOVF FCI_SHEAD_00000_arg_sDst+D'1', W, 1
0268  6EEA      	MOVWF FSR0H
026A  519E      	MOVF FCI_SHEAD_00000_arg_sDst, W, 1
026C  259D      	ADDWF FCI_SHEAD_00000_arg_iSrc2_len, W, 1
026E  6EE9      	MOVWF FSR0L
0270  51A5      	MOVF CompTempVar2033, W, 1
0272  6EEF      	MOVWF INDF0
0274  D7E9      	BRA	label31
0276            label32
0276  6BA2      	CLRF FCI_SHEAD_00000_1_strt, 1
0278            label33
0278  507B      	MOVF FCI_SHEAD_00000_arg_iSrc1_len, W
027A  61A2      	CPFSLT FCI_SHEAD_00000_1_strt, 1
027C  D01D      	BRA	label34
027E  51A0      	MOVF FCI_SHEAD_00000_arg_iDst_len, W, 1
0280  61A2      	CPFSLT FCI_SHEAD_00000_1_strt, 1
0282  D01A      	BRA	label34
0284  507A      	MOVF FCI_SHEAD_00000_arg_sSrc1+D'1', W
0286  6EEA      	MOVWF FSR0H
0288  5079      	MOVF FCI_SHEAD_00000_arg_sSrc1, W
028A  25A2      	ADDWF FCI_SHEAD_00000_1_strt, W, 1
028C  6EE9      	MOVWF FSR0L
028E  52EF      	MOVF INDF0, F
0290  E013      	BZ	label34
0292  507A      	MOVF FCI_SHEAD_00000_arg_sSrc1+D'1', W
0294  6EEA      	MOVWF FSR0H
0296  5079      	MOVF FCI_SHEAD_00000_arg_sSrc1, W
0298  6EE9      	MOVWF FSR0L
029A  51A2      	MOVF FCI_SHEAD_00000_1_strt, W, 1
029C  6FA4      	MOVWF CompTempVar2036, 1
029E  51A4      	MOVF CompTempVar2036, W, 1
02A0  26E9      	ADDWF FSR0L, F
02A2  50EF      	MOVF INDF0, W
02A4  6FA5      	MOVWF CompTempVar2037, 1
02A6  519F      	MOVF FCI_SHEAD_00000_arg_sDst+D'1', W, 1
02A8  6EEA      	MOVWF FSR0H
02AA  519E      	MOVF FCI_SHEAD_00000_arg_sDst, W, 1
02AC  25A2      	ADDWF FCI_SHEAD_00000_1_strt, W, 1
02AE  6EE9      	MOVWF FSR0L
02B0  51A5      	MOVF CompTempVar2037, W, 1
02B2  6EEF      	MOVWF INDF0
02B4  2BA2      	INCF FCI_SHEAD_00000_1_strt, F, 1
02B6  D7E0      	BRA	label33
02B8            label34
02B8  51A2      	MOVF FCI_SHEAD_00000_1_strt, W, 1
02BA  27A1      	ADDWF FCI_SHEAD_00000_1_len, F, 1
02BC  D075      	BRA	label42
02BE            label35
02BE  6BA1      	CLRF FCI_SHEAD_00000_1_len, 1
02C0            label36
02C0  507B      	MOVF FCI_SHEAD_00000_arg_iSrc1_len, W
02C2  61A1      	CPFSLT FCI_SHEAD_00000_1_len, 1
02C4  D071      	BRA	label42
02C6  51A0      	MOVF FCI_SHEAD_00000_arg_iDst_len, W, 1
02C8  61A1      	CPFSLT FCI_SHEAD_00000_1_len, 1
02CA  D06E      	BRA	label42
02CC  507A      	MOVF FCI_SHEAD_00000_arg_sSrc1+D'1', W
02CE  6EEA      	MOVWF FSR0H
02D0  5079      	MOVF FCI_SHEAD_00000_arg_sSrc1, W
02D2  25A1      	ADDWF FCI_SHEAD_00000_1_len, W, 1
02D4  6EE9      	MOVWF FSR0L
02D6  52EF      	MOVF INDF0, F
02D8  E067      	BZ	label42
02DA  507A      	MOVF FCI_SHEAD_00000_arg_sSrc1+D'1', W
02DC  6EEA      	MOVWF FSR0H
02DE  5079      	MOVF FCI_SHEAD_00000_arg_sSrc1, W
02E0  6EE9      	MOVWF FSR0L
02E2  51A1      	MOVF FCI_SHEAD_00000_1_len, W, 1
02E4  6FA3      	MOVWF CompTempVar2044, 1
02E6  51A3      	MOVF CompTempVar2044, W, 1
02E8  26E9      	ADDWF FSR0L, F
02EA  50EF      	MOVF INDF0, W
02EC  6FA4      	MOVWF CompTempVar2045, 1
02EE  519F      	MOVF FCI_SHEAD_00000_arg_sDst+D'1', W, 1
02F0  6EEA      	MOVWF FSR0H
02F2  519E      	MOVF FCI_SHEAD_00000_arg_sDst, W, 1
02F4  25A1      	ADDWF FCI_SHEAD_00000_1_len, W, 1
02F6  6EE9      	MOVWF FSR0L
02F8  51A4      	MOVF CompTempVar2045, W, 1
02FA  6EEF      	MOVWF INDF0
02FC  2BA1      	INCF FCI_SHEAD_00000_1_len, F, 1
02FE  D7E0      	BRA	label36
0300            label37
0300  6BA1      	CLRF FCI_SHEAD_00000_1_len, 1
0302            label38
0302  507B      	MOVF FCI_SHEAD_00000_arg_iSrc1_len, W
0304  61A1      	CPFSLT FCI_SHEAD_00000_1_len, 1
0306  D01D      	BRA	label39
0308  51A0      	MOVF FCI_SHEAD_00000_arg_iDst_len, W, 1
030A  61A1      	CPFSLT FCI_SHEAD_00000_1_len, 1
030C  D01A      	BRA	label39
030E  507A      	MOVF FCI_SHEAD_00000_arg_sSrc1+D'1', W
0310  6EEA      	MOVWF FSR0H
0312  5079      	MOVF FCI_SHEAD_00000_arg_sSrc1, W
0314  25A1      	ADDWF FCI_SHEAD_00000_1_len, W, 1
0316  6EE9      	MOVWF FSR0L
0318  52EF      	MOVF INDF0, F
031A  E013      	BZ	label39
031C  507A      	MOVF FCI_SHEAD_00000_arg_sSrc1+D'1', W
031E  6EEA      	MOVWF FSR0H
0320  5079      	MOVF FCI_SHEAD_00000_arg_sSrc1, W
0322  6EE9      	MOVWF FSR0L
0324  51A1      	MOVF FCI_SHEAD_00000_1_len, W, 1
0326  6FA3      	MOVWF CompTempVar2052, 1
0328  51A3      	MOVF CompTempVar2052, W, 1
032A  26E9      	ADDWF FSR0L, F
032C  50EF      	MOVF INDF0, W
032E  6FA4      	MOVWF CompTempVar2053, 1
0330  519F      	MOVF FCI_SHEAD_00000_arg_sDst+D'1', W, 1
0332  6EEA      	MOVWF FSR0H
0334  519E      	MOVF FCI_SHEAD_00000_arg_sDst, W, 1
0336  25A1      	ADDWF FCI_SHEAD_00000_1_len, W, 1
0338  6EE9      	MOVWF FSR0L
033A  51A4      	MOVF CompTempVar2053, W, 1
033C  6EEF      	MOVWF INDF0
033E  2BA1      	INCF FCI_SHEAD_00000_1_len, F, 1
0340  D7E0      	BRA	label38
0342            label39
0342  51A0      	MOVF FCI_SHEAD_00000_arg_iDst_len, W, 1
0344  61A1      	CPFSLT FCI_SHEAD_00000_1_len, 1
0346  D030      	BRA	label42
0348  6BA4      	CLRF CompTempVar2059, 1
034A  51A1      	MOVF FCI_SHEAD_00000_1_len, W, 1
034C  259E      	ADDWF FCI_SHEAD_00000_arg_sDst, W, 1
034E  6FA3      	MOVWF CompTempVar2058, 1
0350  519F      	MOVF FCI_SHEAD_00000_arg_sDst+D'1', W, 1
0352  23A4      	ADDWFC CompTempVar2059, F, 1
0354  51A3      	MOVF CompTempVar2058, W, 1
0356  6E79      	MOVWF FCI_SHEAD_00000_arg_sSrc1
0358  51A4      	MOVF CompTempVar2059, W, 1
035A  6E7A      	MOVWF FCI_SHEAD_00000_arg_sSrc1+D'1'
035C  51A1      	MOVF FCI_SHEAD_00000_1_len, W, 1
035E  5DA0      	SUBWF FCI_SHEAD_00000_arg_iDst_len, W, 1
0360  6E7B      	MOVWF FCI_SHEAD_00000_arg_iSrc1_len
0362  6BA2      	CLRF FCI_SHEAD_00000_1_strt, 1
0364            label40
0364  519D      	MOVF FCI_SHEAD_00000_arg_iSrc2_len, W, 1
0366  61A2      	CPFSLT FCI_SHEAD_00000_1_strt, 1
0368  D01D      	BRA	label41
036A  507B      	MOVF FCI_SHEAD_00000_arg_iSrc1_len, W
036C  61A2      	CPFSLT FCI_SHEAD_00000_1_strt, 1
036E  D01A      	BRA	label41
0370  507D      	MOVF FCI_SHEAD_00000_arg_sSrc2+D'1', W
0372  6EEA      	MOVWF FSR0H
0374  507C      	MOVF FCI_SHEAD_00000_arg_sSrc2, W
0376  25A2      	ADDWF FCI_SHEAD_00000_1_strt, W, 1
0378  6EE9      	MOVWF FSR0L
037A  52EF      	MOVF INDF0, F
037C  E013      	BZ	label41
037E  507D      	MOVF FCI_SHEAD_00000_arg_sSrc2+D'1', W
0380  6EEA      	MOVWF FSR0H
0382  507C      	MOVF FCI_SHEAD_00000_arg_sSrc2, W
0384  6EE9      	MOVWF FSR0L
0386  51A2      	MOVF FCI_SHEAD_00000_1_strt, W, 1
0388  6FA3      	MOVWF CompTempVar2062, 1
038A  51A3      	MOVF CompTempVar2062, W, 1
038C  26E9      	ADDWF FSR0L, F
038E  50EF      	MOVF INDF0, W
0390  6FA4      	MOVWF CompTempVar2063, 1
0392  507A      	MOVF FCI_SHEAD_00000_arg_sSrc1+D'1', W
0394  6EEA      	MOVWF FSR0H
0396  5079      	MOVF FCI_SHEAD_00000_arg_sSrc1, W
0398  25A2      	ADDWF FCI_SHEAD_00000_1_strt, W, 1
039A  6EE9      	MOVWF FSR0L
039C  51A4      	MOVF CompTempVar2063, W, 1
039E  6EEF      	MOVWF INDF0
03A0  2BA2      	INCF FCI_SHEAD_00000_1_strt, F, 1
03A2  D7E0      	BRA	label40
03A4            label41
03A4  51A2      	MOVF FCI_SHEAD_00000_1_strt, W, 1
03A6  27A1      	ADDWF FCI_SHEAD_00000_1_len, F, 1
03A8            label42
03A8  51A0      	MOVF FCI_SHEAD_00000_arg_iDst_len, W, 1
03AA  61A1      	CPFSLT FCI_SHEAD_00000_1_len, 1
03AC  0012      	RETURN
03AE  519F      	MOVF FCI_SHEAD_00000_arg_sDst+D'1', W, 1
03B0  6EEA      	MOVWF FSR0H
03B2  519E      	MOVF FCI_SHEAD_00000_arg_sDst, W, 1
03B4  25A1      	ADDWF FCI_SHEAD_00000_1_len, W, 1
03B6  6EE9      	MOVWF FSR0L
03B8  0E00      	MOVLW 0x00
03BA  6EEF      	MOVWF INDF0
03BC  0012      	RETURN
03BE            ; } FCI_SHEAD function end

	ORG 0x000003BE
03BE            FCD_0c851__0007A
03BE            ; { FCD_0c851_Bluetooth2__SendCommand ; function begin
03BE  6A7E      	CLRF FCD_0c851__0007A_1_FCL_IDX
03C0            label43
03C0  ECC8F000  	CALL FCD_0c851__0007C
03C4  51AB      	MOVF CompTempVarRet2683, W, 1
03C6  6F94      	MOVWF FCD_0c851__0007A_1_FCR_RETVAL, 1
03C8  5394      	MOVF FCD_0c851__0007A_1_FCR_RETVAL, F, 1
03CA  E1FA      	BNZ	label43
03CC  5079      	MOVF FCD_0c851__0007A_arg_FCL_COMMAND, W
03CE  6F95      	MOVWF FCI_GETLEN_0003E_arg_sStr1, 1
03D0  507A      	MOVF FCD_0c851__0007A_arg_FCL_COMMAND+D'1', W
03D2  6F96      	MOVWF FCI_GETLEN_0003E_arg_sStr1+D'1', 1
03D4  507B      	MOVF FCD_0c851__0007A_arg_FCLsz_0007B, W
03D6  6F97      	MOVWF FCI_GETLEN_0003E_arg_iStr1_len, 1
03D8  ECB8F000  	CALL FCI_GETLEN_0003E
03DC  5199      	MOVF CompTempVarRet1850, W, 1
03DE  6E7F      	MOVWF FCD_0c851__0007A_1_FCL_LEN
03E0  527F      	MOVF FCD_0c851__0007A_1_FCL_LEN, F
03E2  E017      	BZ	label46
03E4            label44
03E4  507F      	MOVF FCD_0c851__0007A_1_FCL_LEN, W
03E6  607E      	CPFSLT FCD_0c851__0007A_1_FCL_IDX
03E8  D00D      	BRA	label45
03EA  507A      	MOVF FCD_0c851__0007A_arg_FCL_COMMAND+D'1', W
03EC  6EEA      	MOVWF FSR0H
03EE  5079      	MOVF FCD_0c851__0007A_arg_FCL_COMMAND, W
03F0  247E      	ADDWF FCD_0c851__0007A_1_FCL_IDX, W
03F2  6EE9      	MOVWF FSR0L
03F4  50EF      	MOVF INDF0, W
03F6  6FA8      	MOVWF FC_CAL_UAR_00074_arg_nChar, 1
03F8  6BA9      	CLRF FC_CAL_UAR_00074_arg_nChar+D'1', 1
03FA  ECB0F000  	CALL FC_CAL_UAR_00074
03FE  287E      	INCF FCD_0c851__0007A_1_FCL_IDX, W
0400  6E7E      	MOVWF FCD_0c851__0007A_1_FCL_IDX
0402  D7F0      	BRA	label44
0404            label45
0404  527D      	MOVF FCD_0c851__0007A_arg_FCL_SENDCR, F
0406  E005      	BZ	label46
0408  0E0D      	MOVLW 0x0D
040A  6FA8      	MOVWF FC_CAL_UAR_00074_arg_nChar, 1
040C  6BA9      	CLRF FC_CAL_UAR_00074_arg_nChar+D'1', 1
040E  ECB0F000  	CALL FC_CAL_UAR_00074
0412            label46
0412  ECC8F000  	CALL FCD_0c851__0007C
0416  ECC8F000  	CALL FCD_0c851__0007C
041A  51AB      	MOVF CompTempVarRet2683, W, 1
041C  6F94      	MOVWF FCD_0c851__0007A_1_FCR_RETVAL, 1
041E  5394      	MOVF FCD_0c851__0007A_1_FCR_RETVAL, F, 1
0420  E102      	BNZ	label47
0422  6994      	SETF FCD_0c851__0007A_1_FCR_RETVAL, 1
0424  D001      	BRA	label48
0426            label47
0426  6B94      	CLRF FCD_0c851__0007A_1_FCR_RETVAL, 1
0428            label48
0428  5194      	MOVF FCD_0c851__0007A_1_FCR_RETVAL, W, 1
042A  6F95      	MOVWF CompTempVarRet2679, 1
042C  0012      	RETURN
042E            ; } FCD_0c851_Bluetooth2__SendCommand function end

	ORG 0x0000042E
042E            FC_CAL_UAR_00075
042E            ; { FC_CAL_UART_Init_1 ; function begin
042E  84AC      	BSF gbl_txsta,2
0430  0E7F      	MOVLW 0x7F
0432  6EAF      	MOVWF gbl_spbrg
0434  6AAB      	CLRF gbl_rcsta
0436  8EAB      	BSF gbl_rcsta,7
0438  8AAC      	BSF gbl_txsta,5
043A  88AB      	BSF gbl_rcsta,4
043C  8A9D      	BSF gbl_pie1,5
043E  8CF2      	BSF gbl_intcon,6
0440  8EF2      	BSF gbl_intcon,7
0442  0012      	RETURN
0444            ; } FC_CAL_UART_Init_1 function end

	ORG 0x00000444
0444            FCI_SCOPY_00000
0444            ; { FCI_SCOPY ; function begin
0444  6A7F      	CLRF FCI_SCOPY_00000_1_len
0446            label49
0446  507B      	MOVF FCI_SCOPY_00000_arg_iSrc_len, W
0448  607F      	CPFSLT FCI_SCOPY_00000_1_len
044A  D01E      	BRA	label50
044C  507E      	MOVF FCI_SCOPY_00000_arg_iDst_len, W
044E  607F      	CPFSLT FCI_SCOPY_00000_1_len
0450  D01B      	BRA	label50
0452  5060      	MOVF FCI_SCOPY_00000_arg_sSrc+D'1', W
0454  6EEA      	MOVWF FSR0H
0456  505F      	MOVF FCI_SCOPY_00000_arg_sSrc, W
0458  247F      	ADDWF FCI_SCOPY_00000_1_len, W
045A  6EE9      	MOVWF FSR0L
045C  52EF      	MOVF INDF0, F
045E  E014      	BZ	label50
0460  5060      	MOVF FCI_SCOPY_00000_arg_sSrc+D'1', W
0462  6EEA      	MOVWF FSR0H
0464  505F      	MOVF FCI_SCOPY_00000_arg_sSrc, W
0466  6EE9      	MOVWF FSR0L
0468  507F      	MOVF FCI_SCOPY_00000_1_len, W
046A  0100      	MOVLB 0x00
046C  6FD1      	MOVWF CompTempVar2071, 1
046E  51D1      	MOVF CompTempVar2071, W, 1
0470  26E9      	ADDWF FSR0L, F
0472  50EF      	MOVF INDF0, W
0474  6FD2      	MOVWF CompTempVar2072, 1
0476  507D      	MOVF FCI_SCOPY_00000_arg_sDst+D'1', W
0478  6EEA      	MOVWF FSR0H
047A  507C      	MOVF FCI_SCOPY_00000_arg_sDst, W
047C  247F      	ADDWF FCI_SCOPY_00000_1_len, W
047E  6EE9      	MOVWF FSR0L
0480  51D2      	MOVF CompTempVar2072, W, 1
0482  6EEF      	MOVWF INDF0
0484  2A7F      	INCF FCI_SCOPY_00000_1_len, F
0486  D7DF      	BRA	label49
0488            label50
0488  507E      	MOVF FCI_SCOPY_00000_arg_iDst_len, W
048A  607F      	CPFSLT FCI_SCOPY_00000_1_len
048C  0012      	RETURN
048E  507D      	MOVF FCI_SCOPY_00000_arg_sDst+D'1', W
0490  6EEA      	MOVWF FSR0H
0492  507C      	MOVF FCI_SCOPY_00000_arg_sDst, W
0494  247F      	ADDWF FCI_SCOPY_00000_1_len, W
0496  6EE9      	MOVWF FSR0L
0498  0E00      	MOVLW 0x00
049A  6EEF      	MOVWF INDF0
049C  0012      	RETURN
049E            ; } FCI_SCOPY function end

	ORG 0x0000049E
049E            FCD_0e1e1__0006A
049E            ; { FCD_0e1e1_led_array1__LEDOn ; function begin
049E  5262      	MOVF FCD_0e1e1__0006A_arg_FCL_INDEX, F
04A0  E01A      	BZ	label56
04A2  0462      	DECF FCD_0e1e1__0006A_arg_FCL_INDEX, W
04A4  E025      	BZ	label58
04A6  0E02      	MOVLW 0x02
04A8  6262      	CPFSEQ FCD_0e1e1__0006A_arg_FCL_INDEX
04AA  D001      	BRA	label51
04AC  D02E      	BRA	label60
04AE            label51
04AE  0E03      	MOVLW 0x03
04B0  6262      	CPFSEQ FCD_0e1e1__0006A_arg_FCL_INDEX
04B2  D001      	BRA	label52
04B4  D037      	BRA	label62
04B6            label52
04B6  0E04      	MOVLW 0x04
04B8  6262      	CPFSEQ FCD_0e1e1__0006A_arg_FCL_INDEX
04BA  D001      	BRA	label53
04BC  D040      	BRA	label64
04BE            label53
04BE  0E05      	MOVLW 0x05
04C0  6262      	CPFSEQ FCD_0e1e1__0006A_arg_FCL_INDEX
04C2  D001      	BRA	label54
04C4  D049      	BRA	label66
04C6            label54
04C6  0E06      	MOVLW 0x06
04C8  6262      	CPFSEQ FCD_0e1e1__0006A_arg_FCL_INDEX
04CA  D001      	BRA	label55
04CC  D052      	BRA	label68
04CE            label55
04CE  0E07      	MOVLW 0x07
04D0  6262      	CPFSEQ FCD_0e1e1__0006A_arg_FCL_INDEX
04D2  0012      	RETURN
04D4  D05B      	BRA	label70
04D6            label56
04D6  0E01      	MOVLW 0x01
04D8  6E63      	MOVWF FCD_0e1e1__0006A_3_ptmp
04DA  9093      	BCF gbl_trisb,0
04DC  5263      	MOVF FCD_0e1e1__0006A_3_ptmp, F
04DE  E004      	BZ	label57
04E0  0E01      	MOVLW 0x01
04E2  108A      	IORWF gbl_latb, W
04E4  6E81      	MOVWF gbl_portb
04E6  0012      	RETURN
04E8            label57
04E8  0EFE      	MOVLW 0xFE
04EA  148A      	ANDWF gbl_latb, W
04EC  6E81      	MOVWF gbl_portb
04EE  0012      	RETURN
04F0            label58
04F0  0E01      	MOVLW 0x01
04F2  6E63      	MOVWF FCD_0e1e1__0006A_11_ptmp
04F4  9293      	BCF gbl_trisb,1
04F6  5263      	MOVF FCD_0e1e1__0006A_11_ptmp, F
04F8  E004      	BZ	label59
04FA  0E02      	MOVLW 0x02
04FC  108A      	IORWF gbl_latb, W
04FE  6E81      	MOVWF gbl_portb
0500  0012      	RETURN
0502            label59
0502  0EFD      	MOVLW 0xFD
0504  148A      	ANDWF gbl_latb, W
0506  6E81      	MOVWF gbl_portb
0508  0012      	RETURN
050A            label60
050A  0E01      	MOVLW 0x01
050C  6E63      	MOVWF FCD_0e1e1__0006A_19_ptmp
050E  9493      	BCF gbl_trisb,2
0510  5263      	MOVF FCD_0e1e1__0006A_19_ptmp, F
0512  E004      	BZ	label61
0514  0E04      	MOVLW 0x04
0516  108A      	IORWF gbl_latb, W
0518  6E81      	MOVWF gbl_portb
051A  0012      	RETURN
051C            label61
051C  0EFB      	MOVLW 0xFB
051E  148A      	ANDWF gbl_latb, W
0520  6E81      	MOVWF gbl_portb
0522  0012      	RETURN
0524            label62
0524  0E01      	MOVLW 0x01
0526  6E63      	MOVWF FCD_0e1e1__0006A_27_ptmp
0528  9693      	BCF gbl_trisb,3
052A  5263      	MOVF FCD_0e1e1__0006A_27_ptmp, F
052C  E004      	BZ	label63
052E  0E08      	MOVLW 0x08
0530  108A      	IORWF gbl_latb, W
0532  6E81      	MOVWF gbl_portb
0534  0012      	RETURN
0536            label63
0536  0EF7      	MOVLW 0xF7
0538  148A      	ANDWF gbl_latb, W
053A  6E81      	MOVWF gbl_portb
053C  0012      	RETURN
053E            label64
053E  0E01      	MOVLW 0x01
0540  6E63      	MOVWF FCD_0e1e1__0006A_35_ptmp
0542  9893      	BCF gbl_trisb,4
0544  5263      	MOVF FCD_0e1e1__0006A_35_ptmp, F
0546  E004      	BZ	label65
0548  0E10      	MOVLW 0x10
054A  108A      	IORWF gbl_latb, W
054C  6E81      	MOVWF gbl_portb
054E  0012      	RETURN
0550            label65
0550  0EEF      	MOVLW 0xEF
0552  148A      	ANDWF gbl_latb, W
0554  6E81      	MOVWF gbl_portb
0556  0012      	RETURN
0558            label66
0558  0E01      	MOVLW 0x01
055A  6E63      	MOVWF FCD_0e1e1__0006A_43_ptmp
055C  9A93      	BCF gbl_trisb,5
055E  5263      	MOVF FCD_0e1e1__0006A_43_ptmp, F
0560  E004      	BZ	label67
0562  0E20      	MOVLW 0x20
0564  108A      	IORWF gbl_latb, W
0566  6E81      	MOVWF gbl_portb
0568  0012      	RETURN
056A            label67
056A  0EDF      	MOVLW 0xDF
056C  148A      	ANDWF gbl_latb, W
056E  6E81      	MOVWF gbl_portb
0570  0012      	RETURN
0572            label68
0572  0E01      	MOVLW 0x01
0574  6E63      	MOVWF FCD_0e1e1__0006A_51_ptmp
0576  9C93      	BCF gbl_trisb,6
0578  5263      	MOVF FCD_0e1e1__0006A_51_ptmp, F
057A  E004      	BZ	label69
057C  0E40      	MOVLW 0x40
057E  108A      	IORWF gbl_latb, W
0580  6E81      	MOVWF gbl_portb
0582  0012      	RETURN
0584            label69
0584  0EBF      	MOVLW 0xBF
0586  148A      	ANDWF gbl_latb, W
0588  6E81      	MOVWF gbl_portb
058A  0012      	RETURN
058C            label70
058C  0E01      	MOVLW 0x01
058E  6E63      	MOVWF FCD_0e1e1__0006A_59_ptmp
0590  9E93      	BCF gbl_trisb,7
0592  5263      	MOVF FCD_0e1e1__0006A_59_ptmp, F
0594  E004      	BZ	label71
0596  0E80      	MOVLW 0x80
0598  108A      	IORWF gbl_latb, W
059A  6E81      	MOVWF gbl_portb
059C  0012      	RETURN
059E            label71
059E  0E7F      	MOVLW 0x7F
05A0  148A      	ANDWF gbl_latb, W
05A2  6E81      	MOVWF gbl_portb
05A4  0012      	RETURN
05A6            ; } FCD_0e1e1_led_array1__LEDOn function end

	ORG 0x000005A6
05A6            FCD_0e1e1__00069
05A6            ; { FCD_0e1e1_led_array1__LEDOff ; function begin
05A6  5262      	MOVF FCD_0e1e1__00069_arg_FCL_INDEX, F
05A8  E01A      	BZ	label77
05AA  0462      	DECF FCD_0e1e1__00069_arg_FCL_INDEX, W
05AC  E024      	BZ	label79
05AE  0E02      	MOVLW 0x02
05B0  6262      	CPFSEQ FCD_0e1e1__00069_arg_FCL_INDEX
05B2  D001      	BRA	label72
05B4  D02C      	BRA	label81
05B6            label72
05B6  0E03      	MOVLW 0x03
05B8  6262      	CPFSEQ FCD_0e1e1__00069_arg_FCL_INDEX
05BA  D001      	BRA	label73
05BC  D034      	BRA	label83
05BE            label73
05BE  0E04      	MOVLW 0x04
05C0  6262      	CPFSEQ FCD_0e1e1__00069_arg_FCL_INDEX
05C2  D001      	BRA	label74
05C4  D03C      	BRA	label85
05C6            label74
05C6  0E05      	MOVLW 0x05
05C8  6262      	CPFSEQ FCD_0e1e1__00069_arg_FCL_INDEX
05CA  D001      	BRA	label75
05CC  D044      	BRA	label87
05CE            label75
05CE  0E06      	MOVLW 0x06
05D0  6262      	CPFSEQ FCD_0e1e1__00069_arg_FCL_INDEX
05D2  D001      	BRA	label76
05D4  D04C      	BRA	label89
05D6            label76
05D6  0E07      	MOVLW 0x07
05D8  6262      	CPFSEQ FCD_0e1e1__00069_arg_FCL_INDEX
05DA  0012      	RETURN
05DC  D054      	BRA	label91
05DE            label77
05DE  6A63      	CLRF FCD_0e1e1__00069_3_ptmp
05E0  9093      	BCF gbl_trisb,0
05E2  5263      	MOVF FCD_0e1e1__00069_3_ptmp, F
05E4  E004      	BZ	label78
05E6  0E01      	MOVLW 0x01
05E8  108A      	IORWF gbl_latb, W
05EA  6E81      	MOVWF gbl_portb
05EC  0012      	RETURN
05EE            label78
05EE  0EFE      	MOVLW 0xFE
05F0  148A      	ANDWF gbl_latb, W
05F2  6E81      	MOVWF gbl_portb
05F4  0012      	RETURN
05F6            label79
05F6  6A63      	CLRF FCD_0e1e1__00069_11_ptmp
05F8  9293      	BCF gbl_trisb,1
05FA  5263      	MOVF FCD_0e1e1__00069_11_ptmp, F
05FC  E004      	BZ	label80
05FE  0E02      	MOVLW 0x02
0600  108A      	IORWF gbl_latb, W
0602  6E81      	MOVWF gbl_portb
0604  0012      	RETURN
0606            label80
0606  0EFD      	MOVLW 0xFD
0608  148A      	ANDWF gbl_latb, W
060A  6E81      	MOVWF gbl_portb
060C  0012      	RETURN
060E            label81
060E  6A63      	CLRF FCD_0e1e1__00069_19_ptmp
0610  9493      	BCF gbl_trisb,2
0612  5263      	MOVF FCD_0e1e1__00069_19_ptmp, F
0614  E004      	BZ	label82
0616  0E04      	MOVLW 0x04
0618  108A      	IORWF gbl_latb, W
061A  6E81      	MOVWF gbl_portb
061C  0012      	RETURN
061E            label82
061E  0EFB      	MOVLW 0xFB
0620  148A      	ANDWF gbl_latb, W
0622  6E81      	MOVWF gbl_portb
0624  0012      	RETURN
0626            label83
0626  6A63      	CLRF FCD_0e1e1__00069_27_ptmp
0628  9693      	BCF gbl_trisb,3
062A  5263      	MOVF FCD_0e1e1__00069_27_ptmp, F
062C  E004      	BZ	label84
062E  0E08      	MOVLW 0x08
0630  108A      	IORWF gbl_latb, W
0632  6E81      	MOVWF gbl_portb
0634  0012      	RETURN
0636            label84
0636  0EF7      	MOVLW 0xF7
0638  148A      	ANDWF gbl_latb, W
063A  6E81      	MOVWF gbl_portb
063C  0012      	RETURN
063E            label85
063E  6A63      	CLRF FCD_0e1e1__00069_35_ptmp
0640  9893      	BCF gbl_trisb,4
0642  5263      	MOVF FCD_0e1e1__00069_35_ptmp, F
0644  E004      	BZ	label86
0646  0E10      	MOVLW 0x10
0648  108A      	IORWF gbl_latb, W
064A  6E81      	MOVWF gbl_portb
064C  0012      	RETURN
064E            label86
064E  0EEF      	MOVLW 0xEF
0650  148A      	ANDWF gbl_latb, W
0652  6E81      	MOVWF gbl_portb
0654  0012      	RETURN
0656            label87
0656  6A63      	CLRF FCD_0e1e1__00069_43_ptmp
0658  9A93      	BCF gbl_trisb,5
065A  5263      	MOVF FCD_0e1e1__00069_43_ptmp, F
065C  E004      	BZ	label88
065E  0E20      	MOVLW 0x20
0660  108A      	IORWF gbl_latb, W
0662  6E81      	MOVWF gbl_portb
0664  0012      	RETURN
0666            label88
0666  0EDF      	MOVLW 0xDF
0668  148A      	ANDWF gbl_latb, W
066A  6E81      	MOVWF gbl_portb
066C  0012      	RETURN
066E            label89
066E  6A63      	CLRF FCD_0e1e1__00069_51_ptmp
0670  9C93      	BCF gbl_trisb,6
0672  5263      	MOVF FCD_0e1e1__00069_51_ptmp, F
0674  E004      	BZ	label90
0676  0E40      	MOVLW 0x40
0678  108A      	IORWF gbl_latb, W
067A  6E81      	MOVWF gbl_portb
067C  0012      	RETURN
067E            label90
067E  0EBF      	MOVLW 0xBF
0680  148A      	ANDWF gbl_latb, W
0682  6E81      	MOVWF gbl_portb
0684  0012      	RETURN
0686            label91
0686  6A63      	CLRF FCD_0e1e1__00069_59_ptmp
0688  9E93      	BCF gbl_trisb,7
068A  5263      	MOVF FCD_0e1e1__00069_59_ptmp, F
068C  E004      	BZ	label92
068E  0E80      	MOVLW 0x80
0690  108A      	IORWF gbl_latb, W
0692  6E81      	MOVWF gbl_portb
0694  0012      	RETURN
0696            label92
0696  0E7F      	MOVLW 0x7F
0698  148A      	ANDWF gbl_latb, W
069A  6E81      	MOVWF gbl_portb
069C  0012      	RETURN
069E            ; } FCD_0e1e1_led_array1__LEDOff function end

	ORG 0x0000069E
069E            FCD_0c851__00085
069E            ; { FCD_0c851_Bluetooth2__RestoreFactorySettings ; function begin
069E  0E41      	MOVLW 0x41
06A0  6E70      	MOVWF CompTempVar2705
06A2  0E54      	MOVLW 0x54
06A4  6E71      	MOVWF CompTempVar2705+D'1'
06A6  0E26      	MOVLW 0x26
06A8  6E72      	MOVWF CompTempVar2705+D'2'
06AA  0E46      	MOVLW 0x46
06AC  6E73      	MOVWF CompTempVar2705+D'3'
06AE  0E2A      	MOVLW 0x2A
06B0  6E74      	MOVWF CompTempVar2705+D'4'
06B2  6A75      	CLRF CompTempVar2705+D'5'
06B4  0E00      	MOVLW HIGH(CompTempVar2705+D'0')
06B6  6E7A      	MOVWF FCD_0c851__0007A_arg_FCL_COMMAND+D'1'
06B8  0E70      	MOVLW LOW(CompTempVar2705+D'0')
06BA  6E79      	MOVWF FCD_0c851__0007A_arg_FCL_COMMAND
06BC  0E06      	MOVLW 0x06
06BE  6E7B      	MOVWF FCD_0c851__0007A_arg_FCLsz_0007B
06C0  6A7C      	CLRF FCD_0c851__0007A_arg_FCLsz_0007B+D'1'
06C2  0E01      	MOVLW 0x01
06C4  6E7D      	MOVWF FCD_0c851__0007A_arg_FCL_SENDCR
06C6  ECDFF001  	CALL FCD_0c851__0007A
06CA  5195      	MOVF CompTempVarRet2679, W, 1
06CC  6E6F      	MOVWF FCD_0c851__00085_1_FCR_RETVAL
06CE  506F      	MOVF FCD_0c851__00085_1_FCR_RETVAL, W
06D0  6E70      	MOVWF CompTempVarRet2704
06D2  0012      	RETURN
06D4            ; } FCD_0c851_Bluetooth2__RestoreFactorySettings function end

	ORG 0x000006D4
06D4            FCD_0c851__00082
06D4            ; { FCD_0c851_Bluetooth2__SetMode ; function begin
06D4  526F      	MOVF FCD_0c851__00082_arg_FCL_D_00083, F
06D6  E041      	BZ	label94
06D8  5270      	MOVF FCD_0c851__00082_arg_FCL_C_00084, F
06DA  E020      	BZ	label93
06DC  0E41      	MOVLW 0x41
06DE  0100      	MOVLB 0x00
06E0  6F80      	MOVWF CompTempVar2696, 1
06E2  0E54      	MOVLW 0x54
06E4  6F81      	MOVWF CompTempVar2696+D'1', 1
06E6  0E53      	MOVLW 0x53
06E8  6F82      	MOVWF CompTempVar2696+D'2', 1
06EA  0E35      	MOVLW 0x35
06EC  6F83      	MOVWF CompTempVar2696+D'3', 1
06EE  0E31      	MOVLW 0x31
06F0  6F84      	MOVWF CompTempVar2696+D'4', 1
06F2  0E32      	MOVLW 0x32
06F4  6F85      	MOVWF CompTempVar2696+D'5', 1
06F6  0E3D      	MOVLW 0x3D
06F8  6F86      	MOVWF CompTempVar2696+D'6', 1
06FA  0E34      	MOVLW 0x34
06FC  6F87      	MOVWF CompTempVar2696+D'7', 1
06FE  6B88      	CLRF CompTempVar2696+D'8', 1
0700  0E00      	MOVLW HIGH(CompTempVar2696+D'0')
0702  6E7A      	MOVWF FCD_0c851__0007A_arg_FCL_COMMAND+D'1'
0704  0E80      	MOVLW LOW(CompTempVar2696+D'0')
0706  6E79      	MOVWF FCD_0c851__0007A_arg_FCL_COMMAND
0708  0E09      	MOVLW 0x09
070A  6E7B      	MOVWF FCD_0c851__0007A_arg_FCLsz_0007B
070C  6A7C      	CLRF FCD_0c851__0007A_arg_FCLsz_0007B+D'1'
070E  0E01      	MOVLW 0x01
0710  6E7D      	MOVWF FCD_0c851__0007A_arg_FCL_SENDCR
0712  ECDFF001  	CALL FCD_0c851__0007A
0716  5195      	MOVF CompTempVarRet2679, W, 1
0718  6E71      	MOVWF FCD_0c851__00082_1_FCR_RETVAL
071A  D05F      	BRA	label96
071C            label93
071C  0E31      	MOVLW 0x31
071E  0100      	MOVLB 0x00
0720  6F84      	MOVWF CompTempVar2698+D'4', 1
0722  0E32      	MOVLW 0x32
0724  6F85      	MOVWF CompTempVar2698+D'5', 1
0726  6F87      	MOVWF CompTempVar2698+D'7', 1
0728  0E35      	MOVLW 0x35
072A  6F83      	MOVWF CompTempVar2698+D'3', 1
072C  0E3D      	MOVLW 0x3D
072E  6F86      	MOVWF CompTempVar2698+D'6', 1
0730  0E41      	MOVLW 0x41
0732  6F80      	MOVWF CompTempVar2698, 1
0734  0E53      	MOVLW 0x53
0736  6F82      	MOVWF CompTempVar2698+D'2', 1
0738  0E54      	MOVLW 0x54
073A  6F81      	MOVWF CompTempVar2698+D'1', 1
073C  6B88      	CLRF CompTempVar2698+D'8', 1
073E  0E00      	MOVLW HIGH(CompTempVar2698+D'0')
0740  6E7A      	MOVWF FCD_0c851__0007A_arg_FCL_COMMAND+D'1'
0742  0E80      	MOVLW LOW(CompTempVar2698+D'0')
0744  6E79      	MOVWF FCD_0c851__0007A_arg_FCL_COMMAND
0746  0E09      	MOVLW 0x09
0748  6E7B      	MOVWF FCD_0c851__0007A_arg_FCLsz_0007B
074A  6A7C      	CLRF FCD_0c851__0007A_arg_FCLsz_0007B+D'1'
074C  0E01      	MOVLW 0x01
074E  6E7D      	MOVWF FCD_0c851__0007A_arg_FCL_SENDCR
0750  ECDFF001  	CALL FCD_0c851__0007A
0754  5195      	MOVF CompTempVarRet2679, W, 1
0756  6E71      	MOVWF FCD_0c851__00082_1_FCR_RETVAL
0758  D040      	BRA	label96
075A            label94
075A  5270      	MOVF FCD_0c851__00082_arg_FCL_C_00084, F
075C  E01F      	BZ	label95
075E  0E31      	MOVLW 0x31
0760  0100      	MOVLB 0x00
0762  6F84      	MOVWF CompTempVar2700+D'4', 1
0764  0E32      	MOVLW 0x32
0766  6F85      	MOVWF CompTempVar2700+D'5', 1
0768  6F87      	MOVWF CompTempVar2700+D'7', 1
076A  0E35      	MOVLW 0x35
076C  6F83      	MOVWF CompTempVar2700+D'3', 1
076E  0E3D      	MOVLW 0x3D
0770  6F86      	MOVWF CompTempVar2700+D'6', 1
0772  0E41      	MOVLW 0x41
0774  6F80      	MOVWF CompTempVar2700, 1
0776  0E53      	MOVLW 0x53
0778  6F82      	MOVWF CompTempVar2700+D'2', 1
077A  0E54      	MOVLW 0x54
077C  6F81      	MOVWF CompTempVar2700+D'1', 1
077E  6B88      	CLRF CompTempVar2700+D'8', 1
0780  0E00      	MOVLW HIGH(CompTempVar2700+D'0')
0782  6E7A      	MOVWF FCD_0c851__0007A_arg_FCL_COMMAND+D'1'
0784  0E80      	MOVLW LOW(CompTempVar2700+D'0')
0786  6E79      	MOVWF FCD_0c851__0007A_arg_FCL_COMMAND
0788  0E09      	MOVLW 0x09
078A  6E7B      	MOVWF FCD_0c851__0007A_arg_FCLsz_0007B
078C  6A7C      	CLRF FCD_0c851__0007A_arg_FCLsz_0007B+D'1'
078E  0E03      	MOVLW 0x03
0790  6E7D      	MOVWF FCD_0c851__0007A_arg_FCL_SENDCR
0792  ECDFF001  	CALL FCD_0c851__0007A
0796  5195      	MOVF CompTempVarRet2679, W, 1
0798  6E71      	MOVWF FCD_0c851__00082_1_FCR_RETVAL
079A  D01F      	BRA	label96
079C            label95
079C  0E41      	MOVLW 0x41
079E  0100      	MOVLB 0x00
07A0  6F80      	MOVWF CompTempVar2702, 1
07A2  0E54      	MOVLW 0x54
07A4  6F81      	MOVWF CompTempVar2702+D'1', 1
07A6  0E53      	MOVLW 0x53
07A8  6F82      	MOVWF CompTempVar2702+D'2', 1
07AA  0E35      	MOVLW 0x35
07AC  6F83      	MOVWF CompTempVar2702+D'3', 1
07AE  0E31      	MOVLW 0x31
07B0  6F84      	MOVWF CompTempVar2702+D'4', 1
07B2  0E32      	MOVLW 0x32
07B4  6F85      	MOVWF CompTempVar2702+D'5', 1
07B6  0E3D      	MOVLW 0x3D
07B8  6F86      	MOVWF CompTempVar2702+D'6', 1
07BA  0E30      	MOVLW 0x30
07BC  6F87      	MOVWF CompTempVar2702+D'7', 1
07BE  6B88      	CLRF CompTempVar2702+D'8', 1
07C0  0E00      	MOVLW HIGH(CompTempVar2702+D'0')
07C2  6E7A      	MOVWF FCD_0c851__0007A_arg_FCL_COMMAND+D'1'
07C4  0E80      	MOVLW LOW(CompTempVar2702+D'0')
07C6  6E79      	MOVWF FCD_0c851__0007A_arg_FCL_COMMAND
07C8  0E09      	MOVLW 0x09
07CA  6E7B      	MOVWF FCD_0c851__0007A_arg_FCLsz_0007B
07CC  6A7C      	CLRF FCD_0c851__0007A_arg_FCLsz_0007B+D'1'
07CE  0E01      	MOVLW 0x01
07D0  6E7D      	MOVWF FCD_0c851__0007A_arg_FCL_SENDCR
07D2  ECDFF001  	CALL FCD_0c851__0007A
07D6  5195      	MOVF CompTempVarRet2679, W, 1
07D8  6E71      	MOVWF FCD_0c851__00082_1_FCR_RETVAL
07DA            label96
07DA  5071      	MOVF FCD_0c851__00082_1_FCR_RETVAL, W
07DC  6E72      	MOVWF CompTempVarRet2695
07DE  0012      	RETURN
07E0            ; } FCD_0c851_Bluetooth2__SetMode function end

	ORG 0x000007E0
07E0            FCD_0c851__00080
07E0            ; { FCD_0c851_Bluetooth2__SaveSettings ; function begin
07E0  0E41      	MOVLW 0x41
07E2  6E70      	MOVWF CompTempVar2691
07E4  0E54      	MOVLW 0x54
07E6  6E71      	MOVWF CompTempVar2691+D'1'
07E8  0E26      	MOVLW 0x26
07EA  6E72      	MOVWF CompTempVar2691+D'2'
07EC  0E57      	MOVLW 0x57
07EE  6E73      	MOVWF CompTempVar2691+D'3'
07F0  6A74      	CLRF CompTempVar2691+D'4'
07F2  0E00      	MOVLW HIGH(CompTempVar2691+D'0')
07F4  6E7A      	MOVWF FCD_0c851__0007A_arg_FCL_COMMAND+D'1'
07F6  0E70      	MOVLW LOW(CompTempVar2691+D'0')
07F8  6E79      	MOVWF FCD_0c851__0007A_arg_FCL_COMMAND
07FA  0E05      	MOVLW 0x05
07FC  6E7B      	MOVWF FCD_0c851__0007A_arg_FCLsz_0007B
07FE  6A7C      	CLRF FCD_0c851__0007A_arg_FCLsz_0007B+D'1'
0800  0E01      	MOVLW 0x01
0802  6E7D      	MOVWF FCD_0c851__0007A_arg_FCL_SENDCR
0804  ECDFF001  	CALL FCD_0c851__0007A
0808  5195      	MOVF CompTempVarRet2679, W, 1
080A  6E6F      	MOVWF FCD_0c851__00080_1_FCR_RETVAL
080C  526F      	MOVF FCD_0c851__00080_1_FCR_RETVAL, F
080E  E114      	BNZ	label97
0810  0E41      	MOVLW 0x41
0812  6E70      	MOVWF CompTempVar2693
0814  0E54      	MOVLW 0x54
0816  6E71      	MOVWF CompTempVar2693+D'1'
0818  0E5A      	MOVLW 0x5A
081A  6E72      	MOVWF CompTempVar2693+D'2'
081C  6A73      	CLRF CompTempVar2693+D'3'
081E  0E00      	MOVLW HIGH(CompTempVar2693+D'0')
0820  6E7A      	MOVWF FCD_0c851__0007A_arg_FCL_COMMAND+D'1'
0822  0E70      	MOVLW LOW(CompTempVar2693+D'0')
0824  6E79      	MOVWF FCD_0c851__0007A_arg_FCL_COMMAND
0826  0E04      	MOVLW 0x04
0828  6E7B      	MOVWF FCD_0c851__0007A_arg_FCLsz_0007B
082A  6A7C      	CLRF FCD_0c851__0007A_arg_FCLsz_0007B+D'1'
082C  0E01      	MOVLW 0x01
082E  6E7D      	MOVWF FCD_0c851__0007A_arg_FCL_SENDCR
0830  ECDFF001  	CALL FCD_0c851__0007A
0834  5195      	MOVF CompTempVarRet2679, W, 1
0836  6E6F      	MOVWF FCD_0c851__00080_1_FCR_RETVAL
0838            label97
0838  506F      	MOVF FCD_0c851__00080_1_FCR_RETVAL, W
083A  6E70      	MOVWF CompTempVarRet2690
083C  0012      	RETURN
083E            ; } FCD_0c851_Bluetooth2__SaveSettings function end

	ORG 0x0000083E
083E            FCD_0c851__00077
083E            ; { FCD_0c851_Bluetooth2__SetPairKey ; function begin
083E  0E22      	MOVLW 0x22
0840  0100      	MOVLB 0x00
0842  6F9B      	MOVWF CompTempVar2671+D'7', 1
0844  0E2B      	MOVLW 0x2B
0846  6F96      	MOVWF CompTempVar2671+D'2', 1
0848  0E3D      	MOVLW 0x3D
084A  6F9A      	MOVWF CompTempVar2671+D'6', 1
084C  0E41      	MOVLW 0x41
084E  6F94      	MOVWF CompTempVar2671, 1
0850  0E42      	MOVLW 0x42
0852  6F97      	MOVWF CompTempVar2671+D'3', 1
0854  0E4B      	MOVLW 0x4B
0856  6F99      	MOVWF CompTempVar2671+D'5', 1
0858  0E54      	MOVLW 0x54
085A  6F95      	MOVWF CompTempVar2671+D'1', 1
085C  6F98      	MOVWF CompTempVar2671+D'4', 1
085E  6B9C      	CLRF CompTempVar2671+D'8', 1
0860  0E00      	MOVLW HIGH(CompTempVar2671+D'0')
0862  6E7A      	MOVWF FCI_SHEAD_00000_arg_sSrc1+D'1'
0864  0E94      	MOVLW LOW(CompTempVar2671+D'0')
0866  6E79      	MOVWF FCI_SHEAD_00000_arg_sSrc1
0868  0E09      	MOVLW 0x09
086A  6E7B      	MOVWF FCI_SHEAD_00000_arg_iSrc1_len
086C  506F      	MOVF FCD_0c851__00077_arg_FCL_PAIRKEY, W
086E  6E7C      	MOVWF FCI_SHEAD_00000_arg_sSrc2
0870  5070      	MOVF FCD_0c851__00077_arg_FCL_PAIRKEY+D'1', W
0872  6E7D      	MOVWF FCI_SHEAD_00000_arg_sSrc2+D'1'
0874  5076      	MOVF FCD_0c851__00077_arg_FCLsz_00078, W
0876  6F9D      	MOVWF FCI_SHEAD_00000_arg_iSrc2_len, 1
0878  0E00      	MOVLW HIGH(FCD_0c851__00077_1_FCL_COM_00079+D'0')
087A  6F9F      	MOVWF FCI_SHEAD_00000_arg_sDst+D'1', 1
087C  0E80      	MOVLW LOW(FCD_0c851__00077_1_FCL_COM_00079+D'0')
087E  6F9E      	MOVWF FCI_SHEAD_00000_arg_sDst, 1
0880  0E14      	MOVLW 0x14
0882  6FA0      	MOVWF FCI_SHEAD_00000_arg_iDst_len, 1
0884  ECF0F000  	CALL FCI_SHEAD_00000
0888  0E00      	MOVLW HIGH(FCD_0c851__00077_1_FCL_COM_00079+D'0')
088A  6E7A      	MOVWF FCI_SHEAD_00000_arg_sSrc1+D'1'
088C  0E80      	MOVLW LOW(FCD_0c851__00077_1_FCL_COM_00079+D'0')
088E  6E79      	MOVWF FCI_SHEAD_00000_arg_sSrc1
0890  0E14      	MOVLW 0x14
0892  6E7B      	MOVWF FCI_SHEAD_00000_arg_iSrc1_len
0894  0E22      	MOVLW 0x22
0896  6E7E      	MOVWF CompTempVar2674
0898  6A7F      	CLRF CompTempVar2674+D'1'
089A  0E00      	MOVLW HIGH(CompTempVar2674+D'0')
089C  6E7D      	MOVWF FCI_SHEAD_00000_arg_sSrc2+D'1'
089E  0E7E      	MOVLW LOW(CompTempVar2674+D'0')
08A0  6E7C      	MOVWF FCI_SHEAD_00000_arg_sSrc2
08A2  0E02      	MOVLW 0x02
08A4  6F9D      	MOVWF FCI_SHEAD_00000_arg_iSrc2_len, 1
08A6  0E00      	MOVLW HIGH(FCD_0c851__00077_1_FCL_COM_00079+D'0')
08A8  6F9F      	MOVWF FCI_SHEAD_00000_arg_sDst+D'1', 1
08AA  0E80      	MOVLW LOW(FCD_0c851__00077_1_FCL_COM_00079+D'0')
08AC  6F9E      	MOVWF FCI_SHEAD_00000_arg_sDst, 1
08AE  0E14      	MOVLW 0x14
08B0  6FA0      	MOVWF FCI_SHEAD_00000_arg_iDst_len, 1
08B2  ECF0F000  	CALL FCI_SHEAD_00000
08B6  0E00      	MOVLW HIGH(FCD_0c851__00077_1_FCL_COM_00079+D'0')
08B8  6E7A      	MOVWF FCD_0c851__0007A_arg_FCL_COMMAND+D'1'
08BA  0E80      	MOVLW LOW(FCD_0c851__00077_1_FCL_COM_00079+D'0')
08BC  6E79      	MOVWF FCD_0c851__0007A_arg_FCL_COMMAND
08BE  0E14      	MOVLW 0x14
08C0  6E7B      	MOVWF FCD_0c851__0007A_arg_FCLsz_0007B
08C2  6A7C      	CLRF FCD_0c851__0007A_arg_FCLsz_0007B+D'1'
08C4  0E01      	MOVLW 0x01
08C6  6E7D      	MOVWF FCD_0c851__0007A_arg_FCL_SENDCR
08C8  ECDFF001  	CALL FCD_0c851__0007A
08CC  5195      	MOVF CompTempVarRet2679, W, 1
08CE  6E78      	MOVWF FCD_0c851__00077_1_FCR_RETVAL
08D0  5078      	MOVF FCD_0c851__00077_1_FCR_RETVAL, W
08D2  6E79      	MOVWF CompTempVarRet2670
08D4  0012      	RETURN
08D6            ; } FCD_0c851_Bluetooth2__SetPairKey function end

	ORG 0x000008D6
08D6            FCD_0e1e1__00054
08D6            ; { FCD_0e1e1_led_array1__WriteValue ; function begin
08D6  6A5B      	CLRF FCD_0e1e1__00054_1_FCL_COUNT
08D8  6A5C      	CLRF FCD_0e1e1__00054_1_FCL_TEMPVALUE
08DA  6A5D      	CLRF FCD_0e1e1__00054_1_FCL_TEMPVALUE+D'1'
08DC  6A5E      	CLRF FCD_0e1e1__00054_1_FCL_MASK
08DE  6A5F      	CLRF FCD_0e1e1__00054_1_FCL_MASK+D'1'
08E0  6A5B      	CLRF FCD_0e1e1__00054_1_FCL_COUNT
08E2            label98
08E2  0E08      	MOVLW 0x08
08E4  605B      	CPFSLT FCD_0e1e1__00054_1_FCL_COUNT
08E6  0012      	RETURN
08E8  0E01      	MOVLW 0x01
08EA  6E60      	MOVWF CompTempVar2662
08EC  6A61      	CLRF CompTempVar2663
08EE  505B      	MOVF FCD_0e1e1__00054_1_FCL_COUNT, W
08F0            label99
08F0  0BFF      	ANDLW 0xFF
08F2  E005      	BZ	label100
08F4  90D8      	BCF STATUS,C
08F6  3660      	RLCF CompTempVar2662, F
08F8  3661      	RLCF CompTempVar2663, F
08FA  0FFF      	ADDLW 0xFF
08FC  D7F9      	BRA	label99
08FE            label100
08FE  5060      	MOVF CompTempVar2662, W
0900  145A      	ANDWF FCD_0e1e1__00054_arg_FCL_VALUE, W
0902  E005      	BZ	label101
0904  505B      	MOVF FCD_0e1e1__00054_1_FCL_COUNT, W
0906  6E62      	MOVWF FCD_0e1e1__0006A_arg_FCL_INDEX
0908  EC4FF002  	CALL FCD_0e1e1__0006A
090C  D004      	BRA	label102
090E            label101
090E  505B      	MOVF FCD_0e1e1__00054_1_FCL_COUNT, W
0910  6E62      	MOVWF FCD_0e1e1__00069_arg_FCL_INDEX
0912  ECD3F002  	CALL FCD_0e1e1__00069
0916            label102
0916  285B      	INCF FCD_0e1e1__00054_1_FCL_COUNT, W
0918  6E5B      	MOVWF FCD_0e1e1__00054_1_FCL_COUNT
091A  D7E3      	BRA	label98
091C            ; } FCD_0e1e1_led_array1__WriteValue function end

	ORG 0x0000091C
091C            FCD_0c851__00053
091C            ; { FCD_0c851_Bluetooth2__ReceiveByte ; function begin
091C  6A5B      	CLRF FCD_0c851__00053_1_FCL_COUNT
091E  6A58      	CLRF gbl_FCV_0c851_Bluetooth2___00001
0920            label103
0920  5059      	MOVF gbl_FCV_0c851_Bluetooth2___00002, W
0922  6057      	CPFSLT gbl_FCV_0c851_Bluetooth2__RX_IDX
0924  D00A      	BRA	label104
0926  EE00F005  	LFSR 0x00, gbl_FCV_0c851_Bluetooth2___00000
092A  50E9      	MOVF FSR0L, W
092C  5057      	MOVF gbl_FCV_0c851_Bluetooth2__RX_IDX, W
092E  26E9      	ADDWF FSR0L, F
0930  50EF      	MOVF INDF0, W
0932  6E5C      	MOVWF FCD_0c851__00053_1_FCR_RETVAL
0934  2857      	INCF gbl_FCV_0c851_Bluetooth2__RX_IDX, W
0936  6E57      	MOVWF gbl_FCV_0c851_Bluetooth2__RX_IDX
0938  D012      	BRA	label107
093A            label104
093A  0E32      	MOVLW 0x32
093C  6059      	CPFSLT gbl_FCV_0c851_Bluetooth2___00002
093E  D00C      	BRA	label106
0940  525A      	MOVF FCD_0c851__00053_arg_FCL_TIMEOUT, F
0942  E003      	BZ	label105
0944  505A      	MOVF FCD_0c851__00053_arg_FCL_TIMEOUT, W
0946  605B      	CPFSLT FCD_0c851__00053_1_FCL_COUNT
0948  D007      	BRA	label106
094A            label105
094A  0E01      	MOVLW 0x01
094C  6E6F      	MOVWF delay_ms_00000_arg_del
094E  EC0BF000  	CALL delay_ms_00000
0952  285B      	INCF FCD_0c851__00053_1_FCL_COUNT, W
0954  6E5B      	MOVWF FCD_0c851__00053_1_FCL_COUNT
0956  D7E4      	BRA	label103
0958            label106
0958  6A57      	CLRF gbl_FCV_0c851_Bluetooth2__RX_IDX
095A  6A59      	CLRF gbl_FCV_0c851_Bluetooth2___00002
095C  685C      	SETF FCD_0c851__00053_1_FCR_RETVAL
095E            label107
095E  505C      	MOVF FCD_0c851__00053_1_FCR_RETVAL, W
0960  6E5D      	MOVWF CompTempVarRet2660
0962  0012      	RETURN
0964            ; } FCD_0c851_Bluetooth2__ReceiveByte function end

	ORG 0x00000964
0964            FCD_0c851__00051
0964            ; { FCD_0c851_Bluetooth2__SendScript ; function begin
0964  6A5B      	CLRF FCD_0c851__00051_1_FCL_I
0966  685C      	SETF FCD_0c851__00051_1_FCL_CH
0968  6A5D      	CLRF FCD_0c851__00051_1_FCL_LEN
096A  0E01      	MOVLW 0x01
096C  605A      	CPFSLT FCD_0c851__00051_arg_FCL_IDX
096E  D001      	BRA	label108
0970  D003      	BRA	label109
0972            label108
0972  0E02      	MOVLW 0x02
0974  645A      	CPFSGT FCD_0c851__00051_arg_FCL_IDX
0976  D002      	BRA	label110
0978            label109
0978  685E      	SETF FCD_0c851__00051_1_FCR_RETVAL
097A  D0E3      	BRA	label122
097C            label110
097C  045A      	DECF FCD_0c851__00051_arg_FCL_IDX, W
097E  E00C      	BZ	label113
0980  0E02      	MOVLW 0x02
0982  625A      	CPFSEQ FCD_0c851__00051_arg_FCL_IDX
0984  D001      	BRA	label111
0986  D04F      	BRA	label114
0988            label111
0988  0E03      	MOVLW 0x03
098A  625A      	CPFSEQ FCD_0c851__00051_arg_FCL_IDX
098C  D001      	BRA	label112
098E  D082      	BRA	label115
0990            label112
0990  0E04      	MOVLW 0x04
0992  625A      	CPFSEQ FCD_0c851__00051_arg_FCL_IDX
0994  D09F      	BRA	label117
0996  D08E      	BRA	label116
0998            label113
0998  0E0A      	MOVLW 0x0A
099A  0100      	MOVLB 0x00
099C  6FAF      	MOVWF CompTempVar2647+D'7', 1
099E  6FB4      	MOVWF CompTempVar2647+D'12', 1
09A0  6FBE      	MOVWF CompTempVar2647+D'22', 1
09A2  6FC8      	MOVWF CompTempVar2647+D'32', 1
09A4  0E0D      	MOVLW 0x0D
09A6  6FAE      	MOVWF CompTempVar2647+D'6', 1
09A8  6FB3      	MOVWF CompTempVar2647+D'11', 1
09AA  6FBD      	MOVWF CompTempVar2647+D'21', 1
09AC  6FC7      	MOVWF CompTempVar2647+D'31', 1
09AE  0E30      	MOVLW 0x30
09B0  6FAB      	MOVWF CompTempVar2647+D'3', 1
09B2  6FCD      	MOVWF CompTempVar2647+D'37', 1
09B4  0E31      	MOVLW 0x31
09B6  6FAD      	MOVWF CompTempVar2647+D'5', 1
09B8  6FB9      	MOVWF CompTempVar2647+D'17', 1
09BA  6FC6      	MOVWF CompTempVar2647+D'30', 1
09BC  0E32      	MOVLW 0x32
09BE  6FBA      	MOVWF CompTempVar2647+D'18', 1
09C0  6FCE      	MOVWF CompTempVar2647+D'38', 1
09C2  0E33      	MOVLW 0x33
09C4  6FC3      	MOVWF CompTempVar2647+D'27', 1
09C6  0E35      	MOVLW 0x35
09C8  6FB8      	MOVWF CompTempVar2647+D'16', 1
09CA  6FC2      	MOVWF CompTempVar2647+D'26', 1
09CC  6FCC      	MOVWF CompTempVar2647+D'36', 1
09CE  0E36      	MOVLW 0x36
09D0  6FC4      	MOVWF CompTempVar2647+D'28', 1
09D2  0E37      	MOVLW 0x37
09D4  6FBC      	MOVWF CompTempVar2647+D'20', 1
09D6  0E3D      	MOVLW 0x3D
09D8  6FAC      	MOVWF CompTempVar2647+D'4', 1
09DA  6FBB      	MOVWF CompTempVar2647+D'19', 1
09DC  6FC5      	MOVWF CompTempVar2647+D'29', 1
09DE  6FCF      	MOVWF CompTempVar2647+D'39', 1
09E0  0E41      	MOVLW 0x41
09E2  6FA8      	MOVWF CompTempVar2647, 1
09E4  6FB0      	MOVWF CompTempVar2647+D'8', 1
09E6  6FB5      	MOVWF CompTempVar2647+D'13', 1
09E8  6FBF      	MOVWF CompTempVar2647+D'23', 1
09EA  6FC9      	MOVWF CompTempVar2647+D'33', 1
09EC  0E52      	MOVLW 0x52
09EE  6FB2      	MOVWF CompTempVar2647+D'10', 1
09F0  0E53      	MOVLW 0x53
09F2  6FAA      	MOVWF CompTempVar2647+D'2', 1
09F4  6FB7      	MOVWF CompTempVar2647+D'15', 1
09F6  6FC1      	MOVWF CompTempVar2647+D'25', 1
09F8  6FCB      	MOVWF CompTempVar2647+D'35', 1
09FA  0E54      	MOVLW 0x54
09FC  6FA9      	MOVWF CompTempVar2647+D'1', 1
09FE  6FB1      	MOVWF CompTempVar2647+D'9', 1
0A00  6FB6      	MOVWF CompTempVar2647+D'14', 1
0A02  6FC0      	MOVWF CompTempVar2647+D'24', 1
0A04  6FCA      	MOVWF CompTempVar2647+D'34', 1
0A06  6BD0      	CLRF CompTempVar2647+D'40', 1
0A08  0E00      	MOVLW HIGH(CompTempVar2647+D'0')
0A0A  6E60      	MOVWF FCI_SCOPY_00000_arg_sSrc+D'1'
0A0C  0EA8      	MOVLW LOW(CompTempVar2647+D'0')
0A0E  6E5F      	MOVWF FCI_SCOPY_00000_arg_sSrc
0A10  0E29      	MOVLW 0x29
0A12  6E7B      	MOVWF FCI_SCOPY_00000_arg_iSrc_len
0A14  0E00      	MOVLW HIGH(FCD_0c851__00051_1_FCL_SCR_00052+D'0')
0A16  6E7D      	MOVWF FCI_SCOPY_00000_arg_sDst+D'1'
0A18  0E80      	MOVLW LOW(FCD_0c851__00051_1_FCL_SCR_00052+D'0')
0A1A  6E7C      	MOVWF FCI_SCOPY_00000_arg_sDst
0A1C  0E28      	MOVLW 0x28
0A1E  6E7E      	MOVWF FCI_SCOPY_00000_arg_iDst_len
0A20  EC22F002  	CALL FCI_SCOPY_00000
0A24  D059      	BRA	label118
0A26            label114
0A26  0E0A      	MOVLW 0x0A
0A28  6E6A      	MOVWF CompTempVar2650+D'9'
0A2A  6E6F      	MOVWF CompTempVar2650+D'14'
0A2C  6E75      	MOVWF CompTempVar2650+D'20'
0A2E  0E0D      	MOVLW 0x0D
0A30  6E69      	MOVWF CompTempVar2650+D'8'
0A32  6E6E      	MOVWF CompTempVar2650+D'13'
0A34  6E74      	MOVWF CompTempVar2650+D'19'
0A36  0E26      	MOVLW 0x26
0A38  6E72      	MOVWF CompTempVar2650+D'17'
0A3A  0E30      	MOVLW 0x30
0A3C  6E79      	MOVWF CompTempVar2650+D'24'
0A3E  0E31      	MOVLW 0x31
0A40  6E66      	MOVWF CompTempVar2650+D'5'
0A42  0E32      	MOVLW 0x32
0A44  6E68      	MOVWF CompTempVar2650+D'7'
0A46  0E33      	MOVLW 0x33
0A48  6E65      	MOVWF CompTempVar2650+D'4'
0A4A  0E35      	MOVLW 0x35
0A4C  6E64      	MOVWF CompTempVar2650+D'3'
0A4E  0E3D      	MOVLW 0x3D
0A50  6E67      	MOVWF CompTempVar2650+D'6'
0A52  0E41      	MOVLW 0x41
0A54  6E61      	MOVWF CompTempVar2650
0A56  6E6B      	MOVWF CompTempVar2650+D'10'
0A58  6E6D      	MOVWF CompTempVar2650+D'12'
0A5A  6E70      	MOVWF CompTempVar2650+D'15'
0A5C  6E76      	MOVWF CompTempVar2650+D'21'
0A5E  0E53      	MOVLW 0x53
0A60  6E63      	MOVWF CompTempVar2650+D'2'
0A62  0E54      	MOVLW 0x54
0A64  6E62      	MOVWF CompTempVar2650+D'1'
0A66  6E6C      	MOVWF CompTempVar2650+D'11'
0A68  6E71      	MOVWF CompTempVar2650+D'16'
0A6A  6E77      	MOVWF CompTempVar2650+D'22'
0A6C  0E57      	MOVLW 0x57
0A6E  6E73      	MOVWF CompTempVar2650+D'18'
0A70  0E5A      	MOVLW 0x5A
0A72  6E78      	MOVWF CompTempVar2650+D'23'
0A74  6A7A      	CLRF CompTempVar2650+D'25'
0A76  0E00      	MOVLW HIGH(CompTempVar2650+D'0')
0A78  6E60      	MOVWF FCI_SCOPY_00000_arg_sSrc+D'1'
0A7A  0E61      	MOVLW LOW(CompTempVar2650+D'0')
0A7C  6E5F      	MOVWF FCI_SCOPY_00000_arg_sSrc
0A7E  0E1A      	MOVLW 0x1A
0A80  6E7B      	MOVWF FCI_SCOPY_00000_arg_iSrc_len
0A82  0E00      	MOVLW HIGH(FCD_0c851__00051_1_FCL_SCR_00052+D'0')
0A84  6E7D      	MOVWF FCI_SCOPY_00000_arg_sDst+D'1'
0A86  0E80      	MOVLW LOW(FCD_0c851__00051_1_FCL_SCR_00052+D'0')
0A88  6E7C      	MOVWF FCI_SCOPY_00000_arg_sDst
0A8A  0E28      	MOVLW 0x28
0A8C  6E7E      	MOVWF FCI_SCOPY_00000_arg_iDst_len
0A8E  EC22F002  	CALL FCI_SCOPY_00000
0A92  D022      	BRA	label118
0A94            label115
0A94  6A61      	CLRF CompTempVar2653
0A96  0E00      	MOVLW HIGH(CompTempVar2653+D'0')
0A98  6E60      	MOVWF FCI_SCOPY_00000_arg_sSrc+D'1'
0A9A  0E61      	MOVLW LOW(CompTempVar2653+D'0')
0A9C  6E5F      	MOVWF FCI_SCOPY_00000_arg_sSrc
0A9E  0E01      	MOVLW 0x01
0AA0  6E7B      	MOVWF FCI_SCOPY_00000_arg_iSrc_len
0AA2  0E00      	MOVLW HIGH(FCD_0c851__00051_1_FCL_SCR_00052+D'0')
0AA4  6E7D      	MOVWF FCI_SCOPY_00000_arg_sDst+D'1'
0AA6  0E80      	MOVLW LOW(FCD_0c851__00051_1_FCL_SCR_00052+D'0')
0AA8  6E7C      	MOVWF FCI_SCOPY_00000_arg_sDst
0AAA  0E28      	MOVLW 0x28
0AAC  6E7E      	MOVWF FCI_SCOPY_00000_arg_iDst_len
0AAE  EC22F002  	CALL FCI_SCOPY_00000
0AB2  D012      	BRA	label118
0AB4            label116
0AB4  6A61      	CLRF CompTempVar2656
0AB6  0E00      	MOVLW HIGH(CompTempVar2656+D'0')
0AB8  6E60      	MOVWF FCI_SCOPY_00000_arg_sSrc+D'1'
0ABA  0E61      	MOVLW LOW(CompTempVar2656+D'0')
0ABC  6E5F      	MOVWF FCI_SCOPY_00000_arg_sSrc
0ABE  0E01      	MOVLW 0x01
0AC0  6E7B      	MOVWF FCI_SCOPY_00000_arg_iSrc_len
0AC2  0E00      	MOVLW HIGH(FCD_0c851__00051_1_FCL_SCR_00052+D'0')
0AC4  6E7D      	MOVWF FCI_SCOPY_00000_arg_sDst+D'1'
0AC6  0E80      	MOVLW LOW(FCD_0c851__00051_1_FCL_SCR_00052+D'0')
0AC8  6E7C      	MOVWF FCI_SCOPY_00000_arg_sDst
0ACA  0E28      	MOVLW 0x28
0ACC  6E7E      	MOVWF FCI_SCOPY_00000_arg_iDst_len
0ACE  EC22F002  	CALL FCI_SCOPY_00000
0AD2  D002      	BRA	label118
0AD4            label117
0AD4  685E      	SETF FCD_0c851__00051_1_FCR_RETVAL
0AD6  D035      	BRA	label122
0AD8            label118
0AD8  0E00      	MOVLW 0x00
0ADA  645C      	CPFSGT FCD_0c851__00051_1_FCL_CH
0ADC  D023      	BRA	label121
0ADE  0100      	MOVLB 0x00
0AE0  EE00F080  	LFSR 0x00, FCD_0c851__00051_1_FCL_SCR_00052
0AE4  50E9      	MOVF FSR0L, W
0AE6  505B      	MOVF FCD_0c851__00051_1_FCL_I, W
0AE8  26E9      	ADDWF FSR0L, F
0AEA  50EF      	MOVF INDF0, W
0AEC  6E5C      	MOVWF FCD_0c851__00051_1_FCL_CH
0AEE  0E00      	MOVLW 0x00
0AF0  645C      	CPFSGT FCD_0c851__00051_1_FCL_CH
0AF2  D015      	BRA	label120
0AF4  0E0A      	MOVLW 0x0A
0AF6  625C      	CPFSEQ FCD_0c851__00051_1_FCL_CH
0AF8  D001      	BRA	label119
0AFA  D011      	BRA	label120
0AFC            label119
0AFC  505C      	MOVF FCD_0c851__00051_1_FCL_CH, W
0AFE  6FA8      	MOVWF FC_CAL_UAR_00074_arg_nChar, 1
0B00  6BA9      	CLRF FC_CAL_UAR_00074_arg_nChar+D'1', 1
0B02  ECB0F000  	CALL FC_CAL_UAR_00074
0B06  285D      	INCF FCD_0c851__00051_1_FCL_LEN, W
0B08  6E5D      	MOVWF FCD_0c851__00051_1_FCL_LEN
0B0A  0E0D      	MOVLW 0x0D
0B0C  625C      	CPFSEQ FCD_0c851__00051_1_FCL_CH
0B0E  D007      	BRA	label120
0B10  ECC8F000  	CALL FCD_0c851__0007C
0B14  ECC8F000  	CALL FCD_0c851__0007C
0B18  51AB      	MOVF CompTempVarRet2683, W, 1
0B1A  6E5E      	MOVWF FCD_0c851__00051_1_FCR_RETVAL
0B1C  6A5D      	CLRF FCD_0c851__00051_1_FCL_LEN
0B1E            label120
0B1E  285B      	INCF FCD_0c851__00051_1_FCL_I, W
0B20  6E5B      	MOVWF FCD_0c851__00051_1_FCL_I
0B22  D7DA      	BRA	label118
0B24            label121
0B24  0E00      	MOVLW 0x00
0B26  645D      	CPFSGT FCD_0c851__00051_1_FCL_LEN
0B28  D00C      	BRA	label122
0B2A  0E0D      	MOVLW 0x0D
0B2C  0100      	MOVLB 0x00
0B2E  6FA8      	MOVWF FC_CAL_UAR_00074_arg_nChar, 1
0B30  6BA9      	CLRF FC_CAL_UAR_00074_arg_nChar+D'1', 1
0B32  ECB0F000  	CALL FC_CAL_UAR_00074
0B36  ECC8F000  	CALL FCD_0c851__0007C
0B3A  ECC8F000  	CALL FCD_0c851__0007C
0B3E  51AB      	MOVF CompTempVarRet2683, W, 1
0B40  6E5E      	MOVWF FCD_0c851__00051_1_FCR_RETVAL
0B42            label122
0B42  505E      	MOVF FCD_0c851__00051_1_FCR_RETVAL, W
0B44  6E5F      	MOVWF CompTempVarRet2646
0B46  0012      	RETURN
0B48            ; } FCD_0c851_Bluetooth2__SendScript function end

	ORG 0x00000B48
0B48            FCD_0c851__00050
0B48            ; { FCD_0c851_Bluetooth2__Initialise ; function begin
0B48  6A6F      	CLRF FCD_0c851__00050_2_ptmp
0B4A  9293      	BCF gbl_trisb,1
0B4C  526F      	MOVF FCD_0c851__00050_2_ptmp, F
0B4E  E004      	BZ	label123
0B50  0E02      	MOVLW 0x02
0B52  108A      	IORWF gbl_latb, W
0B54  6E81      	MOVWF gbl_portb
0B56  D003      	BRA	label124
0B58            label123
0B58  0EFD      	MOVLW 0xFD
0B5A  148A      	ANDWF gbl_latb, W
0B5C  6E81      	MOVWF gbl_portb
0B5E            label124
0B5E  0E64      	MOVLW 0x64
0B60  6E6F      	MOVWF delay_ms_00000_arg_del
0B62  EC0BF000  	CALL delay_ms_00000
0B66  0E01      	MOVLW 0x01
0B68  6E6F      	MOVWF FCD_0c851__00050_13_ptmp
0B6A  9293      	BCF gbl_trisb,1
0B6C  526F      	MOVF FCD_0c851__00050_13_ptmp, F
0B6E  E004      	BZ	label125
0B70  0E02      	MOVLW 0x02
0B72  108A      	IORWF gbl_latb, W
0B74  6E81      	MOVWF gbl_portb
0B76  D003      	BRA	label126
0B78            label125
0B78  0EFD      	MOVLW 0xFD
0B7A  148A      	ANDWF gbl_latb, W
0B7C  6E81      	MOVWF gbl_portb
0B7E            label126
0B7E  6A6E      	CLRF FCD_0c851__00050_1_FCR_RETVAL
0B80  EC17F002  	CALL FC_CAL_UAR_00075
0B84  0E0A      	MOVLW 0x0A
0B86  6E6F      	MOVWF delay_ms_00000_arg_del
0B88  EC0BF000  	CALL delay_ms_00000
0B8C  ECC8F000  	CALL FCD_0c851__0007C
0B90  EC4FF003  	CALL FCD_0c851__00085
0B94  0E22      	MOVLW 0x22
0B96  6F87      	MOVWF CompTempVar2634+D'7', 1
0B98  0E2B      	MOVLW 0x2B
0B9A  6F82      	MOVWF CompTempVar2634+D'2', 1
0B9C  0E3D      	MOVLW 0x3D
0B9E  6F86      	MOVWF CompTempVar2634+D'6', 1
0BA0  0E41      	MOVLW 0x41
0BA2  6F80      	MOVWF CompTempVar2634, 1
0BA4  0E42      	MOVLW 0x42
0BA6  6F83      	MOVWF CompTempVar2634+D'3', 1
0BA8  0E4E      	MOVLW 0x4E
0BAA  6F85      	MOVWF CompTempVar2634+D'5', 1
0BAC  0E54      	MOVLW 0x54
0BAE  6F81      	MOVWF CompTempVar2634+D'1', 1
0BB0  6F84      	MOVWF CompTempVar2634+D'4', 1
0BB2  6B88      	CLRF CompTempVar2634+D'8', 1
0BB4  0E00      	MOVLW HIGH(CompTempVar2634+D'0')
0BB6  6E7A      	MOVWF FCI_SHEAD_00000_arg_sSrc1+D'1'
0BB8  0E80      	MOVLW LOW(CompTempVar2634+D'0')
0BBA  6E79      	MOVWF FCI_SHEAD_00000_arg_sSrc1
0BBC  0E09      	MOVLW 0x09
0BBE  6E7B      	MOVWF FCI_SHEAD_00000_arg_iSrc1_len
0BC0  0E4D      	MOVLW 0x4D
0BC2  6F89      	MOVWF CompTempVar2635, 1
0BC4  0E41      	MOVLW 0x41
0BC6  6F8A      	MOVWF CompTempVar2635+D'1', 1
0BC8  0E52      	MOVLW 0x52
0BCA  6F8B      	MOVWF CompTempVar2635+D'2', 1
0BCC  0E43      	MOVLW 0x43
0BCE  6F8C      	MOVWF CompTempVar2635+D'3', 1
0BD0  0E48      	MOVLW 0x48
0BD2  6F8D      	MOVWF CompTempVar2635+D'4', 1
0BD4  0E45      	MOVLW 0x45
0BD6  6F8E      	MOVWF CompTempVar2635+D'5', 1
0BD8  0E5F      	MOVLW 0x5F
0BDA  6F8F      	MOVWF CompTempVar2635+D'6', 1
0BDC  0E50      	MOVLW 0x50
0BDE  6F90      	MOVWF CompTempVar2635+D'7', 1
0BE0  0E54      	MOVLW 0x54
0BE2  6F91      	MOVWF CompTempVar2635+D'8', 1
0BE4  0E4E      	MOVLW 0x4E
0BE6  6F92      	MOVWF CompTempVar2635+D'9', 1
0BE8  6B93      	CLRF CompTempVar2635+D'10', 1
0BEA  0E00      	MOVLW HIGH(CompTempVar2635+D'0')
0BEC  6E7D      	MOVWF FCI_SHEAD_00000_arg_sSrc2+D'1'
0BEE  0E89      	MOVLW LOW(CompTempVar2635+D'0')
0BF0  6E7C      	MOVWF FCI_SHEAD_00000_arg_sSrc2
0BF2  0E0B      	MOVLW 0x0B
0BF4  6F9D      	MOVWF FCI_SHEAD_00000_arg_iSrc2_len, 1
0BF6  0E00      	MOVLW HIGH(FCD_0c851__00050_1_FCL_CMDSTR+D'0')
0BF8  6F9F      	MOVWF FCI_SHEAD_00000_arg_sDst+D'1', 1
0BFA  0E5A      	MOVLW LOW(FCD_0c851__00050_1_FCL_CMDSTR+D'0')
0BFC  6F9E      	MOVWF FCI_SHEAD_00000_arg_sDst, 1
0BFE  0E14      	MOVLW 0x14
0C00  6FA0      	MOVWF FCI_SHEAD_00000_arg_iDst_len, 1
0C02  ECF0F000  	CALL FCI_SHEAD_00000
0C06  0E00      	MOVLW HIGH(FCD_0c851__00050_1_FCL_CMDSTR+D'0')
0C08  6E7A      	MOVWF FCI_SHEAD_00000_arg_sSrc1+D'1'
0C0A  0E5A      	MOVLW LOW(FCD_0c851__00050_1_FCL_CMDSTR+D'0')
0C0C  6E79      	MOVWF FCI_SHEAD_00000_arg_sSrc1
0C0E  0E14      	MOVLW 0x14
0C10  6E7B      	MOVWF FCI_SHEAD_00000_arg_iSrc1_len
0C12  0E22      	MOVLW 0x22
0C14  6E70      	MOVWF CompTempVar2639
0C16  6A71      	CLRF CompTempVar2639+D'1'
0C18  0E00      	MOVLW HIGH(CompTempVar2639+D'0')
0C1A  6E7D      	MOVWF FCI_SHEAD_00000_arg_sSrc2+D'1'
0C1C  0E70      	MOVLW LOW(CompTempVar2639+D'0')
0C1E  6E7C      	MOVWF FCI_SHEAD_00000_arg_sSrc2
0C20  0E02      	MOVLW 0x02
0C22  6F9D      	MOVWF FCI_SHEAD_00000_arg_iSrc2_len, 1
0C24  0E00      	MOVLW HIGH(FCD_0c851__00050_1_FCL_CMDSTR+D'0')
0C26  6F9F      	MOVWF FCI_SHEAD_00000_arg_sDst+D'1', 1
0C28  0E5A      	MOVLW LOW(FCD_0c851__00050_1_FCL_CMDSTR+D'0')
0C2A  6F9E      	MOVWF FCI_SHEAD_00000_arg_sDst, 1
0C2C  0E14      	MOVLW 0x14
0C2E  6FA0      	MOVWF FCI_SHEAD_00000_arg_iDst_len, 1
0C30  ECF0F000  	CALL FCI_SHEAD_00000
0C34  0E00      	MOVLW HIGH(FCD_0c851__00050_1_FCL_CMDSTR+D'0')
0C36  6E7A      	MOVWF FCD_0c851__0007A_arg_FCL_COMMAND+D'1'
0C38  0E5A      	MOVLW LOW(FCD_0c851__00050_1_FCL_CMDSTR+D'0')
0C3A  6E79      	MOVWF FCD_0c851__0007A_arg_FCL_COMMAND
0C3C  0E14      	MOVLW 0x14
0C3E  6E7B      	MOVWF FCD_0c851__0007A_arg_FCLsz_0007B
0C40  6A7C      	CLRF FCD_0c851__0007A_arg_FCLsz_0007B+D'1'
0C42  0E01      	MOVLW 0x01
0C44  6E7D      	MOVWF FCD_0c851__0007A_arg_FCL_SENDCR
0C46  ECDFF001  	CALL FCD_0c851__0007A
0C4A  0E31      	MOVLW 0x31
0C4C  6E71      	MOVWF CompTempVar2644
0C4E  0E33      	MOVLW 0x33
0C50  6E72      	MOVWF CompTempVar2644+D'1'
0C52  0E37      	MOVLW 0x37
0C54  6E73      	MOVWF CompTempVar2644+D'2'
0C56  0E39      	MOVLW 0x39
0C58  6E74      	MOVWF CompTempVar2644+D'3'
0C5A  6A75      	CLRF CompTempVar2644+D'4'
0C5C  0E00      	MOVLW HIGH(CompTempVar2644+D'0')
0C5E  6E70      	MOVWF FCD_0c851__00077_arg_FCL_PAIRKEY+D'1'
0C60  0E71      	MOVLW LOW(CompTempVar2644+D'0')
0C62  6E6F      	MOVWF FCD_0c851__00077_arg_FCL_PAIRKEY
0C64  0E05      	MOVLW 0x05
0C66  6E76      	MOVWF FCD_0c851__00077_arg_FCLsz_00078
0C68  6A77      	CLRF FCD_0c851__00077_arg_FCLsz_00078+D'1'
0C6A  EC1FF004  	CALL FCD_0c851__00077
0C6E  0E01      	MOVLW 0x01
0C70  6E6F      	MOVWF FCD_0c851__00082_arg_FCL_D_00083
0C72  6E70      	MOVWF FCD_0c851__00082_arg_FCL_C_00084
0C74  EC6AF003  	CALL FCD_0c851__00082
0C78  ECF0F003  	CALL FCD_0c851__00080
0C7C  5070      	MOVF CompTempVarRet2690, W
0C7E  6E6E      	MOVWF FCD_0c851__00050_1_FCR_RETVAL
0C80  506E      	MOVF FCD_0c851__00050_1_FCR_RETVAL, W
0C82  6E6F      	MOVWF CompTempVarRet2633
0C84  0012      	RETURN
0C86            ; } FCD_0c851_Bluetooth2__Initialise function end

	ORG 0x00000C86
0C86            FCM_INITIA_0004F
0C86            ; { FCM_INITIALISATION ; function begin
0C86  ECA4F005  	CALL FCD_0c851__00050
0C8A  0E01      	MOVLW 0x01
0C8C  6E5A      	MOVWF delay_s_00000_arg_del
0C8E  EC33F000  	CALL delay_s_00000
0C92  0E01      	MOVLW 0x01
0C94  6E5A      	MOVWF FCD_0c851__00051_arg_FCL_IDX
0C96  ECB2F004  	CALL FCD_0c851__00051
0C9A  0E02      	MOVLW 0x02
0C9C  6E5A      	MOVWF FCD_0c851__00051_arg_FCL_IDX
0C9E  ECB2F004  	CALL FCD_0c851__00051
0CA2  0E01      	MOVLW 0x01
0CA4  6E5A      	MOVWF delay_s_00000_arg_del
0CA6  EC33F000  	CALL delay_s_00000
0CAA            label127
0CAA  0E14      	MOVLW 0x14
0CAC  6E5A      	MOVWF FCD_0c851__00053_arg_FCL_TIMEOUT
0CAE  EC8EF004  	CALL FCD_0c851__00053
0CB2  505D      	MOVF CompTempVarRet2660, W
0CB4  6E56      	MOVWF gbl_FCV_OCTET
0CB6  5056      	MOVF gbl_FCV_OCTET, W
0CB8  6E5A      	MOVWF FCD_0e1e1__00054_arg_FCL_VALUE
0CBA  EC6BF004  	CALL FCD_0e1e1__00054
0CBE  D7F5      	BRA	label127
0CC0            ; } FCM_INITIALISATION function end

	ORG 0x00000CC0
0CC0            main
0CC0            ; { main ; function begin
0CC0  0E0F      	MOVLW 0x0F
0CC2  6EC1      	MOVWF gbl_adcon1
0CC4  0E99      	MOVLW 0x99
0CC6  EF43F006  	GOTO	FCM_INITIA_0004F
0CCA            label128
0CCA  D7FF      	BRA	label128
0CCC            ; } main function end

	ORG 0x00000CCC
0CCC            _startup
0CCC  0ED5      	MOVLW 0xD5
0CCE  6E37      	MOVWF gbl_14_LSR
0CD0  0EC4      	MOVLW 0xC4
0CD2  6E38      	MOVWF gbl_14_LSR+D'1'
0CD4  0EBB      	MOVLW 0xBB
0CD6  6E39      	MOVWF gbl_14_LSR+D'2'
0CD8  0EDC      	MOVLW 0xDC
0CDA  6E3A      	MOVWF gbl_14_LSR+D'3'
0CDC  6A3B      	CLRF gbl_15_gbl_aSig
0CDE  6A3C      	CLRF gbl_15_gbl_aSig+D'1'
0CE0  6A3D      	CLRF gbl_15_gbl_aSig+D'2'
0CE2  6A3E      	CLRF gbl_15_gbl_aSig+D'3'
0CE4  6A3F      	CLRF gbl_15_gbl_bSig
0CE6  6A40      	CLRF gbl_15_gbl_bSig+D'1'
0CE8  6A41      	CLRF gbl_15_gbl_bSig+D'2'
0CEA  6A42      	CLRF gbl_15_gbl_bSig+D'3'
0CEC  6A43      	CLRF gbl_15_gbl_zSig
0CEE  6A44      	CLRF gbl_15_gbl_zSig+D'1'
0CF0  6A45      	CLRF gbl_15_gbl_zSig+D'2'
0CF2  6A46      	CLRF gbl_15_gbl_zSig+D'3'
0CF4  6A50      	CLRF gbl_15_gbl_aExp
0CF6  6A51      	CLRF gbl_15_gbl_bExp
0CF8  6A4B      	CLRF gbl_15_gbl_zExp
0CFA  6A4C      	CLRF gbl_15_gbl_zExp+D'1'
0CFC  6A52      	CLRF gbl_15_gbl_aSign
0CFE  6A53      	CLRF gbl_15_gbl_bSign
0D00  6A54      	CLRF gbl_15_gbl_zSign
0D02  6A55      	CLRF gbl_15_gbl_zSigZero
0D04  6A47      	CLRF gbl_15_gbl_ret
0D06  6A48      	CLRF gbl_15_gbl_ret+D'1'
0D08  6A49      	CLRF gbl_15_gbl_ret+D'2'
0D0A  6A4A      	CLRF gbl_15_gbl_ret+D'3'
0D0C  6A4E      	CLRF gbl_float_rounding_mode
0D0E  6A4F      	CLRF gbl_float_exception_flags
0D10  6A4D      	CLRF gbl_float_detect_tininess
0D12  6A57      	CLRF gbl_FCV_0c851_Bluetooth2__RX_IDX
0D14  6A58      	CLRF gbl_FCV_0c851_Bluetooth2___00001
0D16  6A59      	CLRF gbl_FCV_0c851_Bluetooth2___00002
0D18  EF60F006  	GOTO	main
	ORG 0x00000D1C
0D1C            interrupt
0D1C            ; { interrupt ; function begin
0D1C  CFEAF001  	MOVFF FSR0H,  Int1Context
0D20  CFE9F002  	MOVFF FSR0L,  Int1Context+D'1'
0D24  CFF4F003  	MOVFF PRODH,  Int1Context+D'2'
0D28  CFF3F004  	MOVFF PRODL,  Int1Context+D'3'
0D2C  0E20      	MOVLW 0x20
0D2E  149E      	ANDWF gbl_pir1, W
0D30  0100      	MOVLB 0x00
0D32  6FD5      	MOVWF CompTempVar2708, 1
0D34  0E20      	MOVLW 0x20
0D36  149D      	ANDWF gbl_pie1, W
0D38  6FD4      	MOVWF CompTempVar2707, 1
0D3A  6BD3      	CLRF interrupt_1_FCL_BT_IN, 1
0D3C  53D4      	MOVF CompTempVar2707, F, 1
0D3E  A4D8      	BTFSS STATUS,Z
0D40  53D5      	MOVF CompTempVar2708, F, 1
0D42  A4D8      	BTFSS STATUS,Z
0D44  2BD3      	INCF interrupt_1_FCL_BT_IN, F, 1
0D46  53D3      	MOVF interrupt_1_FCL_BT_IN, F, 1
0D48  E022      	BZ	label132
0D4A  0E01      	MOVLW 0x01
0D4C  6FD4      	MOVWF FC_CAL_UAR_00073_arg_nTimeout, 1
0D4E  EC46F000  	CALL FC_CAL_UAR_00073
0D52  51DD      	MOVF CompTempVarRet2665, W, 1
0D54  6FD3      	MOVWF interrupt_1_FCL_BT_IN, 1
0D56  5258      	MOVF gbl_FCV_0c851_Bluetooth2___00001, F
0D58  E119      	BNZ	label131
0D5A  0E32      	MOVLW 0x32
0D5C  6059      	CPFSLT gbl_FCV_0c851_Bluetooth2___00002
0D5E  D016      	BRA	label131
0D60  0E0A      	MOVLW 0x0A
0D62  63D3      	CPFSEQ interrupt_1_FCL_BT_IN, 1
0D64  D00A      	BRA	label130
0D66  0E01      	MOVLW 0x01
0D68  6E58      	MOVWF gbl_FCV_0c851_Bluetooth2___00001
0D6A  EE00F005  	LFSR 0x00, gbl_FCV_0c851_Bluetooth2___00000
0D6E  50E9      	MOVF FSR0L, W
0D70  5059      	MOVF gbl_FCV_0c851_Bluetooth2___00002, W
0D72  26E9      	ADDWF FSR0L, F
0D74  0E00      	MOVLW 0x00
0D76  6EEF      	MOVWF INDF0
0D78  D009      	BRA	label131
0D7A            label130
0D7A  EE00F005  	LFSR 0x00, gbl_FCV_0c851_Bluetooth2___00000
0D7E  50E9      	MOVF FSR0L, W
0D80  5059      	MOVF gbl_FCV_0c851_Bluetooth2___00002, W
0D82  26E9      	ADDWF FSR0L, F
0D84  51D3      	MOVF interrupt_1_FCL_BT_IN, W, 1
0D86  6EEF      	MOVWF INDF0
0D88  2859      	INCF gbl_FCV_0c851_Bluetooth2___00002, W
0D8A  6E59      	MOVWF gbl_FCV_0c851_Bluetooth2___00002
0D8C            label131
0D8C  9A9E      	BCF gbl_pir1,5
0D8E            label132
0D8E  C004FFF3  	MOVFF Int1Context+D'3',  PRODL
0D92  C003FFF4  	MOVFF Int1Context+D'2',  PRODH
0D96  C002FFE9  	MOVFF Int1Context+D'1',  FSR0L
0D9A  C001FFEA  	MOVFF Int1Context,  FSR0H
0D9E  0011      	RETFIE 1
0DA0            ; } interrupt function end

	ORG 0x00300000
300000  32FF      	DW 0x32FF
300002  FEF9      	DW 0xFEF9
300004  78FF      	DW 0x78FF
300006  FFBA      	DW 0xFFBA
300008  FFFF      	DW 0xFFFF
30000A  FFFF      	DW 0xFFFF
30000C  FFFF      	DW 0xFFFF
